00:00 +0: loading /tmp/tandemlog-food-implementation/integration_test/task_flow_test.dart
Building Linux application...                                   
warning: unused imports: `BlockRange` and `Block`
warning: unused import: `Block`
warning: unused import: `ItemContent`
warning: unused imports: `SmallVec` and `smallvec`
warning: unused import: `crate::utils::OptionExt`
warning: value assigned to `left` is never read
warning: unused variable: `ptr`
warning: unused variable: `ptr`
warning: variable does not need to be mutable
warning: variable does not need to be mutable
warning: unused variable: `clear_undo`
warning: unused variable: `clear_redo`
warning: method `as_item` is never used
warning: methods `last_id`, `is_item`, and `is_gc` are never used
warning: method `delete_as_cleanup` is never used
warning: method `integrate` is never used
warning: method `contains` is never used
warning: constant `WEAK_REF_FLAGS_QUOTE` is never used
warning: constant `WEAK_REF_FLAGS_START_ASSOC` is never used
warning: constant `WEAK_REF_FLAGS_END_ASSOC` is never used
warning: constant `WEAK_REF_FLAGS_START_UNBOUNDED` is never used
warning: constant `WEAK_REF_FLAGS_END_UNBOUNDED` is never used
warning: constant `WEAK_REF_FLAGS_PARENT_ROOT` is never used
warning: field `txn` is never read
warning: method `as_id_set` is never used
warning: associated functions `next_target` and `return_stack` are never used
warning: methods `forward`, `backward`, and `values` are never used
warning: struct `Values` is never constructed
warning: associated function `new` is never used
warning: method `remove_at` is never used
warning: method `inner_mut` is never used
warning: trait `BlockIterator` is never used
warning: trait `BlockSliceIterator` is never used
warning: struct `RangeIter` is never constructed
warning: associated items `new` and `begin` are never used
warning: enum `RangeIterState` is never used
warning: struct `Values` is never constructed
warning: associated function `new` is never used
warning: field `txn` is never read
warning: methods `adjacent`, `contains_id`, `right`, and `left` are never used
warning: methods `within_range` and `get_item` are never used
warning: hiding a lifetime that's elided elsewhere is confusing
warning: hiding a lifetime that's elided elsewhere is confusing
warning: hiding a lifetime that's elided elsewhere is confusing
warning: hiding a lifetime that's elided elsewhere is confusing
warning: hiding a lifetime that's elided elsewhere is confusing
warning: hiding a lifetime that's elided elsewhere is confusing
warning: hiding a lifetime that's elided elsewhere is confusing
warning: hiding a lifetime that's elided elsewhere is confusing
warning: hiding a lifetime that's elided elsewhere is confusing
warning: hiding a lifetime that's elided elsewhere is confusing
warning: hiding a lifetime that's elided elsewhere is confusing
warning: hiding a lifetime that's elided elsewhere is confusing
warning: hiding a lifetime that's elided elsewhere is confusing
warning: hiding a lifetime that's elided elsewhere is confusing
warning: hiding a lifetime that's elided elsewhere is confusing
warning: hiding a lifetime that's elided elsewhere is confusing
warning: hiding a lifetime that's elided elsewhere is confusing
warning: `yrs` (lib) generated 58 warnings (run `cargo fix --lib -p yrs` to apply 27 suggestions)
✓ Built build/linux/x64/debug/bundle/tandemlog
00:00 +0: sticky date groups retain drafts, selection and safe edge drops
TANDEMLOG_FIRST_FRAME_MS=400
TANDEMLOG_PHASE identity_lock=0
TANDEMLOG_PHASE sqlite_open_schema=11
TANDEMLOG_PHASE manifest=16
TANDEMLOG_PHASE ingest=149
TANDEMLOG_ROWS {"query_ms":0,"decode_ms":0,"sort_ms":0}
TANDEMLOG_READY_MS=1696 FILES_READ=1
00:26 +1: future start hints update idle, search and resumed local time
00:27 +1: sticky date groups retain drafts, selection and safe edge drops
TANDEMLOG_FIRST_FRAME_MS=25
TANDEMLOG_PHASE identity_lock=0
TANDEMLOG_PHASE sqlite_open_schema=11
TANDEMLOG_PHASE manifest=10
TANDEMLOG_PHASE ingest=31
TANDEMLOG_ROWS {"query_ms":0,"decode_ms":0,"sort_ms":0}
TANDEMLOG_READY_MS=411 FILES_READ=1
00:40 +2: legacy v3 provider replacement blocks retry until exact pending history recovery
00:43 +3: native provider replacement freezes draft and retries the exact canonical receipt
00:45 +4: historical v3 recurrence compatibility: checked completion, failed reopen and Undo
00:46 +4: sticky date groups retain drafts, selection and safe edge drops
TANDEMLOG_FIRST_FRAME_MS=17
TANDEMLOG_PHASE identity_lock=0
TANDEMLOG_PHASE sqlite_open_schema=11
TANDEMLOG_PHASE manifest=10
TANDEMLOG_PHASE ingest=22
TANDEMLOG_ROWS {"query_ms":0,"decode_ms":0,"sort_ms":0}
TANDEMLOG_READY_MS=440 FILES_READ=1
00:57 +5: checkbox focus light 1200.0 x1.0: offline native task
00:57 +5: sticky date groups retain drafts, selection and safe edge drops
TANDEMLOG_FIRST_FRAME_MS=15
TANDEMLOG_PHASE identity_lock=0
TANDEMLOG_PHASE sqlite_open_schema=30
TANDEMLOG_PHASE manifest=15
TANDEMLOG_PHASE ingest=23
TANDEMLOG_ROWS {"query_ms":0,"decode_ms":0,"sort_ms":0}
TANDEMLOG_READY_MS=431 FILES_READ=1
01:03 +6: checkbox focus dark 390.0 x1.0: offline native task
01:03 +6: sticky date groups retain drafts, selection and safe edge drops
TANDEMLOG_FIRST_FRAME_MS=15
TANDEMLOG_PHASE identity_lock=0
TANDEMLOG_PHASE sqlite_open_schema=11
TANDEMLOG_PHASE manifest=10
TANDEMLOG_PHASE ingest=21
TANDEMLOG_ROWS {"query_ms":0,"decode_ms":0,"sort_ms":0}
TANDEMLOG_READY_MS=412 FILES_READ=1
01:09 +7: checkbox focus dark 390.0 x2.0: historical v3 recurrence compatibility
01:10 +7: sticky date groups retain drafts, selection and safe edge drops
TANDEMLOG_FIRST_FRAME_MS=14
TANDEMLOG_PHASE identity_lock=0
TANDEMLOG_PHASE sqlite_open_schema=12
TANDEMLOG_PHASE manifest=10
TANDEMLOG_PHASE ingest=21
TANDEMLOG_ROWS {"query_ms":0,"decode_ms":0,"sort_ms":0}
TANDEMLOG_READY_MS=429 FILES_READ=1
01:17 +8: completion consent progress and admission: cancel
01:18 +8: sticky date groups retain drafts, selection and safe edge drops
TANDEMLOG_FIRST_FRAME_MS=14
TANDEMLOG_PHASE identity_lock=0
TANDEMLOG_PHASE sqlite_open_schema=12
TANDEMLOG_PHASE manifest=10
TANDEMLOG_PHASE ingest=43
TANDEMLOG_ROWS {"query_ms":0,"decode_ms":0,"sort_ms":0}
TANDEMLOG_READY_MS=401 FILES_READ=1
01:22 +9: completion consent progress and admission: barrier
01:23 +9: sticky date groups retain drafts, selection and safe edge drops
TANDEMLOG_FIRST_FRAME_MS=12
TANDEMLOG_PHASE identity_lock=0
TANDEMLOG_PHASE sqlite_open_schema=11
TANDEMLOG_PHASE manifest=10
TANDEMLOG_PHASE ingest=42
TANDEMLOG_ROWS {"query_ms":0,"decode_ms":0,"sort_ms":0}
TANDEMLOG_READY_MS=398 FILES_READ=2
01:27 +10: completion consent progress and admission: escape
01:28 +10: sticky date groups retain drafts, selection and safe edge drops
TANDEMLOG_FIRST_FRAME_MS=17
TANDEMLOG_PHASE identity_lock=0
TANDEMLOG_PHASE sqlite_open_schema=11
TANDEMLOG_PHASE manifest=10
TANDEMLOG_PHASE ingest=39
TANDEMLOG_ROWS {"query_ms":0,"decode_ms":0,"sort_ms":0}
TANDEMLOG_READY_MS=399 FILES_READ=1
01:31 +11: completion consent progress and admission: confirm
01:33 +11: sticky date groups retain drafts, selection and safe edge drops
TANDEMLOG_FIRST_FRAME_MS=16
TANDEMLOG_PHASE identity_lock=0
TANDEMLOG_PHASE sqlite_open_schema=12
TANDEMLOG_PHASE manifest=10
TANDEMLOG_PHASE ingest=40
TANDEMLOG_ROWS {"query_ms":0,"decode_ms":0,"sort_ms":0}
TANDEMLOG_READY_MS=393 FILES_READ=1
01:37 +12: completion consent progress and admission: failure
01:38 +12: sticky date groups retain drafts, selection and safe edge drops
TANDEMLOG_FIRST_FRAME_MS=13
TANDEMLOG_PHASE identity_lock=0
TANDEMLOG_PHASE sqlite_open_schema=11
TANDEMLOG_PHASE manifest=10
TANDEMLOG_PHASE ingest=37
TANDEMLOG_ROWS {"query_ms":0,"decode_ms":0,"sort_ms":0}
TANDEMLOG_READY_MS=397 FILES_READ=1
01:42 +13: combined header and stationary selection 390.0 x1.0
01:49 +13: sticky date groups retain drafts, selection and safe edge drops
TANDEMLOG_FIRST_FRAME_MS=14
TANDEMLOG_PHASE identity_lock=0
TANDEMLOG_PHASE sqlite_open_schema=26
TANDEMLOG_PHASE manifest=10
TANDEMLOG_PHASE ingest=141
TANDEMLOG_ROWS {"query_ms":0,"decode_ms":0,"sort_ms":0}
TANDEMLOG_READY_MS=710 FILES_READ=1
01:53 +13: combined header and stationary selection 390.0 x1.0
HEADER_SELECTION_SEEK {"width":390.0,"text_scale":1.0,"steps":5,"viewport_height":578.0,"offset":1498.0,"max_extent":2956.0444444444447,"row_height":48.0}
02:02 +14: combined header and stationary selection 320.0 x2.0
02:09 +14: sticky date groups retain drafts, selection and safe edge drops
TANDEMLOG_FIRST_FRAME_MS=14
TANDEMLOG_PHASE identity_lock=0
TANDEMLOG_PHASE sqlite_open_schema=12
TANDEMLOG_PHASE manifest=10
TANDEMLOG_PHASE ingest=117
TANDEMLOG_ROWS {"query_ms":0,"decode_ms":0,"sort_ms":0}
TANDEMLOG_READY_MS=610 FILES_READ=1
02:16 +14: combined header and stationary selection 320.0 x2.0
HEADER_SELECTION_SEEK {"width":320.0,"text_scale":2.0,"steps":21,"viewport_height":474.0,"offset":5231.0,"max_extent":10647.538461538461,"row_height":150.0}
02:26 +15: native historical checklist recompletion and Undo keep child text
02:27 +15: sticky date groups retain drafts, selection and safe edge drops
TANDEMLOG_FIRST_FRAME_MS=16
TANDEMLOG_PHASE identity_lock=0
TANDEMLOG_PHASE sqlite_open_schema=30
TANDEMLOG_PHASE manifest=10
TANDEMLOG_PHASE ingest=39
TANDEMLOG_ROWS {"query_ms":0,"decode_ms":0,"sort_ms":0}
TANDEMLOG_READY_MS=430 FILES_READ=1
02:48 +16: native stale bulk failure stays visible desktop-dark
02:49 +16: sticky date groups retain drafts, selection and safe edge drops
TANDEMLOG_FIRST_FRAME_MS=12
TANDEMLOG_PHASE identity_lock=0
TANDEMLOG_PHASE sqlite_open_schema=14
TANDEMLOG_PHASE manifest=10
TANDEMLOG_PHASE ingest=21
TANDEMLOG_ROWS {"query_ms":0,"decode_ms":0,"sort_ms":0}
TANDEMLOG_READY_MS=414 FILES_READ=1
02:53 +17: native stale bulk failure stays visible narrow-dark
02:54 +17: sticky date groups retain drafts, selection and safe edge drops
TANDEMLOG_FIRST_FRAME_MS=14
TANDEMLOG_PHASE identity_lock=0
TANDEMLOG_PHASE sqlite_open_schema=11
TANDEMLOG_PHASE manifest=10
TANDEMLOG_PHASE ingest=25
TANDEMLOG_ROWS {"query_ms":0,"decode_ms":0,"sort_ms":0}
TANDEMLOG_READY_MS=421 FILES_READ=1
02:58 +18: native stale bulk failure stays visible narrow-light-200-ime
02:59 +18: sticky date groups retain drafts, selection and safe edge drops
TANDEMLOG_FIRST_FRAME_MS=22
TANDEMLOG_PHASE identity_lock=0
TANDEMLOG_PHASE sqlite_open_schema=17
TANDEMLOG_PHASE manifest=11
TANDEMLOG_PHASE ingest=24
TANDEMLOG_ROWS {"query_ms":0,"decode_ms":0,"sort_ms":0}
TANDEMLOG_READY_MS=445 FILES_READ=1
03:04 +19: native stale bulk failure stays visible small-dark-200-ime
03:04 +19: sticky date groups retain drafts, selection and safe edge drops
TANDEMLOG_FIRST_FRAME_MS=11
TANDEMLOG_PHASE identity_lock=0
TANDEMLOG_PHASE sqlite_open_schema=11
TANDEMLOG_PHASE manifest=10
TANDEMLOG_PHASE ingest=22
TANDEMLOG_ROWS {"query_ms":0,"decode_ms":0,"sort_ms":0}
TANDEMLOG_READY_MS=408 FILES_READ=1
03:08 +20: Search keeps Undo and text alignment 1200.0 x1.0
03:09 +20: sticky date groups retain drafts, selection and safe edge drops
TANDEMLOG_FIRST_FRAME_MS=15
TANDEMLOG_PHASE identity_lock=0
TANDEMLOG_PHASE sqlite_open_schema=11
TANDEMLOG_PHASE manifest=10
TANDEMLOG_PHASE ingest=24
TANDEMLOG_ROWS {"query_ms":0,"decode_ms":0,"sort_ms":0}
TANDEMLOG_READY_MS=426 FILES_READ=1
03:11 +21: Search keeps Undo and text alignment 1200.0 x2.0
03:11 +21: sticky date groups retain drafts, selection and safe edge drops
TANDEMLOG_FIRST_FRAME_MS=9
TANDEMLOG_PHASE identity_lock=0
TANDEMLOG_PHASE sqlite_open_schema=24
TANDEMLOG_PHASE manifest=10
TANDEMLOG_PHASE ingest=24
TANDEMLOG_ROWS {"query_ms":0,"decode_ms":0,"sort_ms":0}
TANDEMLOG_READY_MS=407 FILES_READ=1
03:13 +22: Search keeps Undo and text alignment 390.0 x1.0
03:13 +22: sticky date groups retain drafts, selection and safe edge drops
TANDEMLOG_FIRST_FRAME_MS=11
TANDEMLOG_PHASE identity_lock=0
TANDEMLOG_PHASE sqlite_open_schema=11
TANDEMLOG_PHASE manifest=21
TANDEMLOG_PHASE ingest=30
TANDEMLOG_ROWS {"query_ms":0,"decode_ms":0,"sort_ms":0}
TANDEMLOG_READY_MS=419 FILES_READ=1
03:15 +23: Search keeps Undo and text alignment 320.0 x2.0
03:16 +23: sticky date groups retain drafts, selection and safe edge drops
TANDEMLOG_FIRST_FRAME_MS=14
TANDEMLOG_PHASE identity_lock=0
TANDEMLOG_PHASE sqlite_open_schema=11
TANDEMLOG_PHASE manifest=10
TANDEMLOG_PHASE ingest=25
TANDEMLOG_ROWS {"query_ms":0,"decode_ms":0,"sort_ms":0}
TANDEMLOG_READY_MS=428 FILES_READ=1
03:18 +24: second instance does not read or write preferences and Retry acquires released lease
03:18 +24: sticky date groups retain drafts, selection and safe edge drops
TANDEMLOG_FIRST_FRAME_MS=13
TANDEMLOG_ONBOARDING_READY_MS=301 FILES_READ=0
03:18 +25: interrupted startup releases installation lease after pending work
03:19 +25: sticky date groups retain drafts, selection and safe edge drops
TANDEMLOG_FIRST_FRAME_MS=11
03:19 +26: Inbox capture cancel edit Undo and history remain coherent
03:19 +26: sticky date groups retain drafts, selection and safe edge drops
TANDEMLOG_FIRST_FRAME_MS=11
TANDEMLOG_PHASE identity_lock=0
TANDEMLOG_PHASE sqlite_open_schema=13
TANDEMLOG_PHASE manifest=10
TANDEMLOG_PHASE ingest=22
TANDEMLOG_ROWS {"query_ms":0,"decode_ms":0,"sort_ms":0}
TANDEMLOG_READY_MS=410 FILES_READ=1
03:26 +27: creation-only prefix keeps immutable capture through background reconciliation
03:27 +27: sticky date groups retain drafts, selection and safe edge drops
TANDEMLOG_FIRST_FRAME_MS=14
TANDEMLOG_PHASE identity_lock=0
TANDEMLOG_PHASE sqlite_open_schema=11
TANDEMLOG_PHASE manifest=11
TANDEMLOG_PHASE ingest=22
TANDEMLOG_ROWS {"query_ms":0,"decode_ms":0,"sort_ms":0}
TANDEMLOG_READY_MS=401 FILES_READ=1
03:29 +28: integrity action requires an open store
03:29 +28: sticky date groups retain drafts, selection and safe edge drops
TANDEMLOG_FIRST_FRAME_MS=11
TANDEMLOG_ONBOARDING_READY_MS=150 FILES_READ=0
03:30 +29: manual integrity preserves drafts Search selection and Undo, imports valid growth, and copies diagnostics
03:30 +29: sticky date groups retain drafts, selection and safe edge drops
TANDEMLOG_FIRST_FRAME_MS=13
TANDEMLOG_PHASE identity_lock=0
TANDEMLOG_PHASE sqlite_open_schema=13
TANDEMLOG_PHASE manifest=10
TANDEMLOG_PHASE ingest=20
TANDEMLOG_ROWS {"query_ms":0,"decode_ms":0,"sort_ms":0}
TANDEMLOG_READY_MS=407 FILES_READ=1
03:41 +30: same-day precision sorts, constrains dragging and retains historical title
03:41 +30: sticky date groups retain drafts, selection and safe edge drops
TANDEMLOG_FIRST_FRAME_MS=14
TANDEMLOG_PHASE identity_lock=0
TANDEMLOG_PHASE sqlite_open_schema=11
TANDEMLOG_PHASE manifest=10
TANDEMLOG_PHASE ingest=30
TANDEMLOG_ROWS {"query_ms":0,"decode_ms":0,"sort_ms":0}
TANDEMLOG_READY_MS=421 FILES_READ=1
03:44 +31: Settings copies the running release name without changing tasks
03:44 +31: sticky date groups retain drafts, selection and safe edge drops
TANDEMLOG_FIRST_FRAME_MS=12
TANDEMLOG_PHASE identity_lock=0
TANDEMLOG_PHASE sqlite_open_schema=11
TANDEMLOG_PHASE manifest=10
TANDEMLOG_PHASE ingest=22
TANDEMLOG_ROWS {"query_ms":0,"decode_ms":0,"sort_ms":0}
TANDEMLOG_READY_MS=412 FILES_READ=1
03:55 +32: optional time rows preserve precision, zone and drafts
03:56 +32: sticky date groups retain drafts, selection and safe edge drops
TANDEMLOG_FIRST_FRAME_MS=13
TANDEMLOG_PHASE identity_lock=0
TANDEMLOG_PHASE sqlite_open_schema=11
TANDEMLOG_PHASE manifest=10
TANDEMLOG_PHASE ingest=20
TANDEMLOG_ROWS {"query_ms":0,"decode_ms":0,"sort_ms":0}
TANDEMLOG_READY_MS=401 FILES_READ=1
04:11 +33: offline new text, remote draft Save, Undo and explicit legacy setup
04:12 +33: sticky date groups retain drafts, selection and safe edge drops
TANDEMLOG_FIRST_FRAME_MS=11
TANDEMLOG_PHASE identity_lock=0
TANDEMLOG_PHASE sqlite_open_schema=12
TANDEMLOG_PHASE manifest=11
TANDEMLOG_PHASE ingest=19
TANDEMLOG_ROWS {"query_ms":0,"decode_ms":0,"sort_ms":0}
TANDEMLOG_READY_MS=401 FILES_READ=1
TANDEMLOG_FIRST_FRAME_MS=12
TANDEMLOG_PHASE identity_lock=0
TANDEMLOG_PHASE sqlite_open_schema=21
TANDEMLOG_PHASE manifest=12
TANDEMLOG_PHASE ingest=13
TANDEMLOG_ROWS {"query_ms":0,"decode_ms":0,"sort_ms":0}
TANDEMLOG_READY_MS=180 FILES_READ=0
04:20 +34: historical successor recompletion completes parent and keeps independent child
04:20 +34: sticky date groups retain drafts, selection and safe edge drops
TANDEMLOG_FIRST_FRAME_MS=14
TANDEMLOG_PHASE identity_lock=0
TANDEMLOG_PHASE sqlite_open_schema=11
TANDEMLOG_PHASE manifest=9
TANDEMLOG_PHASE ingest=27
TANDEMLOG_ROWS {"query_ms":0,"decode_ms":0,"sort_ms":0}
TANDEMLOG_READY_MS=407 FILES_READ=1
04:22 +35: native recurring completion creates one editable inherited successor with receipt Undo
04:22 +35: sticky date groups retain drafts, selection and safe edge drops
TANDEMLOG_FIRST_FRAME_MS=10
TANDEMLOG_PHASE identity_lock=0
TANDEMLOG_PHASE sqlite_open_schema=12
TANDEMLOG_PHASE manifest=21
TANDEMLOG_PHASE ingest=20
TANDEMLOG_ROWS {"query_ms":0,"decode_ms":0,"sort_ms":0}
TANDEMLOG_READY_MS=402 FILES_READ=1
04:25 +36: native checklist desktop dark repeated editors and refreshed completion warning
04:26 +36: sticky date groups retain drafts, selection and safe edge drops
TANDEMLOG_FIRST_FRAME_MS=11
TANDEMLOG_PHASE identity_lock=0
TANDEMLOG_PHASE sqlite_open_schema=23
TANDEMLOG_PHASE manifest=10
TANDEMLOG_PHASE ingest=30
TANDEMLOG_ROWS {"query_ms":0,"decode_ms":0,"sort_ms":0}
TANDEMLOG_READY_MS=404 FILES_READ=1
04:49 +37: native checklist narrow enlarged light repeated editors and refreshed completion warning
04:49 +37: sticky date groups retain drafts, selection and safe edge drops
TANDEMLOG_FIRST_FRAME_MS=12
TANDEMLOG_PHASE identity_lock=0
TANDEMLOG_PHASE sqlite_open_schema=25
TANDEMLOG_PHASE manifest=11
TANDEMLOG_PHASE ingest=32
TANDEMLOG_ROWS {"query_ms":0,"decode_ms":0,"sort_ms":0}
TANDEMLOG_READY_MS=403 FILES_READ=1
05:16 +38: checklist toggle acts directly on shown parents and follows live state
05:16 +38: sticky date groups retain drafts, selection and safe edge drops
TANDEMLOG_FIRST_FRAME_MS=18
TANDEMLOG_PHASE identity_lock=0
TANDEMLOG_PHASE sqlite_open_schema=11
TANDEMLOG_PHASE manifest=10
TANDEMLOG_PHASE ingest=29
TANDEMLOG_ROWS {"query_ms":0,"decode_ms":0,"sort_ms":0}
TANDEMLOG_READY_MS=400 FILES_READ=1
05:26 +39: task row inset follows available width including desktop resize
05:27 +39: sticky date groups retain drafts, selection and safe edge drops
TANDEMLOG_FIRST_FRAME_MS=14
TANDEMLOG_PHASE identity_lock=0
TANDEMLOG_PHASE sqlite_open_schema=11
TANDEMLOG_PHASE manifest=10
TANDEMLOG_PHASE ingest=31
TANDEMLOG_ROWS {"query_ms":0,"decode_ms":0,"sort_ms":0}
TANDEMLOG_READY_MS=406 FILES_READ=1
05:29 +39: task row inset follows available width including desktop resize
CHECKLIST_DISCLOSURE_GEOMETRY width=599.0 scale=1.0 secondary=true body=Rect.fromLTRB(52.0, 238.0, 499.0, 314.0) target=Rect.fromLTRB(52.0, 314.0, 100.0, 342.0) count=Rect.fromLTRB(65.0, 316.0, 86.5, 336.0) textBottom=314.0
CHECKLIST_DISCLOSURE_GEOMETRY width=599.0 scale=1.0 secondary=false body=Rect.fromLTRB(52.0, 487.0, 499.0, 541.0) target=Rect.fromLTRB(52.0, 541.0, 100.0, 569.0) count=Rect.fromLTRB(65.0, 543.0, 86.5, 563.0) textBottom=541.0
CHECKLIST_DISCLOSURE_GEOMETRY width=1200.0 scale=1.0 secondary=true body=Rect.fromLTRB(68.0, 238.0, 774.0, 286.0) target=Rect.fromLTRB(68.0, 286.0, 116.0, 314.0) count=Rect.fromLTRB(81.0, 288.0, 102.5, 308.0) textBottom=286.0
CHECKLIST_DISCLOSURE_GEOMETRY width=1200.0 scale=1.0 secondary=false body=Rect.fromLTRB(68.0, 459.0, 714.2, 507.0) target=Rect.fromLTRB(68.0, 507.0, 116.0, 535.0) count=Rect.fromLTRB(81.0, 509.0, 102.5, 529.0) textBottom=507.0
CHECKLIST_DISCLOSURE_GEOMETRY width=600.0 scale=1.0 secondary=true body=Rect.fromLTRB(68.0, 238.0, 484.0, 314.0) target=Rect.fromLTRB(68.0, 314.0, 116.0, 342.0) count=Rect.fromLTRB(81.0, 316.0, 102.5, 336.0) textBottom=314.0
CHECKLIST_DISCLOSURE_GEOMETRY width=600.0 scale=1.0 secondary=false body=Rect.fromLTRB(68.0, 487.0, 484.0, 541.0) target=Rect.fromLTRB(68.0, 541.0, 116.0, 569.0) count=Rect.fromLTRB(81.0, 543.0, 102.5, 563.0) textBottom=541.0
CHECKLIST_DISCLOSURE_GEOMETRY width=390.0 scale=1.0 secondary=true body=Rect.fromLTRB(52.0, 238.0, 290.0, 338.0) target=Rect.fromLTRB(52.0, 338.0, 100.0, 366.0) count=Rect.fromLTRB(65.0, 340.0, 86.5, 360.0) textBottom=338.0
CHECKLIST_DISCLOSURE_GEOMETRY width=390.0 scale=1.0 secondary=false body=Rect.fromLTRB(52.0, 531.0, 290.0, 609.0) target=Rect.fromLTRB(52.0, 609.0, 100.0, 637.0) count=Rect.fromLTRB(65.0, 611.0, 86.5, 631.0) textBottom=609.0
CHECKLIST_DISCLOSURE_GEOMETRY width=360.0 scale=2.0 secondary=true body=Rect.fromLTRB(52.0, 238.0, 260.0, 718.0) target=Rect.fromLTRB(52.0, 718.0, 107.7, 766.0) count=Rect.fromLTRB(65.0, 720.0, 107.7, 760.0) textBottom=718.0
CHECKLIST_DISCLOSURE_GEOMETRY width=360.0 scale=2.0 secondary=false body=Rect.fromLTRB(52.0, 505.0, 260.0, 943.0) target=Rect.fromLTRB(52.0, 943.0, 107.7, 991.0) count=Rect.fromLTRB(65.0, 945.0, 107.7, 985.0) textBottom=943.0
CHECKLIST_DISCLOSURE_GEOMETRY width=390.0 scale=2.0 secondary=true body=Rect.fromLTRB(52.0, 238.0, 290.0, 622.0) target=Rect.fromLTRB(52.0, 622.0, 107.7, 670.0) count=Rect.fromLTRB(65.0, 624.0, 107.7, 664.0) textBottom=622.0
CHECKLIST_DISCLOSURE_GEOMETRY width=390.0 scale=2.0 secondary=false body=Rect.fromLTRB(52.0, 601.0, 290.0, 943.0) target=Rect.fromLTRB(52.0, 943.0, 107.7, 991.0) count=Rect.fromLTRB(65.0, 945.0, 107.7, 985.0) textBottom=943.0
CHECKLIST_DISCLOSURE_GEOMETRY width=620.0 scale=1.0 secondary=true body=Rect.fromLTRB(64.0, 238.0, 500.0, 314.0) target=Rect.fromLTRB(64.0, 314.0, 112.0, 342.0) count=Rect.fromLTRB(77.0, 316.0, 98.5, 336.0) textBottom=314.0
CHECKLIST_DISCLOSURE_GEOMETRY width=620.0 scale=1.0 secondary=false body=Rect.fromLTRB(64.0, 487.0, 500.0, 541.0) target=Rect.fromLTRB(64.0, 541.0, 112.0, 569.0) count=Rect.fromLTRB(77.0, 543.0, 98.5, 563.0) textBottom=541.0
CHECKLIST_DISCLOSURE_GEOMETRY width=390.0 scale=1.0 secondary=true body=Rect.fromLTRB(64.0, 238.0, 270.0, 362.0) target=Rect.fromLTRB(64.0, 362.0, 112.0, 390.0) count=Rect.fromLTRB(77.0, 364.0, 98.5, 384.0) textBottom=362.0
CHECKLIST_DISCLOSURE_GEOMETRY width=390.0 scale=1.0 secondary=false body=Rect.fromLTRB(64.0, 575.0, 270.0, 677.0) target=Rect.fromLTRB(64.0, 677.0, 112.0, 705.0) count=Rect.fromLTRB(77.0, 679.0, 98.5, 699.0) textBottom=677.0
05:36 +40: task menu follows live item counts for mouse and keyboard
05:36 +40: sticky date groups retain drafts, selection and safe edge drops
TANDEMLOG_FIRST_FRAME_MS=13
TANDEMLOG_PHASE identity_lock=0
TANDEMLOG_PHASE sqlite_open_schema=7
TANDEMLOG_PHASE manifest=11
TANDEMLOG_PHASE ingest=22
TANDEMLOG_ROWS {"query_ms":0,"decode_ms":0,"sort_ms":0}
TANDEMLOG_READY_MS=390 FILES_READ=1
05:53 +41: task menu refresh failure, keyboard, right click, selected-row Delete and Undo
05:53 +41: sticky date groups retain drafts, selection and safe edge drops
TANDEMLOG_FIRST_FRAME_MS=12
TANDEMLOG_PHASE identity_lock=0
TANDEMLOG_PHASE sqlite_open_schema=12
TANDEMLOG_PHASE manifest=10
TANDEMLOG_PHASE ingest=19
TANDEMLOG_ROWS {"query_ms":0,"decode_ms":0,"sort_ms":0}
TANDEMLOG_READY_MS=389 FILES_READ=2
06:04 +42: inline checklist desktop menu and item ownership
06:04 +42: sticky date groups retain drafts, selection and safe edge drops
TANDEMLOG_FIRST_FRAME_MS=14
TANDEMLOG_PHASE identity_lock=0
TANDEMLOG_PHASE sqlite_open_schema=24
TANDEMLOG_PHASE manifest=10
TANDEMLOG_PHASE ingest=28
TANDEMLOG_ROWS {"query_ms":0,"decode_ms":0,"sort_ms":0}
TANDEMLOG_READY_MS=395 FILES_READ=1
06:06 +42: inline checklist desktop menu and item ownership
CHECKLIST_TRAILING_GEOMETRY narrow=false menu=Rect.fromLTRB(1088.0, 252.0, 1136.0, 300.0) parent=Rect.fromLTRB(1136.0, 252.0, 1184.0, 300.0) child=Rect.fromLTRB(1136.0, 314.0, 1184.0, 362.0) delete=Rect.fromLTRB(1088.0, 314.0, 1136.0, 362.0)
06:06 +42: sticky date groups retain drafts, selection and safe edge drops
TANDEMLOG_FIRST_FRAME_MS=10
TANDEMLOG_PHASE identity_lock=0
TANDEMLOG_PHASE sqlite_open_schema=14
TANDEMLOG_PHASE manifest=9
TANDEMLOG_PHASE ingest=10
TANDEMLOG_ROWS {"query_ms":0,"decode_ms":0,"sort_ms":0}
TANDEMLOG_READY_MS=187 FILES_READ=0
06:15 +43: inline checklist phone enlarged menu and item ownership
06:16 +43: sticky date groups retain drafts, selection and safe edge drops
TANDEMLOG_FIRST_FRAME_MS=12
TANDEMLOG_PHASE identity_lock=0
TANDEMLOG_PHASE sqlite_open_schema=11
TANDEMLOG_PHASE manifest=10
TANDEMLOG_PHASE ingest=26
TANDEMLOG_ROWS {"query_ms":0,"decode_ms":0,"sort_ms":0}
TANDEMLOG_READY_MS=397 FILES_READ=1
06:17 +43: inline checklist phone enlarged menu and item ownership
CHECKLIST_TRAILING_GEOMETRY narrow=true menu=Rect.fromLTRB(294.0, 333.0, 342.0, 381.0) parent=Rect.fromLTRB(342.0, 333.0, 390.0, 381.0) child=Rect.fromLTRB(342.0, 408.0, 390.0, 456.0) delete=Rect.fromLTRB(294.0, 408.0, 342.0, 456.0)
06:17 +43: sticky date groups retain drafts, selection and safe edge drops
TANDEMLOG_FIRST_FRAME_MS=12
TANDEMLOG_PHASE identity_lock=0
TANDEMLOG_PHASE sqlite_open_schema=11
TANDEMLOG_PHASE manifest=10
TANDEMLOG_PHASE ingest=10
TANDEMLOG_ROWS {"query_ms":0,"decode_ms":0,"sort_ms":0}
TANDEMLOG_READY_MS=173 FILES_READ=0
06:27 +44: disclosure bottom spacing and ink retain compact row geometry
06:29 +44: sticky date groups retain drafts, selection and safe edge drops
TANDEMLOG_FIRST_FRAME_MS=14
TANDEMLOG_PHASE identity_lock=0
TANDEMLOG_PHASE sqlite_open_schema=11
TANDEMLOG_PHASE manifest=10
TANDEMLOG_PHASE ingest=54
TANDEMLOG_ROWS {"query_ms":0,"decode_ms":0,"sort_ms":0}
TANDEMLOG_READY_MS=535 FILES_READ=1
06:30 +44: disclosure bottom spacing and ink retain compact row geometry
DISCLOSURE_LAYOUT width=1200.0 scale=1.0 secondary=true ordinaryBottom=6.0 disclosureBottom=6.0 body=Rect.fromLTRB(68.0, 355.0, 333.6, 405.0) target=Rect.fromLTRB(68.0, 405.0, 116.0, 433.0) count=Rect.fromLTRB(81.0, 407.0, 102.5, 427.0) shape=ChecklistDisclosureInkBorder()
DISCLOSURE_LAYOUT width=1200.0 scale=1.0 secondary=false ordinaryBottom=6.0 disclosureBottom=6.0 body=Rect.fromLTRB(68.0, 238.0, 273.8, 286.0) target=Rect.fromLTRB(68.0, 286.0, 116.0, 314.0) count=Rect.fromLTRB(81.0, 288.0, 102.5, 308.0) shape=ChecklistDisclosureInkBorder()
DISCLOSURE_LAYOUT width=1200.0 scale=2.0 secondary=true ordinaryBottom=6.0 disclosureBottom=6.0 body=Rect.fromLTRB(68.0, 477.0, 574.8, 571.0) target=Rect.fromLTRB(68.0, 571.0, 123.7, 619.0) count=Rect.fromLTRB(81.0, 573.0, 123.7, 613.0) shape=ChecklistDisclosureInkBorder()
DISCLOSURE_LAYOUT width=1200.0 scale=2.0 secondary=false ordinaryBottom=6.0 disclosureBottom=6.0 body=Rect.fromLTRB(68.0, 314.0, 468.7, 368.0) target=Rect.fromLTRB(68.0, 368.0, 123.7, 416.0) count=Rect.fromLTRB(81.0, 370.0, 123.7, 410.0) shape=ChecklistDisclosureInkBorder()
DISCLOSURE_LAYOUT width=390.0 scale=1.0 secondary=true ordinaryBottom=6.0 disclosureBottom=6.0 body=Rect.fromLTRB(52.0, 355.0, 257.8, 427.0) target=Rect.fromLTRB(52.0, 427.0, 100.0, 455.0) count=Rect.fromLTRB(65.0, 429.0, 86.5, 449.0) shape=ChecklistDisclosureInkBorder()
DISCLOSURE_LAYOUT width=390.0 scale=1.0 secondary=false ordinaryBottom=6.0 disclosureBottom=6.0 body=Rect.fromLTRB(52.0, 238.0, 257.8, 286.0) target=Rect.fromLTRB(52.0, 286.0, 100.0, 314.0) count=Rect.fromLTRB(65.0, 288.0, 86.5, 308.0) shape=ChecklistDisclosureInkBorder()
DISCLOSURE_LAYOUT width=390.0 scale=2.0 secondary=true ordinaryBottom=6.0 disclosureBottom=6.0 body=Rect.fromLTRB(52.0, 419.0, 290.0, 603.0) target=Rect.fromLTRB(52.0, 603.0, 107.7, 651.0) count=Rect.fromLTRB(65.0, 605.0, 107.7, 645.0) shape=ChecklistDisclosureInkBorder()
DISCLOSURE_LAYOUT width=390.0 scale=2.0 secondary=false ordinaryBottom=6.0 disclosureBottom=6.0 body=Rect.fromLTRB(52.0, 306.0, 290.0, 408.0) target=Rect.fromLTRB(52.0, 408.0, 107.7, 456.0) count=Rect.fromLTRB(65.0, 410.0, 107.7, 450.0) shape=ChecklistDisclosureInkBorder()
06:44 +45: workspace switch rejects old checklist and menu callbacks with colliding IDs
06:46 +45: sticky date groups retain drafts, selection and safe edge drops
TANDEMLOG_FIRST_FRAME_MS=14
TANDEMLOG_PHASE identity_lock=0
TANDEMLOG_PHASE sqlite_open_schema=11
TANDEMLOG_PHASE manifest=10
TANDEMLOG_PHASE ingest=26
TANDEMLOG_ROWS {"query_ms":0,"decode_ms":0,"sort_ms":0}
TANDEMLOG_READY_MS=430 FILES_READ=1
06:48 +45: workspace switch rejects old checklist and menu callbacks with colliding IDs
TANDEMLOG_PHASE identity_lock=0
TANDEMLOG_PHASE sqlite_open_schema=12
TANDEMLOG_PHASE manifest=48
TANDEMLOG_PHASE ingest=48
TANDEMLOG_ROWS {"query_ms":0,"decode_ms":0,"sort_ms":0}
TANDEMLOG_PHASE identity_lock=0
TANDEMLOG_PHASE sqlite_open_schema=29
TANDEMLOG_PHASE manifest=10
TANDEMLOG_PHASE ingest=26
TANDEMLOG_ROWS {"query_ms":0,"decode_ms":0,"sort_ms":0}
06:53 +46: application disposal during item Save confirmed preserves durable intent
06:54 +46: sticky date groups retain drafts, selection and safe edge drops
TANDEMLOG_FIRST_FRAME_MS=12
TANDEMLOG_PHASE identity_lock=0
TANDEMLOG_PHASE sqlite_open_schema=11
TANDEMLOG_PHASE manifest=9
TANDEMLOG_PHASE ingest=21
TANDEMLOG_ROWS {"query_ms":0,"decode_ms":0,"sort_ms":0}
TANDEMLOG_READY_MS=400 FILES_READ=2
TANDEMLOG_FIRST_FRAME_MS=17
TANDEMLOG_PHASE identity_lock=0
TANDEMLOG_PHASE sqlite_open_schema=13
TANDEMLOG_PHASE manifest=14
TANDEMLOG_PHASE ingest=27
TANDEMLOG_ROWS {"query_ms":0,"decode_ms":0,"sort_ms":0}
TANDEMLOG_READY_MS=295 FILES_READ=2
06:57 +47: application disposal during item Save unknown preserves durable intent
06:57 +47: sticky date groups retain drafts, selection and safe edge drops
TANDEMLOG_FIRST_FRAME_MS=18
TANDEMLOG_PHASE identity_lock=0
TANDEMLOG_PHASE sqlite_open_schema=11
TANDEMLOG_PHASE manifest=9
TANDEMLOG_PHASE ingest=21
TANDEMLOG_ROWS {"query_ms":0,"decode_ms":0,"sort_ms":0}
TANDEMLOG_READY_MS=421 FILES_READ=2
TANDEMLOG_FIRST_FRAME_MS=11
TANDEMLOG_PHASE identity_lock=0
TANDEMLOG_PHASE sqlite_open_schema=18
TANDEMLOG_PHASE manifest=11
TANDEMLOG_PHASE ingest=32
TANDEMLOG_ROWS {"query_ms":0,"decode_ms":0,"sort_ms":0}
TANDEMLOG_READY_MS=175 FILES_READ=2
07:01 +48: application disposal finishes item route ownership teardown
07:01 +48: sticky date groups retain drafts, selection and safe edge drops
TANDEMLOG_FIRST_FRAME_MS=31
TANDEMLOG_PHASE identity_lock=0
TANDEMLOG_PHASE sqlite_open_schema=11
TANDEMLOG_PHASE manifest=10
TANDEMLOG_PHASE ingest=24
TANDEMLOG_ROWS {"query_ms":0,"decode_ms":0,"sort_ms":0}
TANDEMLOG_READY_MS=431 FILES_READ=1
07:03 +49: new item late acknowledgement remains frozen until exact Retry Save
07:03 +49: sticky date groups retain drafts, selection and safe edge drops
TANDEMLOG_FIRST_FRAME_MS=11
TANDEMLOG_PHASE identity_lock=0
TANDEMLOG_PHASE sqlite_open_schema=12
TANDEMLOG_PHASE manifest=24
TANDEMLOG_PHASE ingest=22
TANDEMLOG_ROWS {"query_ms":0,"decode_ms":0,"sort_ms":0}
TANDEMLOG_READY_MS=402 FILES_READ=2
07:07 +50: task Undo waits for item route and native lease teardown once
07:07 +50: sticky date groups retain drafts, selection and safe edge drops
TANDEMLOG_FIRST_FRAME_MS=14
TANDEMLOG_PHASE identity_lock=0
TANDEMLOG_PHASE sqlite_open_schema=12
TANDEMLOG_PHASE manifest=10
TANDEMLOG_PHASE ingest=21
TANDEMLOG_ROWS {"query_ms":0,"decode_ms":0,"sort_ms":0}
TANDEMLOG_READY_MS=410 FILES_READ=2
07:11 +51: user switch waits only for item Save and route teardown
07:11 +51: sticky date groups retain drafts, selection and safe edge drops
TANDEMLOG_FIRST_FRAME_MS=13
TANDEMLOG_PHASE identity_lock=0
TANDEMLOG_PHASE sqlite_open_schema=27
TANDEMLOG_PHASE manifest=10
TANDEMLOG_PHASE ingest=34
TANDEMLOG_ROWS {"query_ms":0,"decode_ms":0,"sort_ms":0}
TANDEMLOG_READY_MS=404 FILES_READ=1
07:14 +52: user switch saves private item before changing identity
07:14 +52: sticky date groups retain drafts, selection and safe edge drops
TANDEMLOG_FIRST_FRAME_MS=11
TANDEMLOG_PHASE identity_lock=0
TANDEMLOG_PHASE sqlite_open_schema=11
TANDEMLOG_PHASE manifest=31
TANDEMLOG_PHASE ingest=26
TANDEMLOG_ROWS {"query_ms":0,"decode_ms":0,"sort_ms":0}
TANDEMLOG_READY_MS=426 FILES_READ=2
07:17 +53: native bulk named apply persists only Due time desktop-dark
07:18 +53: sticky date groups retain drafts, selection and safe edge drops
TANDEMLOG_FIRST_FRAME_MS=10
TANDEMLOG_PHASE identity_lock=0
TANDEMLOG_PHASE sqlite_open_schema=11
TANDEMLOG_PHASE manifest=10
TANDEMLOG_PHASE ingest=23
TANDEMLOG_ROWS {"query_ms":0,"decode_ms":0,"sort_ms":0}
TANDEMLOG_READY_MS=415 FILES_READ=1
07:22 +54: native bulk named apply persists only Due time narrow-light-200
07:23 +54: sticky date groups retain drafts, selection and safe edge drops
TANDEMLOG_FIRST_FRAME_MS=10
TANDEMLOG_PHASE identity_lock=0
TANDEMLOG_PHASE sqlite_open_schema=11
TANDEMLOG_PHASE manifest=10
TANDEMLOG_PHASE ingest=22
TANDEMLOG_ROWS {"query_ms":0,"decode_ms":0,"sort_ms":0}
TANDEMLOG_READY_MS=409 FILES_READ=1
07:27 +55: native field spacing 1200.0/1.0
07:28 +55: sticky date groups retain drafts, selection and safe edge drops
TANDEMLOG_FIRST_FRAME_MS=13
TANDEMLOG_PHASE identity_lock=0
TANDEMLOG_PHASE sqlite_open_schema=22
TANDEMLOG_PHASE manifest=10
TANDEMLOG_PHASE ingest=21
TANDEMLOG_ROWS {"query_ms":0,"decode_ms":0,"sort_ms":0}
TANDEMLOG_READY_MS=403 FILES_READ=1
07:33 +56: native field spacing 390.0/1.0
07:33 +56: sticky date groups retain drafts, selection and safe edge drops
TANDEMLOG_FIRST_FRAME_MS=13
TANDEMLOG_PHASE identity_lock=0
TANDEMLOG_PHASE sqlite_open_schema=11
TANDEMLOG_PHASE manifest=9
TANDEMLOG_PHASE ingest=21
TANDEMLOG_ROWS {"query_ms":0,"decode_ms":0,"sort_ms":0}
TANDEMLOG_READY_MS=400 FILES_READ=1
07:39 +57: native field spacing 390.0/2.0
07:39 +57: sticky date groups retain drafts, selection and safe edge drops
TANDEMLOG_FIRST_FRAME_MS=13
TANDEMLOG_PHASE identity_lock=0
TANDEMLOG_PHASE sqlite_open_schema=11
TANDEMLOG_PHASE manifest=10
TANDEMLOG_PHASE ingest=21
TANDEMLOG_ROWS {"query_ms":0,"decode_ms":0,"sort_ms":0}
TANDEMLOG_READY_MS=401 FILES_READ=1
07:44 +58: shared tag editing and filtering desktop-dark
07:45 +58: sticky date groups retain drafts, selection and safe edge drops
TANDEMLOG_FIRST_FRAME_MS=12
TANDEMLOG_PHASE identity_lock=0
TANDEMLOG_PHASE sqlite_open_schema=27
TANDEMLOG_PHASE manifest=12
TANDEMLOG_PHASE ingest=26
TANDEMLOG_ROWS {"query_ms":0,"decode_ms":0,"sort_ms":0}
TANDEMLOG_READY_MS=425 FILES_READ=1
08:02 +59: shared tag editing and filtering narrow-dark
08:03 +59: sticky date groups retain drafts, selection and safe edge drops
TANDEMLOG_FIRST_FRAME_MS=12
TANDEMLOG_PHASE identity_lock=0
TANDEMLOG_PHASE sqlite_open_schema=11
TANDEMLOG_PHASE manifest=21
TANDEMLOG_PHASE ingest=25
TANDEMLOG_ROWS {"query_ms":0,"decode_ms":0,"sort_ms":0}
TANDEMLOG_READY_MS=410 FILES_READ=1
08:22 +60: shared tag editing and filtering narrow-light-200
08:23 +60: sticky date groups retain drafts, selection and safe edge drops
TANDEMLOG_FIRST_FRAME_MS=11
TANDEMLOG_PHASE identity_lock=0
TANDEMLOG_PHASE sqlite_open_schema=11
TANDEMLOG_PHASE manifest=22
TANDEMLOG_PHASE ingest=25
TANDEMLOG_ROWS {"query_ms":0,"decode_ms":0,"sort_ms":0}
TANDEMLOG_READY_MS=424 FILES_READ=1
08:43 +61: phone single and bulk editors keep fields usable with the IME
08:43 +61: sticky date groups retain drafts, selection and safe edge drops
TANDEMLOG_FIRST_FRAME_MS=15
TANDEMLOG_PHASE identity_lock=0
TANDEMLOG_PHASE sqlite_open_schema=11
TANDEMLOG_PHASE manifest=13
TANDEMLOG_PHASE ingest=22
TANDEMLOG_ROWS {"query_ms":0,"decode_ms":0,"sort_ms":0}
TANDEMLOG_READY_MS=392 FILES_READ=1
09:18 +62: phone tag dropdown stays tappable above an open keyboard
09:18 +62: sticky date groups retain drafts, selection and safe edge drops
TANDEMLOG_FIRST_FRAME_MS=15
TANDEMLOG_PHASE identity_lock=0
TANDEMLOG_PHASE sqlite_open_schema=11
TANDEMLOG_PHASE manifest=10
TANDEMLOG_PHASE ingest=22
TANDEMLOG_ROWS {"query_ms":0,"decode_ms":0,"sort_ms":0}
TANDEMLOG_READY_MS=505 FILES_READ=1
TANDEMLOG_FIRST_FRAME_MS=10
TANDEMLOG_PHASE identity_lock=0
TANDEMLOG_PHASE sqlite_open_schema=10
TANDEMLOG_PHASE manifest=9
TANDEMLOG_PHASE ingest=10
TANDEMLOG_ROWS {"query_ms":0,"decode_ms":0,"sort_ms":0}
TANDEMLOG_READY_MS=160 FILES_READ=0
09:35 +63: multi-tag selection bulk editing deletion and guarded editor sessions
09:36 +63: sticky date groups retain drafts, selection and safe edge drops
TANDEMLOG_FIRST_FRAME_MS=20
TANDEMLOG_PHASE identity_lock=0
TANDEMLOG_PHASE sqlite_open_schema=23
TANDEMLOG_PHASE manifest=11
TANDEMLOG_PHASE ingest=60
TANDEMLOG_ROWS {"query_ms":0,"decode_ms":0,"sort_ms":0}
TANDEMLOG_READY_MS=507 FILES_READ=1
10:11 +64: workspace search preserves filters drafts and completion sections
10:13 +64: sticky date groups retain drafts, selection and safe edge drops
TANDEMLOG_FIRST_FRAME_MS=14
TANDEMLOG_PHASE identity_lock=0
TANDEMLOG_PHASE sqlite_open_schema=11
TANDEMLOG_PHASE manifest=9
TANDEMLOG_PHASE ingest=26
TANDEMLOG_ROWS {"query_ms":0,"decode_ms":0,"sort_ms":0}
TANDEMLOG_READY_MS=387 FILES_READ=1
10:22 +65: native capture, edit, completion, undo, restart and error recovery
10:23 +65: sticky date groups retain drafts, selection and safe edge drops
TANDEMLOG_FIRST_FRAME_MS=14
TANDEMLOG_FIRST_FRAME_MS=11
TANDEMLOG_PHASE identity_lock=0
TANDEMLOG_PHASE sqlite_open_schema=12
TANDEMLOG_PHASE manifest=22
TANDEMLOG_PHASE ingest=11
TANDEMLOG_ROWS {"query_ms":0,"decode_ms":0,"sort_ms":0}
TANDEMLOG_ONBOARDING_READY_MS=171 FILES_READ=0
TANDEMLOG_FIRST_FRAME_MS=13
TANDEMLOG_PHASE identity_lock=0
TANDEMLOG_PHASE sqlite_open_schema=17
TANDEMLOG_PHASE manifest=9
TANDEMLOG_PHASE ingest=10
TANDEMLOG_ROWS {"query_ms":0,"decode_ms":0,"sort_ms":0}
TANDEMLOG_READY_MS=170 FILES_READ=0
10:44 +66: desktop onboarding, live theme, inline retry and folder actions
10:44 +66: sticky date groups retain drafts, selection and safe edge drops
TANDEMLOG_FIRST_FRAME_MS=12
TANDEMLOG_ONBOARDING_READY_MS=132 FILES_READ=0
TANDEMLOG_FIRST_FRAME_MS=17
TANDEMLOG_ONBOARDING_READY_MS=137 FILES_READ=0
10:51 +66: desktop onboarding, live theme, inline retry and folder actions
TANDEMLOG_PHASE identity_lock=0
TANDEMLOG_PHASE sqlite_open_schema=9
TANDEMLOG_PHASE manifest=28
TANDEMLOG_PHASE ingest=10
TANDEMLOG_ROWS {"query_ms":0,"decode_ms":0,"sort_ms":0}
TANDEMLOG_PHASE identity_lock=0
10:59 +66: sticky date groups retain drafts, selection and safe edge drops
TANDEMLOG_FIRST_FRAME_MS=11
TANDEMLOG_PHASE identity_lock=0
TANDEMLOG_PHASE sqlite_open_schema=10
TANDEMLOG_PHASE manifest=12
TANDEMLOG_PHASE ingest=10
TANDEMLOG_ROWS {"query_ms":0,"decode_ms":0,"sort_ms":0}
TANDEMLOG_READY_MS=150 FILES_READ=0
11:00 +67: explicit Add finalizes composing drafts once while Enter leaves IME candidates alone
11:00 +67: sticky date groups retain drafts, selection and safe edge drops
TANDEMLOG_FIRST_FRAME_MS=13
TANDEMLOG_PHASE identity_lock=0
TANDEMLOG_PHASE sqlite_open_schema=11
TANDEMLOG_PHASE manifest=10
TANDEMLOG_PHASE ingest=21
TANDEMLOG_ROWS {"query_ms":0,"decode_ms":0,"sort_ms":0}
TANDEMLOG_READY_MS=511 FILES_READ=1
11:09 +68: automatic imports preserve edit/capture buffers and keyboard submission
11:09 +68: sticky date groups retain drafts, selection and safe edge drops
TANDEMLOG_FIRST_FRAME_MS=12
TANDEMLOG_PHASE identity_lock=0
TANDEMLOG_PHASE sqlite_open_schema=11
TANDEMLOG_PHASE manifest=10
TANDEMLOG_PHASE ingest=20
TANDEMLOG_ROWS {"query_ms":0,"decode_ms":0,"sort_ms":0}
TANDEMLOG_READY_MS=394 FILES_READ=1
11:21 +69: desktop Start retains legacy default data after settings reset
11:21 +69: sticky date groups retain drafts, selection and safe edge drops
TANDEMLOG_FIRST_FRAME_MS=14
TANDEMLOG_ONBOARDING_READY_MS=132 FILES_READ=0
11:21 +69: desktop Start retains legacy default data after settings reset
TANDEMLOG_PHASE identity_lock=0
TANDEMLOG_PHASE sqlite_open_schema=28
TANDEMLOG_PHASE manifest=10
TANDEMLOG_PHASE ingest=38
TANDEMLOG_ROWS {"query_ms":0,"decode_ms":0,"sort_ms":0}
11:22 +69: sticky date groups retain drafts, selection and safe edge drops
TANDEMLOG_FIRST_FRAME_MS=12
TANDEMLOG_PHASE identity_lock=0
TANDEMLOG_PHASE sqlite_open_schema=10
TANDEMLOG_PHASE manifest=10
TANDEMLOG_PHASE ingest=10
TANDEMLOG_ROWS {"query_ms":0,"decode_ms":0,"sort_ms":0}
TANDEMLOG_READY_MS=156 FILES_READ=0
11:22 +70: missing saved workspace does not silently create a default
11:22 +70: sticky date groups retain drafts, selection and safe edge drops
TANDEMLOG_FIRST_FRAME_MS=12
TANDEMLOG_PHASE identity_lock=0
11:23 +70: missing saved workspace does not silently create a default
TANDEMLOG_PHASE identity_lock=0
11:24 +71: Android Start keeps picker and cancel creates no private workspace
11:24 +71: sticky date groups retain drafts, selection and safe edge drops
TANDEMLOG_FIRST_FRAME_MS=11
TANDEMLOG_ONBOARDING_READY_MS=132 FILES_READ=0
11:25 +72: Shift+Enter reveals caret before any further input
11:25 +72: sticky date groups retain drafts, selection and safe edge drops
TANDEMLOG_FIRST_FRAME_MS=11
TANDEMLOG_PHASE identity_lock=0
TANDEMLOG_PHASE sqlite_open_schema=11
TANDEMLOG_PHASE manifest=9
TANDEMLOG_PHASE ingest=20
TANDEMLOG_ROWS {"query_ms":0,"decode_ms":0,"sort_ms":0}
TANDEMLOG_READY_MS=381 FILES_READ=1
11:31 +73: compact filters compose reopen reset and keep identity separate
11:32 +73: sticky date groups retain drafts, selection and safe edge drops
TANDEMLOG_FIRST_FRAME_MS=12
TANDEMLOG_PHASE identity_lock=0
TANDEMLOG_PHASE sqlite_open_schema=11
TANDEMLOG_PHASE manifest=9
TANDEMLOG_PHASE ingest=29
TANDEMLOG_ROWS {"query_ms":0,"decode_ms":0,"sort_ms":0}
TANDEMLOG_READY_MS=397 FILES_READ=1
11:42 +74: bounded tag search and responsive task metadata remain readable
11:44 +74: sticky date groups retain drafts, selection and safe edge drops
TANDEMLOG_FIRST_FRAME_MS=13
TANDEMLOG_PHASE identity_lock=0
TANDEMLOG_PHASE sqlite_open_schema=11
TANDEMLOG_PHASE manifest=10
TANDEMLOG_PHASE ingest=35
TANDEMLOG_ROWS {"query_ms":0,"decode_ms":0,"sort_ms":0}
TANDEMLOG_READY_MS=519 FILES_READ=1
11:55 +75: header controls stay fixed between open and completed tabs
13:41 +75: sticky date groups retain drafts, selection and safe edge drops
TANDEMLOG_FIRST_FRAME_MS=11
TANDEMLOG_PHASE identity_lock=0
TANDEMLOG_PHASE sqlite_open_schema=12
TANDEMLOG_PHASE manifest=7
TANDEMLOG_PHASE ingest=1230
TANDEMLOG_ROWS {"query_ms":2,"decode_ms":11,"sort_ms":0}
TANDEMLOG_READY_MS=1663 FILES_READ=1
14:06 +76: dates, zones, tags and order with historical v3 recurrence compatibility
14:06 +76: sticky date groups retain drafts, selection and safe edge drops
TANDEMLOG_FIRST_FRAME_MS=16
TANDEMLOG_PHASE identity_lock=0
TANDEMLOG_PHASE sqlite_open_schema=11
TANDEMLOG_PHASE manifest=9
TANDEMLOG_PHASE ingest=20
TANDEMLOG_ROWS {"query_ms":0,"decode_ms":0,"sort_ms":0}
TANDEMLOG_READY_MS=489 FILES_READ=1
14:20 +77: future event clock warns without blocking capture
14:20 +77: sticky date groups retain drafts, selection and safe edge drops
TANDEMLOG_FIRST_FRAME_MS=22
TANDEMLOG_PHASE identity_lock=0
TANDEMLOG_PHASE sqlite_open_schema=11
TANDEMLOG_PHASE manifest=10
TANDEMLOG_PHASE ingest=25
TANDEMLOG_ROWS {"query_ms":0,"decode_ms":0,"sort_ms":0}
TANDEMLOG_READY_MS=499 FILES_READ=1
14:21 +78: native tag filters preserve drafts and selected block drag scrolls offscreen
14:29 +78: sticky date groups retain drafts, selection and safe edge drops
TANDEMLOG_FIRST_FRAME_MS=10
TANDEMLOG_PHASE identity_lock=0
TANDEMLOG_PHASE sqlite_open_schema=11
TANDEMLOG_PHASE manifest=10
TANDEMLOG_PHASE ingest=76
TANDEMLOG_ROWS {"query_ms":0,"decode_ms":0,"sort_ms":0}
TANDEMLOG_READY_MS=597 FILES_READ=1
TANDEMLOG_FIRST_FRAME_MS=15
TANDEMLOG_PHASE identity_lock=0
TANDEMLOG_PHASE sqlite_open_schema=11
TANDEMLOG_PHASE manifest=11
TANDEMLOG_PHASE ingest=11
TANDEMLOG_ROWS {"query_ms":0,"decode_ms":0,"sort_ms":0}
TANDEMLOG_READY_MS=225 FILES_READ=0
14:56 +79: native drag preserves hidden order and rejects other time buckets
14:57 +79: sticky date groups retain drafts, selection and safe edge drops
TANDEMLOG_FIRST_FRAME_MS=10
TANDEMLOG_PHASE identity_lock=0
TANDEMLOG_PHASE sqlite_open_schema=11
TANDEMLOG_PHASE manifest=10
TANDEMLOG_PHASE ingest=29
TANDEMLOG_ROWS {"query_ms":0,"decode_ms":0,"sort_ms":0}
TANDEMLOG_READY_MS=408 FILES_READ=1
TANDEMLOG_FIRST_FRAME_MS=13
TANDEMLOG_PHASE identity_lock=0
TANDEMLOG_PHASE sqlite_open_schema=12
TANDEMLOG_PHASE manifest=11
TANDEMLOG_PHASE ingest=12
TANDEMLOG_ROWS {"query_ms":0,"decode_ms":0,"sort_ms":0}
TANDEMLOG_READY_MS=202 FILES_READ=0
15:10 +80: loaded startup marker waits for a rendered time projection
15:10 +80: sticky date groups retain drafts, selection and safe edge drops
TANDEMLOG_FIRST_FRAME_MS=11
TANDEMLOG_PHASE identity_lock=0
TANDEMLOG_PHASE sqlite_open_schema=11
TANDEMLOG_PHASE manifest=18
TANDEMLOG_PHASE ingest=30
TANDEMLOG_ROWS {"query_ms":0,"decode_ms":0,"sort_ms":0}
TANDEMLOG_READY_MS=677 FILES_READ=1
15:11 +81: timed task groups preserve drafts and editors without log writes
15:12 +81: sticky date groups retain drafts, selection and safe edge drops
TANDEMLOG_FIRST_FRAME_MS=11
TANDEMLOG_PHASE identity_lock=0
TANDEMLOG_PHASE sqlite_open_schema=11
TANDEMLOG_PHASE manifest=10
TANDEMLOG_PHASE ingest=28
TANDEMLOG_ROWS {"query_ms":0,"decode_ms":0,"sort_ms":0}
TANDEMLOG_READY_MS=513 FILES_READ=1
15:22 +82: session Undo survives notices, protects drafts and preserves newer synced edits
15:22 +82: sticky date groups retain drafts, selection and safe edge drops
TANDEMLOG_FIRST_FRAME_MS=13
TANDEMLOG_PHASE identity_lock=0
TANDEMLOG_PHASE sqlite_open_schema=11
TANDEMLOG_PHASE manifest=10
TANDEMLOG_PHASE ingest=21
TANDEMLOG_ROWS {"query_ms":0,"decode_ms":0,"sort_ms":0}
TANDEMLOG_READY_MS=406 FILES_READ=1
TANDEMLOG_FIRST_FRAME_MS=13
TANDEMLOG_PHASE identity_lock=0
TANDEMLOG_PHASE sqlite_open_schema=30
TANDEMLOG_PHASE manifest=11
TANDEMLOG_PHASE ingest=13
TANDEMLOG_ROWS {"query_ms":0,"decode_ms":0,"sort_ms":0}
TANDEMLOG_READY_MS=179 FILES_READ=0
16:28 +83: historical v3 recurrence compatibility enables unchanged completion at midnight
16:28 +83: sticky date groups retain drafts, selection and safe edge drops
TANDEMLOG_FIRST_FRAME_MS=11
TANDEMLOG_PHASE identity_lock=0
TANDEMLOG_PHASE sqlite_open_schema=11
TANDEMLOG_PHASE manifest=9
TANDEMLOG_PHASE ingest=19
TANDEMLOG_ROWS {"query_ms":0,"decode_ms":0,"sort_ms":0}
TANDEMLOG_READY_MS=407 FILES_READ=1
16:33 +84: single and bulk dirty panes stay mounted through drag and reorder Undo
16:34 +84: sticky date groups retain drafts, selection and safe edge drops
TANDEMLOG_FIRST_FRAME_MS=11
TANDEMLOG_PHASE identity_lock=0
TANDEMLOG_PHASE sqlite_open_schema=11
TANDEMLOG_PHASE manifest=12
TANDEMLOG_PHASE ingest=26
TANDEMLOG_ROWS {"query_ms":0,"decode_ms":0,"sort_ms":0}
TANDEMLOG_READY_MS=418 FILES_READ=1
16:41 +85: capture batches update draft once and retain responsive native frames
16:41 +85: sticky date groups retain drafts, selection and safe edge drops
TANDEMLOG_FIRST_FRAME_MS=11
TANDEMLOG_PHASE identity_lock=0
TANDEMLOG_PHASE sqlite_open_schema=12
TANDEMLOG_PHASE manifest=11
TANDEMLOG_PHASE ingest=18
TANDEMLOG_ROWS {"query_ms":0,"decode_ms":0,"sort_ms":0}
TANDEMLOG_READY_MS=398 FILES_READ=1
16:43 +85: capture batches update draft once and retain responsive native frames
TANDEMLOG_NATIVE_BATCH count=1 input_clear_ms=114 settle_ms=369 frames=3 input_updates=1
TANDEMLOG_NATIVE_BATCH count=30 input_clear_ms=375 settle_ms=489 frames=3 input_updates=1
TANDEMLOG_NATIVE_BATCH count=100 input_clear_ms=684 settle_ms=382 frames=3 input_updates=1
16:46 +86: compact selection commands stay reachable through scrolling and resize
16:47 +86: sticky date groups retain drafts, selection and safe edge drops
TANDEMLOG_FIRST_FRAME_MS=12
TANDEMLOG_PHASE identity_lock=0
TANDEMLOG_PHASE sqlite_open_schema=11
TANDEMLOG_PHASE manifest=11
TANDEMLOG_PHASE ingest=100
TANDEMLOG_ROWS {"query_ms":0,"decode_ms":0,"sort_ms":0}
TANDEMLOG_READY_MS=581 FILES_READ=1
17:13 +87: (tearDownAll)
17:13 +87: All tests passed!
