00:00 +0: loading /tmp/tandemlog-food-implementation/test/food_durable_editor_test.dart
00:00 +0: a failed durable Add retains editor and exact visible draft
00:01 +1: repeated captured discard decision cannot pop another route
══╡ EXCEPTION CAUGHT BY FLUTTER TEST FRAMEWORK ╞════════════════════════════════════════════════════
The following TestFailure was thrown running a test:
Expected: return normally
  Actual: <Closure: () => void>
   Which: threw FlutterError:<Looking up a deactivated widget's ancestor is unsafe.
          At this point the state of the widget's element tree is no longer stable.
          To safely refer to a widget's ancestor in its dispose() method, save a reference to the
ancestor by calling dependOnInheritedWidgetOfExactType() in the widget's didChangeDependencies()
method.>

When the exception was thrown, this was the stack:
#4      main.<anonymous closure> (file:///tmp/tandemlog-food-implementation/test/food_durable_editor_test.dart:42:5)
<asynchronous suspension>
#5      testWidgets.<anonymous closure>.<anonymous closure> (package:flutter_test/src/widget_tester.dart:192:15)
<asynchronous suspension>
#6      TestWidgetsFlutterBinding._runTestBody (package:flutter_test/src/binding.dart:1953:5)
<asynchronous suspension>
<asynchronous suspension>
(elided one frame from package:stack_trace)

This was caught by the test expectation on the following line:
  file:///tmp/tandemlog-food-implementation/test/food_durable_editor_test.dart line 42
The test description was:
  repeated captured discard decision cannot pop another route
════════════════════════════════════════════════════════════════════════════════════════════════════
00:01 +1 -1: repeated captured discard decision cannot pop another route [E]
  Test failed. See exception logs above.
  The test description was: repeated captured discard decision cannot pop another route
  
00:01 +1 -1: Some tests failed.

Failing tests:
  /tmp/tandemlog-food-implementation/test/food_durable_editor_test.dart: repeated captured discard decision cannot pop another route
