00:00 +0: loading /tmp/tandemlog-food-implementation/test/food_durable_editor_test.dart
00:00 +0: a failed durable Add retains editor and exact visible draft
00:01 +1: pending receipt prevents opening a different Add editor
══╡ EXCEPTION CAUGHT BY FLUTTER TEST FRAMEWORK ╞════════════════════════════════════════════════════
The following TestFailure was thrown running a test:
Expected: no matching candidates
  Actual: _AncestorWidgetFinder:<Found 1 widget with type "TextField" that are ancestors of widget
with text "Food name": [
            TextField(controller: TextEditingController#97d1e(TextEditingValue(text: ┤├, selection:
TextSelection.invalid, composing: TextRange(start: -1, end: -1))), enabled: false, decoration:
InputDecoration(labelText: "Food name"), autofocus: true, dependencies: [DefaultSelectionStyle,
InheritedCupertinoTheme, MediaQuery, UnmanagedRestorationScope, _InheritedTheme,
_LocalizationsScope-[GlobalKey#44bfd]], state: _TextFieldState#1d2fd),
          ]>
   Which: means one was found but none were expected

When the exception was thrown, this was the stack:
#4      main.<anonymous closure> (file:///tmp/tandemlog-food-implementation/test/food_durable_editor_test.dart:42:5)
<asynchronous suspension>
#5      testWidgets.<anonymous closure>.<anonymous closure> (package:flutter_test/src/widget_tester.dart:192:15)
<asynchronous suspension>
#6      TestWidgetsFlutterBinding._runTestBody (package:flutter_test/src/binding.dart:1953:5)
<asynchronous suspension>
<asynchronous suspension>
(elided one frame from package:stack_trace)

This was caught by the test expectation on the following line:
  file:///tmp/tandemlog-food-implementation/test/food_durable_editor_test.dart line 42
The test description was:
  pending receipt prevents opening a different Add editor
════════════════════════════════════════════════════════════════════════════════════════════════════
00:01 +1 -1: pending receipt prevents opening a different Add editor [E]
  Test failed. See exception logs above.
  The test description was: pending receipt prevents opening a different Add editor
  
00:01 +1 -1: repeated captured discard decision cannot pop another route
00:02 +2 -1: a retained rendered removal callback keeps its workspace origin
00:02 +3 -1: Some tests failed.

Failing tests:
  /tmp/tandemlog-food-implementation/test/food_durable_editor_test.dart: pending receipt prevents opening a different Add editor
