00:00 +0: loading /tmp/tandemlog-food-implementation/integration_test/food_production_workflow_test.dart
Building Linux application...                                   
warning: unused imports: `BlockRange` and `Block`
warning: unused import: `Block`
warning: unused import: `ItemContent`
warning: unused imports: `SmallVec` and `smallvec`
warning: unused import: `crate::utils::OptionExt`
warning: value assigned to `left` is never read
warning: unused variable: `ptr`
warning: unused variable: `ptr`
warning: variable does not need to be mutable
warning: variable does not need to be mutable
warning: unused variable: `clear_undo`
warning: unused variable: `clear_redo`
warning: method `as_item` is never used
warning: methods `last_id`, `is_item`, and `is_gc` are never used
warning: method `delete_as_cleanup` is never used
warning: method `integrate` is never used
warning: method `contains` is never used
warning: constant `WEAK_REF_FLAGS_QUOTE` is never used
warning: constant `WEAK_REF_FLAGS_START_ASSOC` is never used
warning: constant `WEAK_REF_FLAGS_END_ASSOC` is never used
warning: constant `WEAK_REF_FLAGS_START_UNBOUNDED` is never used
warning: constant `WEAK_REF_FLAGS_END_UNBOUNDED` is never used
warning: constant `WEAK_REF_FLAGS_PARENT_ROOT` is never used
warning: field `txn` is never read
warning: method `as_id_set` is never used
warning: associated functions `next_target` and `return_stack` are never used
warning: methods `forward`, `backward`, and `values` are never used
warning: struct `Values` is never constructed
warning: associated function `new` is never used
warning: method `remove_at` is never used
warning: method `inner_mut` is never used
warning: trait `BlockIterator` is never used
warning: trait `BlockSliceIterator` is never used
warning: struct `RangeIter` is never constructed
warning: associated items `new` and `begin` are never used
warning: enum `RangeIterState` is never used
warning: struct `Values` is never constructed
warning: associated function `new` is never used
warning: field `txn` is never read
warning: methods `adjacent`, `contains_id`, `right`, and `left` are never used
warning: methods `within_range` and `get_item` are never used
warning: hiding a lifetime that's elided elsewhere is confusing
warning: hiding a lifetime that's elided elsewhere is confusing
warning: hiding a lifetime that's elided elsewhere is confusing
warning: hiding a lifetime that's elided elsewhere is confusing
warning: hiding a lifetime that's elided elsewhere is confusing
warning: hiding a lifetime that's elided elsewhere is confusing
warning: hiding a lifetime that's elided elsewhere is confusing
warning: hiding a lifetime that's elided elsewhere is confusing
warning: hiding a lifetime that's elided elsewhere is confusing
warning: hiding a lifetime that's elided elsewhere is confusing
warning: hiding a lifetime that's elided elsewhere is confusing
warning: hiding a lifetime that's elided elsewhere is confusing
warning: hiding a lifetime that's elided elsewhere is confusing
warning: hiding a lifetime that's elided elsewhere is confusing
warning: hiding a lifetime that's elided elsewhere is confusing
warning: hiding a lifetime that's elided elsewhere is confusing
warning: hiding a lifetime that's elided elsewhere is confusing
warning: `yrs` (lib) generated 58 warnings (run `cargo fix --lib -p yrs` to apply 27 suggestions)
✓ Built build/linux/x64/debug/bundle/tandemlog
dbus-daemon[239499]: [session uid=1000 pid=239499 pidfd=5] Activating service name='org.a11y.Bus' requested by ':1.1' (uid=1000 pid=239714 comm="/tmp/tandemlog-food-implementation/build/linux/x64" label="kernel")

(process:239719): dconf-CRITICAL **: 02:51:24.542: unable to create directory '/home/agent/.cache/dconf': Read-only file system.  dconf will not work properly.

(process:239719): dconf-CRITICAL **: 02:51:24.542: unable to create directory '/home/agent/.cache/dconf': Read-only file system.  dconf will not work properly.

(process:239719): dconf-CRITICAL **: 02:51:24.542: unable to create directory '/home/agent/.cache/dconf': Read-only file system.  dconf will not work properly.

(process:239719): dconf-CRITICAL **: 02:51:24.542: unable to create directory '/home/agent/.cache/dconf': Read-only file system.  dconf will not work properly.
dbus-daemon[239499]: [session uid=1000 pid=239499 pidfd=5] Successfully activated service 'org.a11y.Bus'

(process:239719): dconf-CRITICAL **: 02:51:24.544: unable to create directory '/home/agent/.cache/dconf': Read-only file system.  dconf will not work properly.

(process:239719): dconf-CRITICAL **: 02:51:24.544: unable to create directory '/home/agent/.cache/dconf': Read-only file system.  dconf will not work properly.
dbus-daemon[239725]: Activating service name='org.a11y.atspi.Registry' requested by ':1.0' (uid=1000 pid=239714 comm="/tmp/tandemlog-food-implementation/build/linux/x64" label="kernel")
dbus-daemon[239725]: Successfully activated service 'org.a11y.atspi.Registry'
SpiRegistry daemon is running with well-known name - org.a11y.atspi.Registry
00:00 +0: queued task capture cannot append after reconciliation discovers shared authority loss
TANDEMLOG_FIRST_FRAME_MS=405
TANDEMLOG_PHASE identity_lock=0
TANDEMLOG_PHASE sqlite_open_schema=12
TANDEMLOG_PHASE manifest=11
TANDEMLOG_PHASE ingest=27
TANDEMLOG_ROWS {"query_ms":0,"decode_ms":0,"sort_ms":0}
TANDEMLOG_READY_MS=1388 FILES_READ=2
00:03 +1: shared recovery retains private task editor draft and rejects a retained Save
00:04 +1: queued task capture cannot append after reconciliation discovers shared authority loss
TANDEMLOG_FIRST_FRAME_MS=23
TANDEMLOG_PHASE identity_lock=0
TANDEMLOG_PHASE sqlite_open_schema=12
TANDEMLOG_PHASE manifest=10
TANDEMLOG_PHASE ingest=23
TANDEMLOG_ROWS {"query_ms":0,"decode_ms":0,"sort_ms":0}
TANDEMLOG_READY_MS=460 FILES_READ=1
00:06 +2: isolated Food startup failure keeps Tasks writable and retries only Food
00:07 +2: queued task capture cannot append after reconciliation discovers shared authority loss
TANDEMLOG_FIRST_FRAME_MS=18
TANDEMLOG_PHASE identity_lock=0
TANDEMLOG_PHASE sqlite_open_schema=13
TANDEMLOG_PHASE manifest=12
TANDEMLOG_PHASE ingest=25
TANDEMLOG_ROWS {"query_ms":0,"decode_ms":0,"sort_ms":0}
TANDEMLOG_READY_MS=559 FILES_READ=1
00:10 +3: production Food navigation persists Deleted and restores after restart
00:10 +3: queued task capture cannot append after reconciliation discovers shared authority loss
TANDEMLOG_FIRST_FRAME_MS=19
TANDEMLOG_PHASE identity_lock=0
TANDEMLOG_PHASE sqlite_open_schema=11
TANDEMLOG_PHASE manifest=10
TANDEMLOG_PHASE ingest=23
TANDEMLOG_ROWS {"query_ms":0,"decode_ms":0,"sort_ms":0}
TANDEMLOG_READY_MS=447 FILES_READ=1
TANDEMLOG_FIRST_FRAME_MS=17
TANDEMLOG_PHASE identity_lock=0
TANDEMLOG_PHASE sqlite_open_schema=11
TANDEMLOG_PHASE manifest=21
TANDEMLOG_PHASE ingest=13
TANDEMLOG_ROWS {"query_ms":0,"decode_ms":0,"sort_ms":0}
TANDEMLOG_READY_MS=190 FILES_READ=0
00:19 +4: (tearDownAll)
00:19 +4: All tests passed!
