00:00 +0: loading /tmp/tandemlog-food-implementation/integration_test/task_flow_test.dart
Building Linux application...                                   
warning: unused imports: `BlockRange` and `Block`
warning: unused import: `Block`
warning: unused import: `ItemContent`
warning: unused imports: `SmallVec` and `smallvec`
warning: unused import: `crate::utils::OptionExt`
warning: value assigned to `left` is never read
warning: unused variable: `ptr`
warning: unused variable: `ptr`
warning: variable does not need to be mutable
warning: variable does not need to be mutable
warning: unused variable: `clear_undo`
warning: unused variable: `clear_redo`
warning: method `as_item` is never used
warning: methods `last_id`, `is_item`, and `is_gc` are never used
warning: method `delete_as_cleanup` is never used
warning: method `integrate` is never used
warning: method `contains` is never used
warning: constant `WEAK_REF_FLAGS_QUOTE` is never used
warning: constant `WEAK_REF_FLAGS_START_ASSOC` is never used
warning: constant `WEAK_REF_FLAGS_END_ASSOC` is never used
warning: constant `WEAK_REF_FLAGS_START_UNBOUNDED` is never used
warning: constant `WEAK_REF_FLAGS_END_UNBOUNDED` is never used
warning: constant `WEAK_REF_FLAGS_PARENT_ROOT` is never used
warning: field `txn` is never read
warning: method `as_id_set` is never used
warning: associated functions `next_target` and `return_stack` are never used
warning: methods `forward`, `backward`, and `values` are never used
warning: struct `Values` is never constructed
warning: associated function `new` is never used
warning: method `remove_at` is never used
warning: method `inner_mut` is never used
warning: trait `BlockIterator` is never used
warning: trait `BlockSliceIterator` is never used
warning: struct `RangeIter` is never constructed
warning: associated items `new` and `begin` are never used
warning: enum `RangeIterState` is never used
warning: struct `Values` is never constructed
warning: associated function `new` is never used
warning: field `txn` is never read
warning: methods `adjacent`, `contains_id`, `right`, and `left` are never used
warning: methods `within_range` and `get_item` are never used
warning: hiding a lifetime that's elided elsewhere is confusing
warning: hiding a lifetime that's elided elsewhere is confusing
warning: hiding a lifetime that's elided elsewhere is confusing
warning: hiding a lifetime that's elided elsewhere is confusing
warning: hiding a lifetime that's elided elsewhere is confusing
warning: hiding a lifetime that's elided elsewhere is confusing
warning: hiding a lifetime that's elided elsewhere is confusing
warning: hiding a lifetime that's elided elsewhere is confusing
warning: hiding a lifetime that's elided elsewhere is confusing
warning: hiding a lifetime that's elided elsewhere is confusing
warning: hiding a lifetime that's elided elsewhere is confusing
warning: hiding a lifetime that's elided elsewhere is confusing
warning: hiding a lifetime that's elided elsewhere is confusing
warning: hiding a lifetime that's elided elsewhere is confusing
warning: hiding a lifetime that's elided elsewhere is confusing
warning: hiding a lifetime that's elided elsewhere is confusing
warning: hiding a lifetime that's elided elsewhere is confusing
warning: `yrs` (lib) generated 58 warnings (run `cargo fix --lib -p yrs` to apply 27 suggestions)
✓ Built build/linux/x64/debug/bundle/tandemlog
00:00 +0: sticky date groups retain drafts, selection and safe edge drops
TANDEMLOG_FIRST_FRAME_MS=384
TANDEMLOG_PHASE identity_lock=0
TANDEMLOG_PHASE sqlite_open_schema=12
TANDEMLOG_PHASE manifest=11
TANDEMLOG_PHASE ingest=129
TANDEMLOG_ROWS {"query_ms":0,"decode_ms":0,"sort_ms":0}
TANDEMLOG_READY_MS=1584 FILES_READ=1
00:25 +1: future start hints update idle, search and resumed local time
00:26 +1: sticky date groups retain drafts, selection and safe edge drops
TANDEMLOG_FIRST_FRAME_MS=20
TANDEMLOG_PHASE identity_lock=0
TANDEMLOG_PHASE sqlite_open_schema=11
TANDEMLOG_PHASE manifest=10
TANDEMLOG_PHASE ingest=30
TANDEMLOG_ROWS {"query_ms":0,"decode_ms":0,"sort_ms":0}
TANDEMLOG_READY_MS=407 FILES_READ=1
00:39 +2: legacy v3 provider replacement blocks retry until exact pending history recovery
00:43 +3: native provider replacement freezes draft and retries the exact canonical receipt
00:45 +4: historical v3 recurrence compatibility: checked completion, failed reopen and Undo
00:46 +4: sticky date groups retain drafts, selection and safe edge drops
TANDEMLOG_FIRST_FRAME_MS=16
TANDEMLOG_PHASE identity_lock=0
TANDEMLOG_PHASE sqlite_open_schema=12
TANDEMLOG_PHASE manifest=11
TANDEMLOG_PHASE ingest=26
TANDEMLOG_ROWS {"query_ms":0,"decode_ms":0,"sort_ms":0}
TANDEMLOG_READY_MS=450 FILES_READ=1
01:02 +4: historical v3 recurrence compatibility: checked completion, failed reopen and Undo
══╡ EXCEPTION CAUGHT BY RENDERING LIBRARY ╞═════════════════════════════════════════════════════════
The following assertion was thrown during layout:
A RenderFlex overflowed by 242 pixels on the bottom.

The overflowing RenderFlex has an orientation of Axis.vertical.
The edge of the RenderFlex that is overflowing has been marked in the rendering with a yellow and
black striped pattern. This is usually caused by the contents being too big for the RenderFlex.
Consider applying a flex factor (e.g. using an Expanded widget) to force the children of the
RenderFlex to fit within the available space instead of being sized to their natural size.
This is considered an error condition because it indicates that there is content that cannot be
seen. If the content is legitimately bigger than the available space, consider clipping it with a
ClipRect widget before putting it in the flex, or using a scrollable container rather than a Flex,
like a ListView.
The specific RenderFlex in question is: RenderFlex#3802b DISPOSED OVERFLOWING:
  creator: MultiChildRenderObjectElement#a1129(DEFUNCT) ←
    SingleChildRenderObjectElement#22fae(DEFUNCT) ← SingleChildRenderObjectElement#34486(DEFUNCT) ←
    SingleChildRenderObjectElement#e15f2(DEFUNCT) ← ParentDataElement<StackParentData>#bfaba(DEFUNCT)
    ← MultiChildRenderObjectElement#ed9e9(DEFUNCT) ← ParentDataElement<FlexParentData>#e106f(DEFUNCT)
    ← MultiChildRenderObjectElement#833a6(DEFUNCT) ← SingleChildRenderObjectElement#40f46(DEFUNCT) ←
    SingleChildRenderObjectElement#420e5(DEFUNCT) ←
    InheritedModelElement<_MediaQueryAspect>#d22ab(DEFUNCT) ←
    SingleChildRenderObjectElement#2629f(DEFUNCT) ← ⋯
  parentData: offset=Offset(24.0, 24.0) (can use size)
  constraints: BoxConstraints(0.0<=w<=342.0, 0.0<=h<=102.0)
  size: Size(342.0, 102.0)
  direction: vertical
  mainAxisAlignment: start
  mainAxisSize: min
  crossAxisAlignment: center
  verticalDirection: down
  spacing: 0.0
◢◤◢◤◢◤◢◤◢◤◢◤◢◤◢◤◢◤◢◤◢◤◢◤◢◤◢◤◢◤◢◤◢◤◢◤◢◤◢◤◢◤◢◤◢◤◢◤◢◤◢◤◢◤◢◤◢◤◢◤◢◤◢◤◢◤◢◤◢◤◢◤◢◤◢◤◢◤◢◤◢◤◢◤◢◤◢◤◢◤◢◤◢◤◢◤◢◤◢◤
════════════════════════════════════════════════════════════════════════════════════════════════════
══╡ EXCEPTION CAUGHT BY FLUTTER TEST FRAMEWORK ╞════════════════════════════════════════════════════
The following TestFailure was thrown running a test:
Expected: true
  Actual: <false>
The expected async UI state did not become ready.

When the exception was thrown, this was the stack:
#4      waitForUi (file:///tmp/tandemlog-food-implementation/integration_test/task_flow_test.dart:173:3)
<asynchronous suspension>
#5      registerCompletionActionTests.<anonymous closure> (file:///tmp/tandemlog-food-implementation/integration_test/completion_actions_test.dart:119:9)
<asynchronous suspension>
#6      testWidgets.<anonymous closure>.<anonymous closure> (package:flutter_test/src/widget_tester.dart:192:15)
<asynchronous suspension>
#7      TestWidgetsFlutterBinding._runTestBody (package:flutter_test/src/binding.dart:1953:5)
<asynchronous suspension>
<asynchronous suspension>
(elided one frame from package:stack_trace)

This was caught by the test expectation on the following line:
  file:///tmp/tandemlog-food-implementation/integration_test/task_flow_test.dart line 173
The test description was:
  historical v3 recurrence compatibility: checked completion, failed reopen and Undo
════════════════════════════════════════════════════════════════════════════════════════════════════
══╡ EXCEPTION CAUGHT BY FLUTTER TEST FRAMEWORK ╞════════════════════════════════════════════════════
The following message was thrown:
Multiple exceptions (2) were detected during the running of the current test, and at least one was
unexpected.
════════════════════════════════════════════════════════════════════════════════════════════════════
01:02 +4 -1: historical v3 recurrence compatibility: checked completion, failed reopen and Undo [E]
  Test failed. See exception logs above.
  The test description was: historical v3 recurrence compatibility: checked completion, failed reopen and Undo
  
══╡ EXCEPTION CAUGHT BY WIDGET INSPECTOR ╞══════════════════════════════════════════════════════════
The following assertion was thrown:
Looking up a deactivated widget's ancestor is unsafe.
At this point the state of the widget's element tree is no longer stable.
To safely refer to a widget's ancestor in its dispose() method, save a reference to the ancestor by
calling dependOnInheritedWidgetOfExactType() in the widget's didChangeDependencies() method.

When the exception was thrown, this was the stack:
#0      Element._debugCheckStateIsActiveForAncestorLookup.<anonymous closure> (package:flutter/src/widgets/framework.dart:5062:9)
#1      Element._debugCheckStateIsActiveForAncestorLookup (package:flutter/src/widgets/framework.dart:5076:6)
#2      Element.visitAncestorElements (package:flutter/src/widgets/framework.dart:5187:12)
#3      _describeRelevantUserCode (package:flutter/src/widgets/widget_inspector.dart:4342:13)
#4      _parseDiagnosticsNode (package:flutter/src/widgets/widget_inspector.dart:4261:12)
#5      debugTransformDebugCreator (package:flutter/src/widgets/widget_inspector.dart:4240:21)
#6      _FlutterErrorDetailsNode.builder (package:flutter/src/foundation/assertions.dart:1300:31)
#7      DiagnosticableNode.emptyBodyDescription (package:flutter/src/foundation/diagnostics.dart:2939:45)
#8      TextTreeRenderer._debugRender (package:flutter/src/foundation/diagnostics.dart:1307:14)
#9      TextTreeRenderer.render (package:flutter/src/foundation/diagnostics.dart:1137:14)
#10     FlutterError.dumpErrorToConsole (package:flutter/src/foundation/assertions.dart:1030:13)
#11     TestWidgetsFlutterBinding._runTest.<anonymous closure> (package:flutter_test/src/binding.dart:1780:24)
#12     FlutterError.reportError (package:flutter/src/foundation/assertions.dart:1193:14)
#13     TestWidgetsFlutterBinding._runTest.handleUncaughtError (package:flutter_test/src/binding.dart:1879:20)
#14     TestWidgetsFlutterBinding._runTest.<anonymous closure> (package:flutter_test/src/binding.dart:1921:13)
<asynchronous suspension>
(elided 5 frames from dart:async)

This exception was caught while trying to describe the user-relevant code of another error.
════════════════════════════════════════════════════════════════════════════════════════════════════
01:02 +4 -1: checkbox focus light 1200.0 x1.0: offline native task
01:02 +4 -1: sticky date groups retain drafts, selection and safe edge drops
TANDEMLOG_FIRST_FRAME_MS=17
TANDEMLOG_PHASE identity_lock=0
TANDEMLOG_PHASE sqlite_open_schema=12
TANDEMLOG_PHASE manifest=10
TANDEMLOG_PHASE ingest=23
TANDEMLOG_ROWS {"query_ms":0,"decode_ms":0,"sort_ms":0}
TANDEMLOG_READY_MS=422 FILES_READ=1
01:08 +5 -1: checkbox focus dark 390.0 x1.0: offline native task
01:08 +5 -1: sticky date groups retain drafts, selection and safe edge drops
TANDEMLOG_FIRST_FRAME_MS=16
TANDEMLOG_PHASE identity_lock=0
TANDEMLOG_PHASE sqlite_open_schema=11
TANDEMLOG_PHASE manifest=10
TANDEMLOG_PHASE ingest=21
TANDEMLOG_ROWS {"query_ms":0,"decode_ms":0,"sort_ms":0}
TANDEMLOG_READY_MS=423 FILES_READ=1
01:14 +6 -1: checkbox focus dark 390.0 x2.0: historical v3 recurrence compatibility
01:14 +6 -1: sticky date groups retain drafts, selection and safe edge drops
TANDEMLOG_FIRST_FRAME_MS=16
TANDEMLOG_PHASE identity_lock=0
TANDEMLOG_PHASE sqlite_open_schema=28
TANDEMLOG_PHASE manifest=12
TANDEMLOG_PHASE ingest=16
TANDEMLOG_ROWS {"query_ms":0,"decode_ms":0,"sort_ms":0}
TANDEMLOG_READY_MS=430 FILES_READ=1
01:21 +7 -1: completion consent progress and admission: cancel
01:22 +7 -1: sticky date groups retain drafts, selection and safe edge drops
TANDEMLOG_FIRST_FRAME_MS=14
TANDEMLOG_PHASE identity_lock=0
TANDEMLOG_PHASE sqlite_open_schema=11
TANDEMLOG_PHASE manifest=10
TANDEMLOG_PHASE ingest=38
TANDEMLOG_ROWS {"query_ms":0,"decode_ms":0,"sort_ms":0}
TANDEMLOG_READY_MS=406 FILES_READ=2
01:26 +8 -1: completion consent progress and admission: barrier
01:27 +8 -1: sticky date groups retain drafts, selection and safe edge drops
TANDEMLOG_FIRST_FRAME_MS=12
TANDEMLOG_PHASE identity_lock=0
TANDEMLOG_PHASE sqlite_open_schema=12
TANDEMLOG_PHASE manifest=9
TANDEMLOG_PHASE ingest=36
TANDEMLOG_ROWS {"query_ms":0,"decode_ms":0,"sort_ms":0}
TANDEMLOG_READY_MS=396 FILES_READ=2
01:31 +9 -1: completion consent progress and admission: escape
01:32 +9 -1: sticky date groups retain drafts, selection and safe edge drops
TANDEMLOG_FIRST_FRAME_MS=18
TANDEMLOG_PHASE identity_lock=0
TANDEMLOG_PHASE sqlite_open_schema=11
TANDEMLOG_PHASE manifest=10
TANDEMLOG_PHASE ingest=38
TANDEMLOG_ROWS {"query_ms":0,"decode_ms":0,"sort_ms":0}
TANDEMLOG_READY_MS=394 FILES_READ=1
01:36 +10 -1: completion consent progress and admission: confirm
01:37 +10 -1: sticky date groups retain drafts, selection and safe edge drops
TANDEMLOG_FIRST_FRAME_MS=12
TANDEMLOG_PHASE identity_lock=0
TANDEMLOG_PHASE sqlite_open_schema=11
TANDEMLOG_PHASE manifest=10
TANDEMLOG_PHASE ingest=35
TANDEMLOG_ROWS {"query_ms":0,"decode_ms":0,"sort_ms":0}
TANDEMLOG_READY_MS=419 FILES_READ=2
01:41 +11 -1: completion consent progress and admission: failure
01:42 +11 -1: sticky date groups retain drafts, selection and safe edge drops
TANDEMLOG_FIRST_FRAME_MS=14
TANDEMLOG_PHASE identity_lock=0
TANDEMLOG_PHASE sqlite_open_schema=11
TANDEMLOG_PHASE manifest=10
TANDEMLOG_PHASE ingest=35
TANDEMLOG_ROWS {"query_ms":0,"decode_ms":0,"sort_ms":0}
TANDEMLOG_READY_MS=393 FILES_READ=2
01:46 +12 -1: combined header and stationary selection 390.0 x1.0
01:53 +12 -1: sticky date groups retain drafts, selection and safe edge drops
TANDEMLOG_FIRST_FRAME_MS=12
TANDEMLOG_PHASE identity_lock=0
TANDEMLOG_PHASE sqlite_open_schema=24
TANDEMLOG_PHASE manifest=10
TANDEMLOG_PHASE ingest=100
TANDEMLOG_ROWS {"query_ms":0,"decode_ms":0,"sort_ms":0}
TANDEMLOG_READY_MS=658 FILES_READ=1
01:56 +12 -1: combined header and stationary selection 390.0 x1.0
HEADER_SELECTION_SEEK {"width":390.0,"text_scale":1.0,"steps":5,"viewport_height":578.0,"offset":1498.0,"max_extent":2956.0444444444447,"row_height":48.0}
02:05 +13 -1: combined header and stationary selection 320.0 x2.0
02:13 +13 -1: sticky date groups retain drafts, selection and safe edge drops
TANDEMLOG_FIRST_FRAME_MS=15
TANDEMLOG_PHASE identity_lock=0
TANDEMLOG_PHASE sqlite_open_schema=11
TANDEMLOG_PHASE manifest=9
TANDEMLOG_PHASE ingest=99
TANDEMLOG_ROWS {"query_ms":0,"decode_ms":0,"sort_ms":0}
TANDEMLOG_READY_MS=565 FILES_READ=1
02:20 +13 -1: combined header and stationary selection 320.0 x2.0
HEADER_SELECTION_SEEK {"width":320.0,"text_scale":2.0,"steps":21,"viewport_height":474.0,"offset":5231.0,"max_extent":10647.538461538461,"row_height":150.0}
02:29 +14 -1: native historical checklist recompletion and Undo keep child text
02:30 +14 -1: sticky date groups retain drafts, selection and safe edge drops
TANDEMLOG_FIRST_FRAME_MS=13
TANDEMLOG_PHASE identity_lock=0
TANDEMLOG_PHASE sqlite_open_schema=23
TANDEMLOG_PHASE manifest=10
TANDEMLOG_PHASE ingest=32
TANDEMLOG_ROWS {"query_ms":0,"decode_ms":0,"sort_ms":0}
TANDEMLOG_READY_MS=411 FILES_READ=1
02:52 +15 -1: native stale bulk failure stays visible desktop-dark
02:53 +15 -1: sticky date groups retain drafts, selection and safe edge drops
TANDEMLOG_FIRST_FRAME_MS=20
TANDEMLOG_PHASE identity_lock=0
TANDEMLOG_PHASE sqlite_open_schema=12
TANDEMLOG_PHASE manifest=14
TANDEMLOG_PHASE ingest=24
TANDEMLOG_ROWS {"query_ms":0,"decode_ms":0,"sort_ms":0}
TANDEMLOG_READY_MS=544 FILES_READ=1
02:58 +16 -1: native stale bulk failure stays visible narrow-dark
02:58 +16 -1: sticky date groups retain drafts, selection and safe edge drops
TANDEMLOG_FIRST_FRAME_MS=13
TANDEMLOG_PHASE identity_lock=0
TANDEMLOG_PHASE sqlite_open_schema=11
TANDEMLOG_PHASE manifest=10
TANDEMLOG_PHASE ingest=21
TANDEMLOG_ROWS {"query_ms":0,"decode_ms":0,"sort_ms":0}
TANDEMLOG_READY_MS=407 FILES_READ=1
03:03 +17 -1: native stale bulk failure stays visible narrow-light-200-ime
03:03 +17 -1: sticky date groups retain drafts, selection and safe edge drops
TANDEMLOG_FIRST_FRAME_MS=31
TANDEMLOG_PHASE identity_lock=0
TANDEMLOG_PHASE sqlite_open_schema=11
TANDEMLOG_PHASE manifest=10
TANDEMLOG_PHASE ingest=24
TANDEMLOG_ROWS {"query_ms":0,"decode_ms":0,"sort_ms":0}
TANDEMLOG_READY_MS=552 FILES_READ=1
03:08 +18 -1: native stale bulk failure stays visible small-dark-200-ime
03:09 +18 -1: sticky date groups retain drafts, selection and safe edge drops
TANDEMLOG_FIRST_FRAME_MS=11
TANDEMLOG_PHASE identity_lock=0
TANDEMLOG_PHASE sqlite_open_schema=15
TANDEMLOG_PHASE manifest=10
TANDEMLOG_PHASE ingest=24
TANDEMLOG_ROWS {"query_ms":0,"decode_ms":0,"sort_ms":0}
TANDEMLOG_READY_MS=423 FILES_READ=1
03:13 +19 -1: Search keeps Undo and text alignment 1200.0 x1.0
03:14 +19 -1: sticky date groups retain drafts, selection and safe edge drops
TANDEMLOG_FIRST_FRAME_MS=12
TANDEMLOG_PHASE identity_lock=0
TANDEMLOG_PHASE sqlite_open_schema=13
TANDEMLOG_PHASE manifest=21
TANDEMLOG_PHASE ingest=23
TANDEMLOG_ROWS {"query_ms":0,"decode_ms":0,"sort_ms":0}
TANDEMLOG_READY_MS=422 FILES_READ=1
03:16 +20 -1: Search keeps Undo and text alignment 1200.0 x2.0
03:16 +20 -1: sticky date groups retain drafts, selection and safe edge drops
TANDEMLOG_FIRST_FRAME_MS=12
TANDEMLOG_PHASE identity_lock=0
TANDEMLOG_PHASE sqlite_open_schema=24
TANDEMLOG_PHASE manifest=11
TANDEMLOG_PHASE ingest=23
TANDEMLOG_ROWS {"query_ms":0,"decode_ms":0,"sort_ms":0}
TANDEMLOG_READY_MS=420 FILES_READ=1
03:18 +21 -1: Search keeps Undo and text alignment 390.0 x1.0
03:18 +21 -1: sticky date groups retain drafts, selection and safe edge drops
TANDEMLOG_FIRST_FRAME_MS=12
TANDEMLOG_PHASE identity_lock=0
TANDEMLOG_PHASE sqlite_open_schema=11
TANDEMLOG_PHASE manifest=22
TANDEMLOG_PHASE ingest=23
TANDEMLOG_ROWS {"query_ms":0,"decode_ms":0,"sort_ms":0}
TANDEMLOG_READY_MS=416 FILES_READ=1
03:21 +22 -1: Search keeps Undo and text alignment 320.0 x2.0
03:21 +22 -1: sticky date groups retain drafts, selection and safe edge drops
TANDEMLOG_FIRST_FRAME_MS=16
TANDEMLOG_PHASE identity_lock=0
TANDEMLOG_PHASE sqlite_open_schema=12
TANDEMLOG_PHASE manifest=10
TANDEMLOG_PHASE ingest=27
TANDEMLOG_ROWS {"query_ms":0,"decode_ms":0,"sort_ms":0}
TANDEMLOG_READY_MS=425 FILES_READ=1
03:23 +23 -1: second instance does not read or write preferences and Retry acquires released lease
03:23 +23 -1: sticky date groups retain drafts, selection and safe edge drops
TANDEMLOG_FIRST_FRAME_MS=17
TANDEMLOG_ONBOARDING_READY_MS=298 FILES_READ=0
03:23 +24 -1: interrupted startup releases installation lease after pending work
03:24 +24 -1: sticky date groups retain drafts, selection and safe edge drops
TANDEMLOG_FIRST_FRAME_MS=11
03:24 +25 -1: Inbox capture cancel edit Undo and history remain coherent
03:24 +25 -1: sticky date groups retain drafts, selection and safe edge drops
TANDEMLOG_FIRST_FRAME_MS=12
TANDEMLOG_PHASE identity_lock=0
TANDEMLOG_PHASE sqlite_open_schema=12
TANDEMLOG_PHASE manifest=11
TANDEMLOG_PHASE ingest=24
TANDEMLOG_ROWS {"query_ms":0,"decode_ms":0,"sort_ms":0}
TANDEMLOG_READY_MS=427 FILES_READ=1
03:32 +26 -1: creation-only prefix keeps immutable capture through background reconciliation
03:32 +26 -1: sticky date groups retain drafts, selection and safe edge drops
TANDEMLOG_FIRST_FRAME_MS=16
TANDEMLOG_PHASE identity_lock=0
TANDEMLOG_PHASE sqlite_open_schema=13
TANDEMLOG_PHASE manifest=10
TANDEMLOG_PHASE ingest=24
TANDEMLOG_ROWS {"query_ms":0,"decode_ms":0,"sort_ms":0}
TANDEMLOG_READY_MS=400 FILES_READ=1
03:34 +27 -1: integrity action requires an open store
03:34 +27 -1: sticky date groups retain drafts, selection and safe edge drops
TANDEMLOG_FIRST_FRAME_MS=16
TANDEMLOG_ONBOARDING_READY_MS=146 FILES_READ=0
03:35 +28 -1: manual integrity preserves drafts Search selection and Undo, imports valid growth, and copies diagnostics
03:36 +28 -1: sticky date groups retain drafts, selection and safe edge drops
TANDEMLOG_FIRST_FRAME_MS=17
TANDEMLOG_PHASE identity_lock=0
TANDEMLOG_PHASE sqlite_open_schema=12
TANDEMLOG_PHASE manifest=10
TANDEMLOG_PHASE ingest=22
TANDEMLOG_ROWS {"query_ms":0,"decode_ms":0,"sort_ms":0}
TANDEMLOG_READY_MS=415 FILES_READ=1
03:46 +29 -1: same-day precision sorts, constrains dragging and retains historical title
03:47 +29 -1: sticky date groups retain drafts, selection and safe edge drops
TANDEMLOG_FIRST_FRAME_MS=11
TANDEMLOG_PHASE identity_lock=0
TANDEMLOG_PHASE sqlite_open_schema=15
TANDEMLOG_PHASE manifest=12
TANDEMLOG_PHASE ingest=43
TANDEMLOG_ROWS {"query_ms":0,"decode_ms":0,"sort_ms":0}
TANDEMLOG_READY_MS=573 FILES_READ=1
03:50 +30 -1: Settings copies the running release name without changing tasks
03:50 +30 -1: sticky date groups retain drafts, selection and safe edge drops
TANDEMLOG_FIRST_FRAME_MS=11
TANDEMLOG_PHASE identity_lock=0
TANDEMLOG_PHASE sqlite_open_schema=13
TANDEMLOG_PHASE manifest=10
TANDEMLOG_PHASE ingest=22
TANDEMLOG_ROWS {"query_ms":0,"decode_ms":0,"sort_ms":0}
TANDEMLOG_READY_MS=533 FILES_READ=1
04:02 +31 -1: optional time rows preserve precision, zone and drafts
04:02 +31 -1: sticky date groups retain drafts, selection and safe edge drops
TANDEMLOG_FIRST_FRAME_MS=11
TANDEMLOG_PHASE identity_lock=0
TANDEMLOG_PHASE sqlite_open_schema=11
TANDEMLOG_PHASE manifest=10
TANDEMLOG_PHASE ingest=23
TANDEMLOG_ROWS {"query_ms":0,"decode_ms":0,"sort_ms":0}
TANDEMLOG_READY_MS=405 FILES_READ=1
04:18 +32 -1: offline new text, remote draft Save, Undo and explicit legacy setup
04:18 +32 -1: sticky date groups retain drafts, selection and safe edge drops
TANDEMLOG_FIRST_FRAME_MS=16
TANDEMLOG_PHASE identity_lock=0
TANDEMLOG_PHASE sqlite_open_schema=11
TANDEMLOG_PHASE manifest=10
TANDEMLOG_PHASE ingest=21
TANDEMLOG_ROWS {"query_ms":0,"decode_ms":0,"sort_ms":0}
TANDEMLOG_READY_MS=403 FILES_READ=1
TANDEMLOG_FIRST_FRAME_MS=27
TANDEMLOG_PHASE identity_lock=0
TANDEMLOG_PHASE sqlite_open_schema=27
TANDEMLOG_PHASE manifest=13
TANDEMLOG_PHASE ingest=18
TANDEMLOG_ROWS {"query_ms":0,"decode_ms":0,"sort_ms":0}
TANDEMLOG_READY_MS=195 FILES_READ=0
04:27 +33 -1: historical successor recompletion completes parent and keeps independent child
04:27 +33 -1: sticky date groups retain drafts, selection and safe edge drops
TANDEMLOG_FIRST_FRAME_MS=17
TANDEMLOG_PHASE identity_lock=0
TANDEMLOG_PHASE sqlite_open_schema=11
TANDEMLOG_PHASE manifest=10
TANDEMLOG_PHASE ingest=29
TANDEMLOG_ROWS {"query_ms":0,"decode_ms":0,"sort_ms":0}
TANDEMLOG_READY_MS=550 FILES_READ=1
04:29 +34 -1: native recurring completion creates one editable inherited successor with receipt Undo
04:30 +34 -1: sticky date groups retain drafts, selection and safe edge drops
TANDEMLOG_FIRST_FRAME_MS=21
TANDEMLOG_PHASE identity_lock=0
TANDEMLOG_PHASE sqlite_open_schema=18
TANDEMLOG_PHASE manifest=18
TANDEMLOG_PHASE ingest=51
TANDEMLOG_ROWS {"query_ms":0,"decode_ms":0,"sort_ms":0}
TANDEMLOG_READY_MS=595 FILES_READ=1
04:34 +35 -1: native checklist desktop dark repeated editors and refreshed completion warning
04:35 +35 -1: sticky date groups retain drafts, selection and safe edge drops
TANDEMLOG_FIRST_FRAME_MS=24
TANDEMLOG_PHASE identity_lock=0
TANDEMLOG_PHASE sqlite_open_schema=13
TANDEMLOG_PHASE manifest=12
TANDEMLOG_PHASE ingest=51
TANDEMLOG_ROWS {"query_ms":0,"decode_ms":0,"sort_ms":0}
TANDEMLOG_READY_MS=546 FILES_READ=1
04:59 +36 -1: native checklist narrow enlarged light repeated editors and refreshed completion warning
05:00 +36 -1: sticky date groups retain drafts, selection and safe edge drops
TANDEMLOG_FIRST_FRAME_MS=10
TANDEMLOG_PHASE identity_lock=0
TANDEMLOG_PHASE sqlite_open_schema=12
TANDEMLOG_PHASE manifest=29
TANDEMLOG_PHASE ingest=32
TANDEMLOG_ROWS {"query_ms":0,"decode_ms":0,"sort_ms":0}
TANDEMLOG_READY_MS=406 FILES_READ=1
05:26 +37 -1: checklist toggle acts directly on shown parents and follows live state
05:27 +37 -1: sticky date groups retain drafts, selection and safe edge drops
TANDEMLOG_FIRST_FRAME_MS=14
TANDEMLOG_PHASE identity_lock=0
TANDEMLOG_PHASE sqlite_open_schema=11
TANDEMLOG_PHASE manifest=10
TANDEMLOG_PHASE ingest=29
TANDEMLOG_ROWS {"query_ms":0,"decode_ms":0,"sort_ms":0}
TANDEMLOG_READY_MS=396 FILES_READ=1
05:37 +38 -1: task row inset follows available width including desktop resize
05:37 +38 -1: sticky date groups retain drafts, selection and safe edge drops
TANDEMLOG_FIRST_FRAME_MS=18
TANDEMLOG_PHASE identity_lock=0
TANDEMLOG_PHASE sqlite_open_schema=12
TANDEMLOG_PHASE manifest=13
TANDEMLOG_PHASE ingest=33
TANDEMLOG_ROWS {"query_ms":0,"decode_ms":0,"sort_ms":0}
TANDEMLOG_READY_MS=400 FILES_READ=1
05:39 +38 -1: task row inset follows available width including desktop resize
CHECKLIST_DISCLOSURE_GEOMETRY width=599.0 scale=1.0 secondary=true body=Rect.fromLTRB(52.0, 238.0, 499.0, 314.0) target=Rect.fromLTRB(52.0, 314.0, 100.0, 342.0) count=Rect.fromLTRB(65.0, 316.0, 86.5, 336.0) textBottom=314.0
CHECKLIST_DISCLOSURE_GEOMETRY width=599.0 scale=1.0 secondary=false body=Rect.fromLTRB(52.0, 487.0, 499.0, 541.0) target=Rect.fromLTRB(52.0, 541.0, 100.0, 569.0) count=Rect.fromLTRB(65.0, 543.0, 86.5, 563.0) textBottom=541.0
CHECKLIST_DISCLOSURE_GEOMETRY width=1200.0 scale=1.0 secondary=true body=Rect.fromLTRB(68.0, 238.0, 774.0, 286.0) target=Rect.fromLTRB(68.0, 286.0, 116.0, 314.0) count=Rect.fromLTRB(81.0, 288.0, 102.5, 308.0) textBottom=286.0
CHECKLIST_DISCLOSURE_GEOMETRY width=1200.0 scale=1.0 secondary=false body=Rect.fromLTRB(68.0, 459.0, 714.2, 507.0) target=Rect.fromLTRB(68.0, 507.0, 116.0, 535.0) count=Rect.fromLTRB(81.0, 509.0, 102.5, 529.0) textBottom=507.0
CHECKLIST_DISCLOSURE_GEOMETRY width=600.0 scale=1.0 secondary=true body=Rect.fromLTRB(68.0, 238.0, 484.0, 314.0) target=Rect.fromLTRB(68.0, 314.0, 116.0, 342.0) count=Rect.fromLTRB(81.0, 316.0, 102.5, 336.0) textBottom=314.0
CHECKLIST_DISCLOSURE_GEOMETRY width=600.0 scale=1.0 secondary=false body=Rect.fromLTRB(68.0, 487.0, 484.0, 541.0) target=Rect.fromLTRB(68.0, 541.0, 116.0, 569.0) count=Rect.fromLTRB(81.0, 543.0, 102.5, 563.0) textBottom=541.0
CHECKLIST_DISCLOSURE_GEOMETRY width=390.0 scale=1.0 secondary=true body=Rect.fromLTRB(52.0, 238.0, 290.0, 338.0) target=Rect.fromLTRB(52.0, 338.0, 100.0, 366.0) count=Rect.fromLTRB(65.0, 340.0, 86.5, 360.0) textBottom=338.0
CHECKLIST_DISCLOSURE_GEOMETRY width=390.0 scale=1.0 secondary=false body=Rect.fromLTRB(52.0, 531.0, 290.0, 609.0) target=Rect.fromLTRB(52.0, 609.0, 100.0, 637.0) count=Rect.fromLTRB(65.0, 611.0, 86.5, 631.0) textBottom=609.0
CHECKLIST_DISCLOSURE_GEOMETRY width=360.0 scale=2.0 secondary=true body=Rect.fromLTRB(52.0, 238.0, 260.0, 718.0) target=Rect.fromLTRB(52.0, 718.0, 107.7, 766.0) count=Rect.fromLTRB(65.0, 720.0, 107.7, 760.0) textBottom=718.0
CHECKLIST_DISCLOSURE_GEOMETRY width=360.0 scale=2.0 secondary=false body=Rect.fromLTRB(52.0, 505.0, 260.0, 943.0) target=Rect.fromLTRB(52.0, 943.0, 107.7, 991.0) count=Rect.fromLTRB(65.0, 945.0, 107.7, 985.0) textBottom=943.0
CHECKLIST_DISCLOSURE_GEOMETRY width=390.0 scale=2.0 secondary=true body=Rect.fromLTRB(52.0, 238.0, 290.0, 622.0) target=Rect.fromLTRB(52.0, 622.0, 107.7, 670.0) count=Rect.fromLTRB(65.0, 624.0, 107.7, 664.0) textBottom=622.0
CHECKLIST_DISCLOSURE_GEOMETRY width=390.0 scale=2.0 secondary=false body=Rect.fromLTRB(52.0, 601.0, 290.0, 943.0) target=Rect.fromLTRB(52.0, 943.0, 107.7, 991.0) count=Rect.fromLTRB(65.0, 945.0, 107.7, 985.0) textBottom=943.0
CHECKLIST_DISCLOSURE_GEOMETRY width=620.0 scale=1.0 secondary=true body=Rect.fromLTRB(64.0, 238.0, 500.0, 314.0) target=Rect.fromLTRB(64.0, 314.0, 112.0, 342.0) count=Rect.fromLTRB(77.0, 316.0, 98.5, 336.0) textBottom=314.0
CHECKLIST_DISCLOSURE_GEOMETRY width=620.0 scale=1.0 secondary=false body=Rect.fromLTRB(64.0, 487.0, 500.0, 541.0) target=Rect.fromLTRB(64.0, 541.0, 112.0, 569.0) count=Rect.fromLTRB(77.0, 543.0, 98.5, 563.0) textBottom=541.0
CHECKLIST_DISCLOSURE_GEOMETRY width=390.0 scale=1.0 secondary=true body=Rect.fromLTRB(64.0, 238.0, 270.0, 362.0) target=Rect.fromLTRB(64.0, 362.0, 112.0, 390.0) count=Rect.fromLTRB(77.0, 364.0, 98.5, 384.0) textBottom=362.0
CHECKLIST_DISCLOSURE_GEOMETRY width=390.0 scale=1.0 secondary=false body=Rect.fromLTRB(64.0, 575.0, 270.0, 677.0) target=Rect.fromLTRB(64.0, 677.0, 112.0, 705.0) count=Rect.fromLTRB(77.0, 679.0, 98.5, 699.0) textBottom=677.0
05:46 +39 -1: task menu follows live item counts for mouse and keyboard
05:47 +39 -1: sticky date groups retain drafts, selection and safe edge drops
TANDEMLOG_FIRST_FRAME_MS=11
TANDEMLOG_PHASE identity_lock=0
TANDEMLOG_PHASE sqlite_open_schema=11
TANDEMLOG_PHASE manifest=10
TANDEMLOG_PHASE ingest=20
TANDEMLOG_ROWS {"query_ms":0,"decode_ms":0,"sort_ms":0}
TANDEMLOG_READY_MS=390 FILES_READ=1
06:03 +40 -1: task menu refresh failure, keyboard, right click, selected-row Delete and Undo
06:03 +40 -1: sticky date groups retain drafts, selection and safe edge drops
TANDEMLOG_FIRST_FRAME_MS=13
TANDEMLOG_PHASE identity_lock=0
TANDEMLOG_PHASE sqlite_open_schema=11
TANDEMLOG_PHASE manifest=10
TANDEMLOG_PHASE ingest=19
TANDEMLOG_ROWS {"query_ms":0,"decode_ms":0,"sort_ms":0}
TANDEMLOG_READY_MS=393 FILES_READ=2
06:14 +41 -1: inline checklist desktop menu and item ownership
06:15 +41 -1: sticky date groups retain drafts, selection and safe edge drops
TANDEMLOG_FIRST_FRAME_MS=28
TANDEMLOG_PHASE identity_lock=0
TANDEMLOG_PHASE sqlite_open_schema=11
TANDEMLOG_PHASE manifest=10
TANDEMLOG_PHASE ingest=26
TANDEMLOG_ROWS {"query_ms":0,"decode_ms":0,"sort_ms":0}
TANDEMLOG_READY_MS=410 FILES_READ=1
06:16 +41 -1: inline checklist desktop menu and item ownership
CHECKLIST_TRAILING_GEOMETRY narrow=false menu=Rect.fromLTRB(1088.0, 252.0, 1136.0, 300.0) parent=Rect.fromLTRB(1136.0, 252.0, 1184.0, 300.0) child=Rect.fromLTRB(1136.0, 314.0, 1184.0, 362.0) delete=Rect.fromLTRB(1088.0, 314.0, 1136.0, 362.0)
06:16 +41 -1: sticky date groups retain drafts, selection and safe edge drops
TANDEMLOG_FIRST_FRAME_MS=13
TANDEMLOG_PHASE identity_lock=0
TANDEMLOG_PHASE sqlite_open_schema=13
TANDEMLOG_PHASE manifest=9
TANDEMLOG_PHASE ingest=10
TANDEMLOG_ROWS {"query_ms":0,"decode_ms":0,"sort_ms":0}
TANDEMLOG_READY_MS=174 FILES_READ=0
06:25 +42 -1: inline checklist phone enlarged menu and item ownership
06:26 +42 -1: sticky date groups retain drafts, selection and safe edge drops
TANDEMLOG_FIRST_FRAME_MS=11
TANDEMLOG_PHASE identity_lock=0
TANDEMLOG_PHASE sqlite_open_schema=11
TANDEMLOG_PHASE manifest=9
TANDEMLOG_PHASE ingest=27
TANDEMLOG_ROWS {"query_ms":0,"decode_ms":0,"sort_ms":0}
TANDEMLOG_READY_MS=396 FILES_READ=1
06:27 +42 -1: inline checklist phone enlarged menu and item ownership
CHECKLIST_TRAILING_GEOMETRY narrow=true menu=Rect.fromLTRB(294.0, 333.0, 342.0, 381.0) parent=Rect.fromLTRB(342.0, 333.0, 390.0, 381.0) child=Rect.fromLTRB(342.0, 408.0, 390.0, 456.0) delete=Rect.fromLTRB(294.0, 408.0, 342.0, 456.0)
06:28 +42 -1: sticky date groups retain drafts, selection and safe edge drops
TANDEMLOG_FIRST_FRAME_MS=9
TANDEMLOG_PHASE identity_lock=0
TANDEMLOG_PHASE sqlite_open_schema=10
TANDEMLOG_PHASE manifest=9
TANDEMLOG_PHASE ingest=10
TANDEMLOG_ROWS {"query_ms":0,"decode_ms":0,"sort_ms":0}
TANDEMLOG_READY_MS=174 FILES_READ=0
06:37 +43 -1: disclosure bottom spacing and ink retain compact row geometry
06:39 +43 -1: sticky date groups retain drafts, selection and safe edge drops
TANDEMLOG_FIRST_FRAME_MS=12
TANDEMLOG_PHASE identity_lock=0
TANDEMLOG_PHASE sqlite_open_schema=11
TANDEMLOG_PHASE manifest=10
TANDEMLOG_PHASE ingest=70
TANDEMLOG_ROWS {"query_ms":0,"decode_ms":0,"sort_ms":0}
TANDEMLOG_READY_MS=533 FILES_READ=1
06:41 +43 -1: disclosure bottom spacing and ink retain compact row geometry
DISCLOSURE_LAYOUT width=1200.0 scale=1.0 secondary=true ordinaryBottom=6.0 disclosureBottom=6.0 body=Rect.fromLTRB(68.0, 355.0, 333.6, 405.0) target=Rect.fromLTRB(68.0, 405.0, 116.0, 433.0) count=Rect.fromLTRB(81.0, 407.0, 102.5, 427.0) shape=ChecklistDisclosureInkBorder()
DISCLOSURE_LAYOUT width=1200.0 scale=1.0 secondary=false ordinaryBottom=6.0 disclosureBottom=6.0 body=Rect.fromLTRB(68.0, 238.0, 273.8, 286.0) target=Rect.fromLTRB(68.0, 286.0, 116.0, 314.0) count=Rect.fromLTRB(81.0, 288.0, 102.5, 308.0) shape=ChecklistDisclosureInkBorder()
DISCLOSURE_LAYOUT width=1200.0 scale=2.0 secondary=true ordinaryBottom=6.0 disclosureBottom=6.0 body=Rect.fromLTRB(68.0, 477.0, 574.8, 571.0) target=Rect.fromLTRB(68.0, 571.0, 123.7, 619.0) count=Rect.fromLTRB(81.0, 573.0, 123.7, 613.0) shape=ChecklistDisclosureInkBorder()
DISCLOSURE_LAYOUT width=1200.0 scale=2.0 secondary=false ordinaryBottom=6.0 disclosureBottom=6.0 body=Rect.fromLTRB(68.0, 314.0, 468.7, 368.0) target=Rect.fromLTRB(68.0, 368.0, 123.7, 416.0) count=Rect.fromLTRB(81.0, 370.0, 123.7, 410.0) shape=ChecklistDisclosureInkBorder()
DISCLOSURE_LAYOUT width=390.0 scale=1.0 secondary=true ordinaryBottom=6.0 disclosureBottom=6.0 body=Rect.fromLTRB(52.0, 355.0, 257.8, 427.0) target=Rect.fromLTRB(52.0, 427.0, 100.0, 455.0) count=Rect.fromLTRB(65.0, 429.0, 86.5, 449.0) shape=ChecklistDisclosureInkBorder()
DISCLOSURE_LAYOUT width=390.0 scale=1.0 secondary=false ordinaryBottom=6.0 disclosureBottom=6.0 body=Rect.fromLTRB(52.0, 238.0, 257.8, 286.0) target=Rect.fromLTRB(52.0, 286.0, 100.0, 314.0) count=Rect.fromLTRB(65.0, 288.0, 86.5, 308.0) shape=ChecklistDisclosureInkBorder()
DISCLOSURE_LAYOUT width=390.0 scale=2.0 secondary=true ordinaryBottom=6.0 disclosureBottom=6.0 body=Rect.fromLTRB(52.0, 419.0, 290.0, 603.0) target=Rect.fromLTRB(52.0, 603.0, 107.7, 651.0) count=Rect.fromLTRB(65.0, 605.0, 107.7, 645.0) shape=ChecklistDisclosureInkBorder()
DISCLOSURE_LAYOUT width=390.0 scale=2.0 secondary=false ordinaryBottom=6.0 disclosureBottom=6.0 body=Rect.fromLTRB(52.0, 306.0, 290.0, 408.0) target=Rect.fromLTRB(52.0, 408.0, 107.7, 456.0) count=Rect.fromLTRB(65.0, 410.0, 107.7, 450.0) shape=ChecklistDisclosureInkBorder()
06:55 +44 -1: workspace switch rejects old checklist and menu callbacks with colliding IDs
06:56 +44 -1: sticky date groups retain drafts, selection and safe edge drops
TANDEMLOG_FIRST_FRAME_MS=12
TANDEMLOG_PHASE identity_lock=0
TANDEMLOG_PHASE sqlite_open_schema=13
TANDEMLOG_PHASE manifest=22
TANDEMLOG_PHASE ingest=26
TANDEMLOG_ROWS {"query_ms":0,"decode_ms":0,"sort_ms":0}
TANDEMLOG_READY_MS=407 FILES_READ=1
06:58 +44 -1: workspace switch rejects old checklist and menu callbacks with colliding IDs
TANDEMLOG_PHASE identity_lock=0
TANDEMLOG_PHASE sqlite_open_schema=28
TANDEMLOG_PHASE manifest=22
TANDEMLOG_PHASE ingest=32
TANDEMLOG_ROWS {"query_ms":0,"decode_ms":0,"sort_ms":0}
TANDEMLOG_PHASE identity_lock=0
TANDEMLOG_PHASE sqlite_open_schema=12
TANDEMLOG_PHASE manifest=25
TANDEMLOG_PHASE ingest=10
TANDEMLOG_ROWS {"query_ms":0,"decode_ms":0,"sort_ms":0}
07:03 +45 -1: application disposal during item Save confirmed preserves durable intent
07:04 +45 -1: sticky date groups retain drafts, selection and safe edge drops
TANDEMLOG_FIRST_FRAME_MS=13
TANDEMLOG_PHASE identity_lock=0
TANDEMLOG_PHASE sqlite_open_schema=11
TANDEMLOG_PHASE manifest=10
TANDEMLOG_PHASE ingest=20
TANDEMLOG_ROWS {"query_ms":0,"decode_ms":0,"sort_ms":0}
TANDEMLOG_READY_MS=403 FILES_READ=1
TANDEMLOG_FIRST_FRAME_MS=10
TANDEMLOG_PHASE identity_lock=0
TANDEMLOG_PHASE sqlite_open_schema=15
TANDEMLOG_PHASE manifest=11
TANDEMLOG_PHASE ingest=24
TANDEMLOG_ROWS {"query_ms":0,"decode_ms":0,"sort_ms":0}
TANDEMLOG_READY_MS=172 FILES_READ=2
07:07 +46 -1: application disposal during item Save unknown preserves durable intent
07:07 +46 -1: sticky date groups retain drafts, selection and safe edge drops
TANDEMLOG_FIRST_FRAME_MS=12
TANDEMLOG_PHASE identity_lock=0
TANDEMLOG_PHASE sqlite_open_schema=11
TANDEMLOG_PHASE manifest=10
TANDEMLOG_PHASE ingest=21
TANDEMLOG_ROWS {"query_ms":0,"decode_ms":0,"sort_ms":0}
TANDEMLOG_READY_MS=401 FILES_READ=2
TANDEMLOG_FIRST_FRAME_MS=10
TANDEMLOG_PHASE identity_lock=0
TANDEMLOG_PHASE sqlite_open_schema=25
TANDEMLOG_PHASE manifest=11
TANDEMLOG_PHASE ingest=31
TANDEMLOG_ROWS {"query_ms":0,"decode_ms":0,"sort_ms":0}
TANDEMLOG_READY_MS=172 FILES_READ=2
07:11 +47 -1: application disposal finishes item route ownership teardown
07:11 +47 -1: sticky date groups retain drafts, selection and safe edge drops
TANDEMLOG_FIRST_FRAME_MS=12
TANDEMLOG_PHASE identity_lock=0
TANDEMLOG_PHASE sqlite_open_schema=11
TANDEMLOG_PHASE manifest=11
TANDEMLOG_PHASE ingest=23
TANDEMLOG_ROWS {"query_ms":0,"decode_ms":0,"sort_ms":0}
TANDEMLOG_READY_MS=407 FILES_READ=1
07:13 +48 -1: new item late acknowledgement remains frozen until exact Retry Save
07:13 +48 -1: sticky date groups retain drafts, selection and safe edge drops
TANDEMLOG_FIRST_FRAME_MS=12
TANDEMLOG_PHASE identity_lock=0
TANDEMLOG_PHASE sqlite_open_schema=13
TANDEMLOG_PHASE manifest=10
TANDEMLOG_PHASE ingest=19
TANDEMLOG_ROWS {"query_ms":0,"decode_ms":0,"sort_ms":0}
TANDEMLOG_READY_MS=403 FILES_READ=2
07:17 +49 -1: task Undo waits for item route and native lease teardown once
07:17 +49 -1: sticky date groups retain drafts, selection and safe edge drops
TANDEMLOG_FIRST_FRAME_MS=11
TANDEMLOG_PHASE identity_lock=0
TANDEMLOG_PHASE sqlite_open_schema=12
TANDEMLOG_PHASE manifest=10
TANDEMLOG_PHASE ingest=22
TANDEMLOG_ROWS {"query_ms":0,"decode_ms":0,"sort_ms":0}
TANDEMLOG_READY_MS=424 FILES_READ=1
07:21 +50 -1: user switch waits only for item Save and route teardown
07:21 +50 -1: sticky date groups retain drafts, selection and safe edge drops
TANDEMLOG_FIRST_FRAME_MS=11
TANDEMLOG_PHASE identity_lock=0
TANDEMLOG_PHASE sqlite_open_schema=11
TANDEMLOG_PHASE manifest=23
TANDEMLOG_PHASE ingest=23
TANDEMLOG_ROWS {"query_ms":0,"decode_ms":0,"sort_ms":0}
TANDEMLOG_READY_MS=403 FILES_READ=2
07:24 +51 -1: user switch saves private item before changing identity
07:24 +51 -1: sticky date groups retain drafts, selection and safe edge drops
TANDEMLOG_FIRST_FRAME_MS=11
TANDEMLOG_PHASE identity_lock=0
TANDEMLOG_PHASE sqlite_open_schema=11
TANDEMLOG_PHASE manifest=24
TANDEMLOG_PHASE ingest=37
TANDEMLOG_ROWS {"query_ms":0,"decode_ms":0,"sort_ms":0}
TANDEMLOG_READY_MS=424 FILES_READ=2
07:27 +52 -1: native bulk named apply persists only Due time desktop-dark
07:28 +52 -1: sticky date groups retain drafts, selection and safe edge drops
TANDEMLOG_FIRST_FRAME_MS=10
TANDEMLOG_PHASE identity_lock=0
TANDEMLOG_PHASE sqlite_open_schema=11
TANDEMLOG_PHASE manifest=9
TANDEMLOG_PHASE ingest=20
TANDEMLOG_ROWS {"query_ms":0,"decode_ms":0,"sort_ms":0}
TANDEMLOG_READY_MS=403 FILES_READ=1
07:32 +53 -1: native bulk named apply persists only Due time narrow-light-200
07:33 +53 -1: sticky date groups retain drafts, selection and safe edge drops
TANDEMLOG_FIRST_FRAME_MS=11
TANDEMLOG_PHASE identity_lock=0
TANDEMLOG_PHASE sqlite_open_schema=11
TANDEMLOG_PHASE manifest=10
TANDEMLOG_PHASE ingest=21
TANDEMLOG_ROWS {"query_ms":0,"decode_ms":0,"sort_ms":0}
TANDEMLOG_READY_MS=405 FILES_READ=1
07:38 +54 -1: native field spacing 1200.0/1.0
07:38 +54 -1: sticky date groups retain drafts, selection and safe edge drops
TANDEMLOG_FIRST_FRAME_MS=12
TANDEMLOG_PHASE identity_lock=0
TANDEMLOG_PHASE sqlite_open_schema=10
TANDEMLOG_PHASE manifest=5
TANDEMLOG_PHASE ingest=11
TANDEMLOG_ROWS {"query_ms":0,"decode_ms":0,"sort_ms":0}
TANDEMLOG_READY_MS=384 FILES_READ=1
07:43 +55 -1: native field spacing 390.0/1.0
07:44 +55 -1: sticky date groups retain drafts, selection and safe edge drops
TANDEMLOG_FIRST_FRAME_MS=11
TANDEMLOG_PHASE identity_lock=0
TANDEMLOG_PHASE sqlite_open_schema=12
TANDEMLOG_PHASE manifest=22
TANDEMLOG_PHASE ingest=20
TANDEMLOG_ROWS {"query_ms":0,"decode_ms":0,"sort_ms":0}
TANDEMLOG_READY_MS=400 FILES_READ=1
07:49 +56 -1: native field spacing 390.0/2.0
07:49 +56 -1: sticky date groups retain drafts, selection and safe edge drops
TANDEMLOG_FIRST_FRAME_MS=17
TANDEMLOG_PHASE identity_lock=0
TANDEMLOG_PHASE sqlite_open_schema=22
TANDEMLOG_PHASE manifest=10
TANDEMLOG_PHASE ingest=22
TANDEMLOG_ROWS {"query_ms":0,"decode_ms":0,"sort_ms":0}
TANDEMLOG_READY_MS=405 FILES_READ=1
07:54 +57 -1: shared tag editing and filtering desktop-dark
07:55 +57 -1: sticky date groups retain drafts, selection and safe edge drops
TANDEMLOG_FIRST_FRAME_MS=11
TANDEMLOG_PHASE identity_lock=0
TANDEMLOG_PHASE sqlite_open_schema=22
TANDEMLOG_PHASE manifest=10
TANDEMLOG_PHASE ingest=22
TANDEMLOG_ROWS {"query_ms":0,"decode_ms":0,"sort_ms":0}
TANDEMLOG_READY_MS=407 FILES_READ=1
08:12 +58 -1: shared tag editing and filtering narrow-dark
08:13 +58 -1: sticky date groups retain drafts, selection and safe edge drops
TANDEMLOG_FIRST_FRAME_MS=14
TANDEMLOG_PHASE identity_lock=0
TANDEMLOG_PHASE sqlite_open_schema=22
TANDEMLOG_PHASE manifest=10
TANDEMLOG_PHASE ingest=24
TANDEMLOG_ROWS {"query_ms":0,"decode_ms":0,"sort_ms":0}
TANDEMLOG_READY_MS=414 FILES_READ=1
08:32 +59 -1: shared tag editing and filtering narrow-light-200
08:33 +59 -1: sticky date groups retain drafts, selection and safe edge drops
TANDEMLOG_FIRST_FRAME_MS=12
TANDEMLOG_PHASE identity_lock=0
TANDEMLOG_PHASE sqlite_open_schema=13
TANDEMLOG_PHASE manifest=21
TANDEMLOG_PHASE ingest=23
TANDEMLOG_ROWS {"query_ms":0,"decode_ms":0,"sort_ms":0}
TANDEMLOG_READY_MS=415 FILES_READ=1
08:53 +60 -1: phone single and bulk editors keep fields usable with the IME
08:53 +60 -1: sticky date groups retain drafts, selection and safe edge drops
TANDEMLOG_FIRST_FRAME_MS=11
TANDEMLOG_PHASE identity_lock=0
TANDEMLOG_PHASE sqlite_open_schema=11
TANDEMLOG_PHASE manifest=9
TANDEMLOG_PHASE ingest=21
TANDEMLOG_ROWS {"query_ms":0,"decode_ms":0,"sort_ms":0}
TANDEMLOG_READY_MS=391 FILES_READ=1
09:19 +60 -1: phone single and bulk editors keep fields usable with the IME
══╡ EXCEPTION CAUGHT BY FLUTTER TEST FRAMEWORK ╞════════════════════════════════════════════════════
The following TestFailure was thrown running a test:
Expected: a value less than or equal to <205.0>
  Actual: <214.0>
   Which: is not a value less than or equal to <205.0>

When the exception was thrown, this was the stack:
#4      main.<anonymous closure>.usable (file:///tmp/tandemlog-food-implementation/integration_test/task_flow_test.dart:296:11)
#5      main.<anonymous closure> (file:///tmp/tandemlog-food-implementation/integration_test/task_flow_test.dart:312:11)
<asynchronous suspension>
#6      testWidgets.<anonymous closure>.<anonymous closure> (package:flutter_test/src/widget_tester.dart:192:15)
<asynchronous suspension>
#7      TestWidgetsFlutterBinding._runTestBody (package:flutter_test/src/binding.dart:1953:5)
<asynchronous suspension>
<asynchronous suspension>
(elided one frame from package:stack_trace)

This was caught by the test expectation on the following line:
  file:///tmp/tandemlog-food-implementation/integration_test/task_flow_test.dart line 296
The test description was:
  phone single and bulk editors keep fields usable with the IME
════════════════════════════════════════════════════════════════════════════════════════════════════
09:19 +60 -2: phone single and bulk editors keep fields usable with the IME [E]
  Test failed. See exception logs above.
  The test description was: phone single and bulk editors keep fields usable with the IME
  
09:19 +60 -2: phone tag dropdown stays tappable above an open keyboard
09:19 +60 -2: sticky date groups retain drafts, selection and safe edge drops
TANDEMLOG_FIRST_FRAME_MS=12
TANDEMLOG_PHASE identity_lock=0
TANDEMLOG_PHASE sqlite_open_schema=11
TANDEMLOG_PHASE manifest=10
TANDEMLOG_PHASE ingest=22
TANDEMLOG_ROWS {"query_ms":0,"decode_ms":0,"sort_ms":0}
TANDEMLOG_READY_MS=388 FILES_READ=1
TANDEMLOG_FIRST_FRAME_MS=12
TANDEMLOG_PHASE identity_lock=0
TANDEMLOG_PHASE sqlite_open_schema=12
TANDEMLOG_PHASE manifest=10
TANDEMLOG_PHASE ingest=10
TANDEMLOG_ROWS {"query_ms":0,"decode_ms":0,"sort_ms":0}
TANDEMLOG_READY_MS=154 FILES_READ=0
09:37 +61 -2: multi-tag selection bulk editing deletion and guarded editor sessions
09:38 +61 -2: sticky date groups retain drafts, selection and safe edge drops
TANDEMLOG_FIRST_FRAME_MS=12
TANDEMLOG_PHASE identity_lock=0
TANDEMLOG_PHASE sqlite_open_schema=12
TANDEMLOG_PHASE manifest=10
TANDEMLOG_PHASE ingest=27
TANDEMLOG_ROWS {"query_ms":0,"decode_ms":0,"sort_ms":0}
TANDEMLOG_READY_MS=423 FILES_READ=1
10:14 +62 -2: workspace search preserves filters drafts and completion sections
10:16 +62 -2: sticky date groups retain drafts, selection and safe edge drops
TANDEMLOG_FIRST_FRAME_MS=13
TANDEMLOG_PHASE identity_lock=0
TANDEMLOG_PHASE sqlite_open_schema=15
TANDEMLOG_PHASE manifest=10
TANDEMLOG_PHASE ingest=32
TANDEMLOG_ROWS {"query_ms":0,"decode_ms":0,"sort_ms":0}
TANDEMLOG_READY_MS=508 FILES_READ=1
10:26 +63 -2: native capture, edit, completion, undo, restart and error recovery
10:26 +63 -2: sticky date groups retain drafts, selection and safe edge drops
TANDEMLOG_FIRST_FRAME_MS=10
TANDEMLOG_FIRST_FRAME_MS=12
TANDEMLOG_PHASE identity_lock=0
TANDEMLOG_PHASE sqlite_open_schema=12
TANDEMLOG_PHASE manifest=12
TANDEMLOG_PHASE ingest=10
TANDEMLOG_ROWS {"query_ms":0,"decode_ms":0,"sort_ms":0}
TANDEMLOG_ONBOARDING_READY_MS=160 FILES_READ=0
TANDEMLOG_FIRST_FRAME_MS=11
TANDEMLOG_PHASE identity_lock=0
TANDEMLOG_PHASE sqlite_open_schema=17
TANDEMLOG_PHASE manifest=9
TANDEMLOG_PHASE ingest=10
TANDEMLOG_ROWS {"query_ms":0,"decode_ms":0,"sort_ms":0}
TANDEMLOG_READY_MS=166 FILES_READ=0
10:47 +64 -2: desktop onboarding, live theme, inline retry and folder actions
10:47 +64 -2: sticky date groups retain drafts, selection and safe edge drops
TANDEMLOG_FIRST_FRAME_MS=14
TANDEMLOG_ONBOARDING_READY_MS=133 FILES_READ=0
TANDEMLOG_FIRST_FRAME_MS=12
TANDEMLOG_ONBOARDING_READY_MS=132 FILES_READ=0
10:54 +64 -2: desktop onboarding, live theme, inline retry and folder actions
TANDEMLOG_PHASE identity_lock=0
TANDEMLOG_PHASE sqlite_open_schema=6
TANDEMLOG_PHASE manifest=11
TANDEMLOG_PHASE ingest=10
TANDEMLOG_ROWS {"query_ms":0,"decode_ms":0,"sort_ms":0}
══╡ EXCEPTION CAUGHT BY FLUTTER TEST FRAMEWORK ╞════════════════════════════════════════════════════
The following TestFailure was thrown running a test:
Expected: true
  Actual: <false>

When the exception was thrown, this was the stack:
#4      main.<anonymous closure> (file:///tmp/tandemlog-food-implementation/integration_test/task_flow_test.dart:1424:5)
<asynchronous suspension>
#5      testWidgets.<anonymous closure>.<anonymous closure> (package:flutter_test/src/widget_tester.dart:192:15)
<asynchronous suspension>
#6      TestWidgetsFlutterBinding._runTestBody (package:flutter_test/src/binding.dart:1953:5)
<asynchronous suspension>
<asynchronous suspension>
(elided one frame from package:stack_trace)

This was caught by the test expectation on the following line:
  file:///tmp/tandemlog-food-implementation/integration_test/task_flow_test.dart line 1424
The test description was:
  desktop onboarding, live theme, inline retry and folder actions
════════════════════════════════════════════════════════════════════════════════════════════════════
10:55 +64 -3: desktop onboarding, live theme, inline retry and folder actions [E]
  Test failed. See exception logs above.
  The test description was: desktop onboarding, live theme, inline retry and folder actions
  
10:55 +64 -3: explicit Add finalizes composing drafts once while Enter leaves IME candidates alone
10:55 +64 -3: sticky date groups retain drafts, selection and safe edge drops
TANDEMLOG_FIRST_FRAME_MS=10
TANDEMLOG_PHASE identity_lock=0
TANDEMLOG_PHASE sqlite_open_schema=11
TANDEMLOG_PHASE manifest=10
TANDEMLOG_PHASE ingest=19
TANDEMLOG_ROWS {"query_ms":0,"decode_ms":0,"sort_ms":0}
TANDEMLOG_READY_MS=407 FILES_READ=1
11:04 +65 -3: automatic imports preserve edit/capture buffers and keyboard submission
11:04 +65 -3: sticky date groups retain drafts, selection and safe edge drops
TANDEMLOG_FIRST_FRAME_MS=11
TANDEMLOG_PHASE identity_lock=0
TANDEMLOG_PHASE sqlite_open_schema=12
TANDEMLOG_PHASE manifest=10
TANDEMLOG_PHASE ingest=29
TANDEMLOG_ROWS {"query_ms":0,"decode_ms":0,"sort_ms":0}
TANDEMLOG_READY_MS=499 FILES_READ=1
11:15 +66 -3: desktop Start retains legacy default data after settings reset
11:15 +66 -3: sticky date groups retain drafts, selection and safe edge drops
TANDEMLOG_FIRST_FRAME_MS=19
TANDEMLOG_ONBOARDING_READY_MS=133 FILES_READ=0
11:15 +66 -3: desktop Start retains legacy default data after settings reset
TANDEMLOG_PHASE identity_lock=0
TANDEMLOG_PHASE sqlite_open_schema=29
TANDEMLOG_PHASE manifest=10
TANDEMLOG_PHASE ingest=20
TANDEMLOG_ROWS {"query_ms":0,"decode_ms":0,"sort_ms":0}
11:16 +66 -3: sticky date groups retain drafts, selection and safe edge drops
TANDEMLOG_FIRST_FRAME_MS=10
TANDEMLOG_PHASE identity_lock=0
TANDEMLOG_PHASE sqlite_open_schema=10
TANDEMLOG_PHASE manifest=9
TANDEMLOG_PHASE ingest=10
TANDEMLOG_ROWS {"query_ms":0,"decode_ms":0,"sort_ms":0}
TANDEMLOG_READY_MS=151 FILES_READ=0
11:16 +67 -3: missing saved workspace does not silently create a default
11:16 +67 -3: sticky date groups retain drafts, selection and safe edge drops
TANDEMLOG_FIRST_FRAME_MS=10
TANDEMLOG_PHASE identity_lock=0
11:17 +67 -3: missing saved workspace does not silently create a default
TANDEMLOG_PHASE identity_lock=0
11:18 +68 -3: Android Start keeps picker and cancel creates no private workspace
11:18 +68 -3: sticky date groups retain drafts, selection and safe edge drops
TANDEMLOG_FIRST_FRAME_MS=9
TANDEMLOG_ONBOARDING_READY_MS=133 FILES_READ=0
11:19 +69 -3: Shift+Enter reveals caret before any further input
11:19 +69 -3: sticky date groups retain drafts, selection and safe edge drops
TANDEMLOG_FIRST_FRAME_MS=13
TANDEMLOG_PHASE identity_lock=0
TANDEMLOG_PHASE sqlite_open_schema=11
TANDEMLOG_PHASE manifest=10
TANDEMLOG_PHASE ingest=18
TANDEMLOG_ROWS {"query_ms":0,"decode_ms":0,"sort_ms":0}
TANDEMLOG_READY_MS=381 FILES_READ=1
11:25 +70 -3: compact filters compose reopen reset and keep identity separate
11:26 +70 -3: sticky date groups retain drafts, selection and safe edge drops
TANDEMLOG_FIRST_FRAME_MS=14
TANDEMLOG_PHASE identity_lock=0
TANDEMLOG_PHASE sqlite_open_schema=12
TANDEMLOG_PHASE manifest=12
TANDEMLOG_PHASE ingest=70
TANDEMLOG_ROWS {"query_ms":0,"decode_ms":0,"sort_ms":0}
TANDEMLOG_READY_MS=505 FILES_READ=1
11:36 +71 -3: bounded tag search and responsive task metadata remain readable
11:38 +71 -3: sticky date groups retain drafts, selection and safe edge drops
TANDEMLOG_FIRST_FRAME_MS=14
TANDEMLOG_PHASE identity_lock=0
TANDEMLOG_PHASE sqlite_open_schema=11
TANDEMLOG_PHASE manifest=10
TANDEMLOG_PHASE ingest=34
TANDEMLOG_ROWS {"query_ms":0,"decode_ms":0,"sort_ms":0}
TANDEMLOG_READY_MS=522 FILES_READ=1
11:49 +72 -3: header controls stay fixed between open and completed tabs
13:38 +72 -3: sticky date groups retain drafts, selection and safe edge drops
TANDEMLOG_FIRST_FRAME_MS=14
TANDEMLOG_PHASE identity_lock=0
TANDEMLOG_PHASE sqlite_open_schema=11
TANDEMLOG_PHASE manifest=9
TANDEMLOG_PHASE ingest=1029
TANDEMLOG_ROWS {"query_ms":3,"decode_ms":9,"sort_ms":0}
TANDEMLOG_READY_MS=1531 FILES_READ=1
13:40 +72 -3: header controls stay fixed between open and completed tabs
══╡ EXCEPTION CAUGHT BY FLUTTER TEST FRAMEWORK ╞════════════════════════════════════════════════════
The following TestFailure was thrown running a test:
Expected: no matching candidates
  Actual: _TypeWidgetFinder:<Found 1 widget with type "SegmentedButton<bool>": [
            SegmentedButton<bool>(dependencies: [Directionality, InheritedCupertinoTheme,
MediaQuery, _InheritedTheme, _LocalizationsScope-[GlobalKey#25f42]], state:
SegmentedButtonState<bool>#63ca9),
          ]>
   Which: means one was found but none were expected

When the exception was thrown, this was the stack:
#4      main.<anonymous closure> (file:///tmp/tandemlog-food-implementation/integration_test/task_flow_test.dart:2528:7)
<asynchronous suspension>
#5      testWidgets.<anonymous closure>.<anonymous closure> (package:flutter_test/src/widget_tester.dart:192:15)
<asynchronous suspension>
#6      TestWidgetsFlutterBinding._runTestBody (package:flutter_test/src/binding.dart:1953:5)
<asynchronous suspension>
<asynchronous suspension>
(elided one frame from package:stack_trace)

This was caught by the test expectation on the following line:
  file:///tmp/tandemlog-food-implementation/integration_test/task_flow_test.dart line 2528
The test description was:
  header controls stay fixed between open and completed tabs
════════════════════════════════════════════════════════════════════════════════════════════════════
13:40 +72 -4: header controls stay fixed between open and completed tabs [E]
  Test failed. See exception logs above.
  The test description was: header controls stay fixed between open and completed tabs
  
13:40 +72 -4: dates, zones, tags and order with historical v3 recurrence compatibility
13:41 +72 -4: sticky date groups retain drafts, selection and safe edge drops
TANDEMLOG_FIRST_FRAME_MS=15
TANDEMLOG_PHASE identity_lock=0
TANDEMLOG_PHASE sqlite_open_schema=10
TANDEMLOG_PHASE manifest=11
TANDEMLOG_PHASE ingest=22
TANDEMLOG_ROWS {"query_ms":0,"decode_ms":0,"sort_ms":0}
TANDEMLOG_READY_MS=390 FILES_READ=1
13:53 +73 -4: future event clock warns without blocking capture
13:54 +73 -4: sticky date groups retain drafts, selection and safe edge drops
TANDEMLOG_FIRST_FRAME_MS=12
TANDEMLOG_PHASE identity_lock=0
TANDEMLOG_PHASE sqlite_open_schema=11
TANDEMLOG_PHASE manifest=11
TANDEMLOG_PHASE ingest=19
TANDEMLOG_ROWS {"query_ms":0,"decode_ms":0,"sort_ms":0}
TANDEMLOG_READY_MS=377 FILES_READ=1
13:55 +74 -4: native tag filters preserve drafts and selected block drag scrolls offscreen
14:02 +74 -4: sticky date groups retain drafts, selection and safe edge drops
TANDEMLOG_FIRST_FRAME_MS=16
TANDEMLOG_PHASE identity_lock=0
TANDEMLOG_PHASE sqlite_open_schema=11
TANDEMLOG_PHASE manifest=10
TANDEMLOG_PHASE ingest=82
TANDEMLOG_ROWS {"query_ms":0,"decode_ms":0,"sort_ms":0}
TANDEMLOG_READY_MS=581 FILES_READ=1
14:27 +74 -4: native tag filters preserve drafts and selected block drag scrolls offscreen
══╡ EXCEPTION CAUGHT BY FLUTTER TEST FRAMEWORK ╞════════════════════════════════════════════════════
The following assertion was thrown running a test:
The finder "Found 0 widgets with key [<'task-drop-e7adf7a6-b6c8-4783-aa06-e29bc9ef8ff6'>]: []" (used
in a call to "getTopLeft()") could not find any matching widgets.

When the exception was thrown, this was the stack:
#0      WidgetController._getElementPoint (package:flutter_test/src/controller.dart:2095:7)
#1      WidgetController.getTopLeft (package:flutter_test/src/controller.dart:1963:12)
#2      WidgetController.getRect (package:flutter_test/src/controller.dart:2347:23)
#3      main.<anonymous closure> (file:///tmp/tandemlog-food-implementation/integration_test/task_flow_test.dart:2915:16)
<asynchronous suspension>
#4      testWidgets.<anonymous closure>.<anonymous closure> (package:flutter_test/src/widget_tester.dart:192:15)
<asynchronous suspension>
#5      TestWidgetsFlutterBinding._runTestBody (package:flutter_test/src/binding.dart:1953:5)
<asynchronous suspension>
<asynchronous suspension>
(elided one frame from package:stack_trace)

The test description was:
  native tag filters preserve drafts and selected block drag scrolls offscreen
════════════════════════════════════════════════════════════════════════════════════════════════════
14:27 +74 -5: native tag filters preserve drafts and selected block drag scrolls offscreen [E]
  Test failed. See exception logs above.
  The test description was: native tag filters preserve drafts and selected block drag scrolls offscreen
  
14:27 +74 -5: native drag preserves hidden order and rejects other time buckets
14:28 +74 -5: sticky date groups retain drafts, selection and safe edge drops
TANDEMLOG_FIRST_FRAME_MS=14
TANDEMLOG_PHASE identity_lock=0
TANDEMLOG_PHASE sqlite_open_schema=11
TANDEMLOG_PHASE manifest=10
TANDEMLOG_PHASE ingest=32
TANDEMLOG_ROWS {"query_ms":0,"decode_ms":0,"sort_ms":0}
TANDEMLOG_READY_MS=406 FILES_READ=1
TANDEMLOG_FIRST_FRAME_MS=13
TANDEMLOG_PHASE identity_lock=0
TANDEMLOG_PHASE sqlite_open_schema=12
TANDEMLOG_PHASE manifest=12
TANDEMLOG_PHASE ingest=12
TANDEMLOG_ROWS {"query_ms":0,"decode_ms":0,"sort_ms":0}
TANDEMLOG_READY_MS=177 FILES_READ=0
14:40 +75 -5: loaded startup marker waits for a rendered time projection
14:40 +75 -5: sticky date groups retain drafts, selection and safe edge drops
TANDEMLOG_FIRST_FRAME_MS=10
TANDEMLOG_PHASE identity_lock=0
TANDEMLOG_PHASE sqlite_open_schema=13
TANDEMLOG_PHASE manifest=14
TANDEMLOG_PHASE ingest=25
TANDEMLOG_ROWS {"query_ms":0,"decode_ms":0,"sort_ms":0}
TANDEMLOG_READY_MS=566 FILES_READ=1
14:41 +76 -5: timed task groups preserve drafts and editors without log writes
14:43 +76 -5: sticky date groups retain drafts, selection and safe edge drops
TANDEMLOG_FIRST_FRAME_MS=23
TANDEMLOG_PHASE identity_lock=0
TANDEMLOG_PHASE sqlite_open_schema=11
TANDEMLOG_PHASE manifest=9
TANDEMLOG_PHASE ingest=28
TANDEMLOG_ROWS {"query_ms":0,"decode_ms":0,"sort_ms":0}
TANDEMLOG_READY_MS=539 FILES_READ=1
14:53 +77 -5: session Undo survives notices, protects drafts and preserves newer synced edits
14:53 +77 -5: sticky date groups retain drafts, selection and safe edge drops
TANDEMLOG_FIRST_FRAME_MS=17
TANDEMLOG_PHASE identity_lock=0
TANDEMLOG_PHASE sqlite_open_schema=24
TANDEMLOG_PHASE manifest=5
TANDEMLOG_PHASE ingest=12
TANDEMLOG_ROWS {"query_ms":0,"decode_ms":0,"sort_ms":0}
TANDEMLOG_READY_MS=420 FILES_READ=1
TANDEMLOG_FIRST_FRAME_MS=11
TANDEMLOG_PHASE identity_lock=0
TANDEMLOG_PHASE sqlite_open_schema=28
TANDEMLOG_PHASE manifest=12
TANDEMLOG_PHASE ingest=12
TANDEMLOG_ROWS {"query_ms":0,"decode_ms":0,"sort_ms":0}
TANDEMLOG_READY_MS=196 FILES_READ=0
15:59 +78 -5: historical v3 recurrence compatibility enables unchanged completion at midnight
15:59 +78 -5: sticky date groups retain drafts, selection and safe edge drops
TANDEMLOG_FIRST_FRAME_MS=12
TANDEMLOG_PHASE identity_lock=0
TANDEMLOG_PHASE sqlite_open_schema=32
TANDEMLOG_PHASE manifest=10
TANDEMLOG_PHASE ingest=22
TANDEMLOG_ROWS {"query_ms":0,"decode_ms":0,"sort_ms":0}
TANDEMLOG_READY_MS=405 FILES_READ=1
16:04 +79 -5: single and bulk dirty panes stay mounted through drag and reorder Undo
16:05 +79 -5: sticky date groups retain drafts, selection and safe edge drops
TANDEMLOG_FIRST_FRAME_MS=15
TANDEMLOG_PHASE identity_lock=0
TANDEMLOG_PHASE sqlite_open_schema=12
TANDEMLOG_PHASE manifest=11
TANDEMLOG_PHASE ingest=34
TANDEMLOG_ROWS {"query_ms":0,"decode_ms":0,"sort_ms":0}
TANDEMLOG_READY_MS=469 FILES_READ=1
16:12 +80 -5: capture batches update draft once and retain responsive native frames
16:12 +80 -5: sticky date groups retain drafts, selection and safe edge drops
TANDEMLOG_FIRST_FRAME_MS=11
TANDEMLOG_PHASE identity_lock=0
TANDEMLOG_PHASE sqlite_open_schema=13
TANDEMLOG_PHASE manifest=9
TANDEMLOG_PHASE ingest=18
TANDEMLOG_ROWS {"query_ms":0,"decode_ms":0,"sort_ms":0}
TANDEMLOG_READY_MS=395 FILES_READ=1
16:14 +80 -5: capture batches update draft once and retain responsive native frames
TANDEMLOG_NATIVE_BATCH count=1 input_clear_ms=77 settle_ms=362 frames=2 input_updates=1
TANDEMLOG_NATIVE_BATCH count=30 input_clear_ms=270 settle_ms=529 frames=2 input_updates=1
TANDEMLOG_NATIVE_BATCH count=100 input_clear_ms=661 settle_ms=388 frames=3 input_updates=1
16:17 +81 -5: compact selection commands stay reachable through scrolling and resize
16:18 +81 -5: sticky date groups retain drafts, selection and safe edge drops
TANDEMLOG_FIRST_FRAME_MS=12
TANDEMLOG_PHASE identity_lock=0
TANDEMLOG_PHASE sqlite_open_schema=14
TANDEMLOG_PHASE manifest=9
TANDEMLOG_PHASE ingest=91
TANDEMLOG_ROWS {"query_ms":0,"decode_ms":0,"sort_ms":0}
TANDEMLOG_READY_MS=576 FILES_READ=1
16:45 +82 -5: (tearDownAll)
16:45 +82 -5: Some tests failed.

Failing tests:
  /tmp/tandemlog-food-implementation/integration_test/task_flow_test.dart: desktop onboarding, live theme, inline retry and folder actions
  /tmp/tandemlog-food-implementation/integration_test/task_flow_test.dart: header controls stay fixed between open and completed tabs
  /tmp/tandemlog-food-implementation/integration_test/task_flow_test.dart: historical v3 recurrence compatibility: checked completion, failed reopen and Undo
  /tmp/tandemlog-food-implementation/integration_test/task_flow_test.dart: native tag filters preserve drafts and selected block drag scrolls offscreen
  /tmp/tandemlog-food-implementation/integration_test/task_flow_test.dart: phone single and bulk editors keep fields usable with the IME
