00:00 +0: loading /tmp/tandemlog-food-implementation/test/food_store_test.dart
00:00 +0: /tmp/tandemlog-food-implementation/test/food_store_test.dart: malformed Food disables only Food and existing Tasks remain writable
00:00 +1: /tmp/food-correctness-review/durable/initialization_failure_test.dart: initialized first pending append cannot lose both guard and receipt
00:00 +2: /tmp/tandemlog-food-implementation/test/food_store_test.dart: Food-only provider failure preserves the typed module boundary
00:00 +3: /tmp/food-correctness-review/durable/initialization_failure_test.dart: isolated malformed remote history cannot mask lost protected first-pending authority
00:00 +4: /tmp/tandemlog-food-implementation/test/food_store_test.dart: moved manifest stays a shared fatal fault
00:00 +5: /tmp/tandemlog-food-implementation/test/food_store_test.dart: malformed protected Food head is shared integrity, not history
00:00 +6: /tmp/tandemlog-food-implementation/test/food_store_test.dart: recognized Food conflict stays module-scoped: food-00000000-0000-4000-8000-000000000001.sync-conflict-synthetic.foodlog
00:00 +7: /tmp/tandemlog-food-implementation/test/food_store_test.dart: recognized Food conflict stays module-scoped: food-00000000-0000-4000-8000-000000000001.foodlog.sync-conflict-synthetic
00:00 +8: /tmp/tandemlog-food-implementation/test/food_store_test.dart: unclassified conflict preserves released Task fail-closed policy
00:00 +9: /tmp/tandemlog-food-implementation/test/food_store_test.dart: disabled Food retains exact prepared bytes for explicit recovery
00:00 +10: /tmp/tandemlog-food-implementation/test/food_store_test.dart: food physical count and durable Deleted survive restart without changing task v3 bytes
00:00 +11: /tmp/tandemlog-food-implementation/test/food_store_test.dart: partial first record is resumed exactly from protected bytes across restart
00:00 +12: /tmp/tandemlog-food-implementation/test/food_store_test.dart: uncertain successful append admits once and retires exact receipt
00:00 +13: /tmp/tandemlog-food-implementation/test/food_store_test.dart: acknowledged missing stream fails closed and retains last view
00:00 +14: /tmp/tandemlog-food-implementation/test/food_store_test.dart: food refresh SQL fault preserves state and receipts together
00:00 +15: /tmp/food-correctness-review/durable/guard_regression_test.dart: regressed valid guard cannot erase a later protected reservation
00:00 +16: /tmp/food-correctness-review/durable/guard_regression_test.dart: regressed valid guard cannot erase a later protected reservation
00:00 +17: /tmp/food-correctness-review/durable/guard_regression_test.dart: regressed valid guard cannot erase a later protected reservation
00:00 +18: All tests passed!
