Resolving dependencies...
Downloading packages...
  code_assets 1.2.1 (2.1.0 available)
  cross_file 0.3.5+5 (0.4.0 available)
  jni 1.0.3 (1.1.0 available)
  material_color_utilities 0.13.0 (0.13.1 available)
  native_toolchain_c 0.19.3 (0.19.5 available)
  objective_c 9.5.0 (9.6.2 available)
  test_api 0.7.12 (0.7.14 available)
  url_launcher 6.3.2 (6.3.3 available)
  vector_math 2.4.0 (2.4.3 available)
Got dependencies!
9 packages have newer versions incompatible with dependency constraints.
Try `flutter pub outdated` for more information.
00:00 +0: loading /workspace/tandemlog-date-layout/integration_test/date_time_layout_test.dart
Building Linux application...                                   
✓ Built build/linux/x64/debug/bundle/tandemlog
00:00 +0: populated rows fit at measured boundary and retain composing drafts
LAYOUT bulk=false scale=1.0 rowBoundary=304.0
LAYOUT bulk=false scale=2.0 rowBoundary=443.0
LAYOUT bulk=true scale=1.0 rowBoundary=432.0
LAYOUT bulk=true scale=2.0 rowBoundary=541.0
00:26 +1: (tearDownAll)
00:26 +1: All tests passed!
