00:00 +0: loading /tmp/tandemlog-food-date-readability/integration_test/food_view_reachability_workflow_test.dart
Building Linux application...                                   
warning: unused imports: `BlockRange` and `Block`
warning: unused import: `Block`
warning: unused import: `ItemContent`
warning: unused imports: `SmallVec` and `smallvec`
warning: unused import: `crate::utils::OptionExt`
warning: value assigned to `left` is never read
warning: unused variable: `ptr`
warning: unused variable: `ptr`
warning: variable does not need to be mutable
warning: variable does not need to be mutable
warning: unused variable: `clear_undo`
warning: unused variable: `clear_redo`
warning: method `as_item` is never used
warning: methods `last_id`, `is_item`, and `is_gc` are never used
warning: method `delete_as_cleanup` is never used
warning: method `integrate` is never used
warning: method `contains` is never used
warning: constant `WEAK_REF_FLAGS_QUOTE` is never used
warning: constant `WEAK_REF_FLAGS_START_ASSOC` is never used
warning: constant `WEAK_REF_FLAGS_END_ASSOC` is never used
warning: constant `WEAK_REF_FLAGS_START_UNBOUNDED` is never used
warning: constant `WEAK_REF_FLAGS_END_UNBOUNDED` is never used
warning: constant `WEAK_REF_FLAGS_PARENT_ROOT` is never used
warning: field `txn` is never read
warning: method `as_id_set` is never used
warning: associated functions `next_target` and `return_stack` are never used
warning: methods `forward`, `backward`, and `values` are never used
warning: struct `Values` is never constructed
warning: associated function `new` is never used
warning: method `remove_at` is never used
warning: method `inner_mut` is never used
warning: trait `BlockIterator` is never used
warning: trait `BlockSliceIterator` is never used
warning: struct `RangeIter` is never constructed
warning: associated items `new` and `begin` are never used
warning: enum `RangeIterState` is never used
warning: struct `Values` is never constructed
warning: associated function `new` is never used
warning: field `txn` is never read
warning: methods `adjacent`, `contains_id`, `right`, and `left` are never used
warning: methods `within_range` and `get_item` are never used
warning: hiding a lifetime that's elided elsewhere is confusing
warning: hiding a lifetime that's elided elsewhere is confusing
warning: hiding a lifetime that's elided elsewhere is confusing
warning: hiding a lifetime that's elided elsewhere is confusing
warning: hiding a lifetime that's elided elsewhere is confusing
warning: hiding a lifetime that's elided elsewhere is confusing
warning: hiding a lifetime that's elided elsewhere is confusing
warning: hiding a lifetime that's elided elsewhere is confusing
warning: hiding a lifetime that's elided elsewhere is confusing
warning: hiding a lifetime that's elided elsewhere is confusing
warning: hiding a lifetime that's elided elsewhere is confusing
warning: hiding a lifetime that's elided elsewhere is confusing
warning: hiding a lifetime that's elided elsewhere is confusing
warning: hiding a lifetime that's elided elsewhere is confusing
warning: hiding a lifetime that's elided elsewhere is confusing
warning: hiding a lifetime that's elided elsewhere is confusing
warning: hiding a lifetime that's elided elsewhere is confusing
warning: `yrs` (lib) generated 58 warnings (run `cargo fix --lib -p yrs` to apply 27 suggestions)
✓ Built build/linux/x64/debug/bundle/tandemlog
dbus-daemon[24867]: [session uid=1000 pid=24867 pidfd=4] Activating service name='org.a11y.Bus' requested by ':1.1' (uid=1000 pid=25048 comm="/tmp/tandemlog-food-date-readability/build/linux/x" label="kernel")
dbus-daemon[24867]: [session uid=1000 pid=24867 pidfd=4] Successfully activated service 'org.a11y.Bus'
dbus-daemon[25059]: Activating service name='org.a11y.atspi.Registry' requested by ':1.0' (uid=1000 pid=25048 comm="/tmp/tandemlog-food-date-readability/build/linux/x" label="kernel")
dbus-daemon[25059]: Successfully activated service 'org.a11y.atspi.Registry'
SpiRegistry daemon is running with well-known name - org.a11y.atspi.Registry
00:00 +0: native Food views remain reachable by swiping at large text
══╡ EXCEPTION CAUGHT BY FLUTTER TEST FRAMEWORK ╞════════════════════════════════════════════════════
The following TestFailure was thrown running a test:
Expected: a value greater than or equal to <48>
  Actual: <26.0>
   Which: is not a value greater than or equal to <48>
A real scroll viewport must remain for rows and action targets

When the exception was thrown, this was the stack:
#4      verifyFoodViewReachability (file:///tmp/tandemlog-food-date-readability/test/food_view_reachability_test.dart:187:3)
<asynchronous suspension>
#5      registerFoodViewReachabilityTests.<anonymous closure> (file:///tmp/tandemlog-food-date-readability/integration_test/food_view_reachability_workflow_test.dart:27:5)
<asynchronous suspension>
#6      testWidgets.<anonymous closure>.<anonymous closure> (package:flutter_test/src/widget_tester.dart:192:15)
<asynchronous suspension>
#7      TestWidgetsFlutterBinding._runTestBody (package:flutter_test/src/binding.dart:1953:5)
<asynchronous suspension>
<asynchronous suspension>
(elided one frame from package:stack_trace)

This was caught by the test expectation on the following line:
  file:///tmp/tandemlog-food-date-readability/test/food_view_reachability_test.dart line 187
The test description was:
  native Food views remain reachable by swiping at large text
════════════════════════════════════════════════════════════════════════════════════════════════════
00:03 +0 -1: native Food views remain reachable by swiping at large text [E]
  Test failed. See exception logs above.
  The test description was: native Food views remain reachable by swiping at large text
  
00:03 +0 -1: (tearDownAll)
00:03 +0 -1: Some tests failed.

Failing tests:
  /tmp/tandemlog-food-date-readability/integration_test/food_view_reachability_workflow_test.dart: native Food views remain reachable by swiping at large text
