00:00 +0: loading /tmp/tandemlog-food-date-readability/test/food_view_reachability_test.dart
00:00 +0: (setUpAll)
00:00 +0: Food inbox reachable at320/light/2.0x/error=false
══╡ EXCEPTION CAUGHT BY FLUTTER TEST FRAMEWORK ╞════════════════════════════════════════════════════
The following TestFailure was thrown running a test:
Expected: null
  Actual: FlutterError:<A RenderFlex overflowed by 110 pixels on the bottom.>

When the exception was thrown, this was the stack:
#4      verifyFoodViewReachability (file:///tmp/tandemlog-food-date-readability/test/food_view_reachability_test.dart:249:5)
<asynchronous suspension>
#5      main.<anonymous closure> (file:///tmp/tandemlog-food-date-readability/test/food_view_reachability_test.dart:283:15)
<asynchronous suspension>
#6      testWidgets.<anonymous closure>.<anonymous closure> (package:flutter_test/src/widget_tester.dart:192:15)
<asynchronous suspension>
#7      TestWidgetsFlutterBinding._runTestBody (package:flutter_test/src/binding.dart:1953:5)
<asynchronous suspension>
<asynchronous suspension>
(elided one frame from package:stack_trace)

This was caught by the test expectation on the following line:
  file:///tmp/tandemlog-food-date-readability/test/food_view_reachability_test.dart line 249
The test description was:
  Food inbox reachable at320/light/2.0x/error=false
════════════════════════════════════════════════════════════════════════════════════════════════════
00:01 +0 -1: Food inbox reachable at320/light/2.0x/error=false [E]
  Test failed. See exception logs above.
  The test description was: Food inbox reachable at320/light/2.0x/error=false
  
00:01 +0 -1: (tearDownAll)
00:02 +0 -1: Some tests failed.

Failing tests:
  /tmp/tandemlog-food-date-readability/test/food_view_reachability_test.dart: Food inbox reachable at320/light/2.0x/error=false
