00:00 +0: loading /tmp/tandemlog-food-implementation/integration_test/task_flow_test.dart
Building Linux application...                                   
warning: unused imports: `BlockRange` and `Block`
warning: unused import: `Block`
warning: unused import: `ItemContent`
warning: unused imports: `SmallVec` and `smallvec`
warning: unused import: `crate::utils::OptionExt`
warning: value assigned to `left` is never read
warning: unused variable: `ptr`
warning: unused variable: `ptr`
warning: variable does not need to be mutable
warning: variable does not need to be mutable
warning: unused variable: `clear_undo`
warning: unused variable: `clear_redo`
warning: method `as_item` is never used
warning: methods `last_id`, `is_item`, and `is_gc` are never used
warning: method `delete_as_cleanup` is never used
warning: method `integrate` is never used
warning: method `contains` is never used
warning: constant `WEAK_REF_FLAGS_QUOTE` is never used
warning: constant `WEAK_REF_FLAGS_START_ASSOC` is never used
warning: constant `WEAK_REF_FLAGS_END_ASSOC` is never used
warning: constant `WEAK_REF_FLAGS_START_UNBOUNDED` is never used
warning: constant `WEAK_REF_FLAGS_END_UNBOUNDED` is never used
warning: constant `WEAK_REF_FLAGS_PARENT_ROOT` is never used
warning: field `txn` is never read
warning: method `as_id_set` is never used
warning: associated functions `next_target` and `return_stack` are never used
warning: methods `forward`, `backward`, and `values` are never used
warning: struct `Values` is never constructed
warning: associated function `new` is never used
warning: method `remove_at` is never used
warning: method `inner_mut` is never used
warning: trait `BlockIterator` is never used
warning: trait `BlockSliceIterator` is never used
warning: struct `RangeIter` is never constructed
warning: associated items `new` and `begin` are never used
warning: enum `RangeIterState` is never used
warning: struct `Values` is never constructed
warning: associated function `new` is never used
warning: field `txn` is never read
warning: methods `adjacent`, `contains_id`, `right`, and `left` are never used
warning: methods `within_range` and `get_item` are never used
warning: hiding a lifetime that's elided elsewhere is confusing
warning: hiding a lifetime that's elided elsewhere is confusing
warning: hiding a lifetime that's elided elsewhere is confusing
warning: hiding a lifetime that's elided elsewhere is confusing
warning: hiding a lifetime that's elided elsewhere is confusing
warning: hiding a lifetime that's elided elsewhere is confusing
warning: hiding a lifetime that's elided elsewhere is confusing
warning: hiding a lifetime that's elided elsewhere is confusing
warning: hiding a lifetime that's elided elsewhere is confusing
warning: hiding a lifetime that's elided elsewhere is confusing
warning: hiding a lifetime that's elided elsewhere is confusing
warning: hiding a lifetime that's elided elsewhere is confusing
warning: hiding a lifetime that's elided elsewhere is confusing
warning: hiding a lifetime that's elided elsewhere is confusing
warning: hiding a lifetime that's elided elsewhere is confusing
warning: hiding a lifetime that's elided elsewhere is confusing
warning: hiding a lifetime that's elided elsewhere is confusing
warning: `yrs` (lib) generated 58 warnings (run `cargo fix --lib -p yrs` to apply 27 suggestions)
✓ Built build/linux/x64/debug/bundle/tandemlog
00:00 +0: sticky date groups retain drafts, selection and safe edge drops
TANDEMLOG_FIRST_FRAME_MS=400
TANDEMLOG_PHASE identity_lock=0
TANDEMLOG_PHASE sqlite_open_schema=11
TANDEMLOG_PHASE manifest=16
TANDEMLOG_PHASE ingest=149
TANDEMLOG_ROWS {"query_ms":0,"decode_ms":0,"sort_ms":0}
TANDEMLOG_READY_MS=1696 FILES_READ=1
00:26 +1: future start hints update idle, search and resumed local time
00:27 +1: sticky date groups retain drafts, selection and safe edge drops
TANDEMLOG_FIRST_FRAME_MS=25
TANDEMLOG_PHASE identity_lock=0
TANDEMLOG_PHASE sqlite_open_schema=11
TANDEMLOG_PHASE manifest=10
TANDEMLOG_PHASE ingest=31
TANDEMLOG_ROWS {"query_ms":0,"decode_ms":0,"sort_ms":0}
TANDEMLOG_READY_MS=411 FILES_READ=1
00:40 +2: legacy v3 provider replacement blocks retry until exact pending history recovery
00:43 +3: native provider replacement freezes draft and retries the exact canonical receipt
00:45 +4: historical v3 recurrence compatibility: checked completion, failed reopen and Undo
00:46 +4: sticky date groups retain drafts, selection and safe edge drops
TANDEMLOG_FIRST_FRAME_MS=17
TANDEMLOG_PHASE identity_lock=0
TANDEMLOG_PHASE sqlite_open_schema=11
TANDEMLOG_PHASE manifest=10
TANDEMLOG_PHASE ingest=22
TANDEMLOG_ROWS {"query_ms":0,"decode_ms":0,"sort_ms":0}
TANDEMLOG_READY_MS=440 FILES_READ=1
00:57 +5: checkbox focus light 1200.0 x1.0: offline native task
00:57 +5: sticky date groups retain drafts, selection and safe edge drops
TANDEMLOG_FIRST_FRAME_MS=15
TANDEMLOG_PHASE identity_lock=0
TANDEMLOG_PHASE sqlite_open_schema=30
TANDEMLOG_PHASE manifest=15
TANDEMLOG_PHASE ingest=23
TANDEMLOG_ROWS {"query_ms":0,"decode_ms":0,"sort_ms":0}
TANDEMLOG_READY_MS=431 FILES_READ=1
01:03 +6: checkbox focus dark 390.0 x1.0: offline native task
01:03 +6: sticky date groups retain drafts, selection and safe edge drops
TANDEMLOG_FIRST_FRAME_MS=15
TANDEMLOG_PHASE identity_lock=0
TANDEMLOG_PHASE sqlite_open_schema=11
TANDEMLOG_PHASE manifest=10
TANDEMLOG_PHASE ingest=21
TANDEMLOG_ROWS {"query_ms":0,"decode_ms":0,"sort_ms":0}
TANDEMLOG_READY_MS=412 FILES_READ=1
01:09 +7: checkbox focus dark 390.0 x2.0: historical v3 recurrence compatibility
01:10 +7: sticky date groups retain drafts, selection and safe edge drops
TANDEMLOG_FIRST_FRAME_MS=14
TANDEMLOG_PHASE identity_lock=0
TANDEMLOG_PHASE sqlite_open_schema=12
TANDEMLOG_PHASE manifest=10
TANDEMLOG_PHASE ingest=21
TANDEMLOG_ROWS {"query_ms":0,"decode_ms":0,"sort_ms":0}
TANDEMLOG_READY_MS=429 FILES_READ=1
01:17 +8: completion consent progress and admission: cancel
01:18 +8: sticky date groups retain drafts, selection and safe edge drops
TANDEMLOG_FIRST_FRAME_MS=14
TANDEMLOG_PHASE identity_lock=0
TANDEMLOG_PHASE sqlite_open_schema=12
TANDEMLOG_PHASE manifest=10
TANDEMLOG_PHASE ingest=43
TANDEMLOG_ROWS {"query_ms":0,"decode_ms":0,"sort_ms":0}
TANDEMLOG_READY_MS=401 FILES_READ=1
01:22 +9: completion consent progress and admission: barrier
01:23 +9: sticky date groups retain drafts, selection and safe edge drops
TANDEMLOG_FIRST_FRAME_MS=12
TANDEMLOG_PHASE identity_lock=0
TANDEMLOG_PHASE sqlite_open_schema=11
TANDEMLOG_PHASE manifest=10
TANDEMLOG_PHASE ingest=42
TANDEMLOG_ROWS {"query_ms":0,"decode_ms":0,"sort_ms":0}
TANDEMLOG_READY_MS=398 FILES_READ=2
01:27 +10: completion consent progress and admission: escape
01:28 +10: sticky date groups retain drafts, selection and safe edge drops
TANDEMLOG_FIRST_FRAME_MS=17
TANDEMLOG_PHASE identity_lock=0
TANDEMLOG_PHASE sqlite_open_schema=11
TANDEMLOG_PHASE manifest=10
TANDEMLOG_PHASE ingest=39
TANDEMLOG_ROWS {"query_ms":0,"decode_ms":0,"sort_ms":0}
TANDEMLOG_READY_MS=399 FILES_READ=1
01:31 +11: completion consent progress and admission: confirm
01:33 +11: sticky date groups retain drafts, selection and safe edge drops
TANDEMLOG_FIRST_FRAME_MS=16
TANDEMLOG_PHASE identity_lock=0
TANDEMLOG_PHASE sqlite_open_schema=12
TANDEMLOG_PHASE manifest=10
TANDEMLOG_PHASE ingest=40
TANDEMLOG_ROWS {"query_ms":0,"decode_ms":0,"sort_ms":0}
TANDEMLOG_READY_MS=393 FILES_READ=1
01:37 +12: completion consent progress and admission: failure
01:38 +12: sticky date groups retain drafts, selection and safe edge drops
TANDEMLOG_FIRST_FRAME_MS=13
TANDEMLOG_PHASE identity_lock=0
TANDEMLOG_PHASE sqlite_open_schema=11
TANDEMLOG_PHASE manifest=10
TANDEMLOG_PHASE ingest=37
TANDEMLOG_ROWS {"query_ms":0,"decode_ms":0,"sort_ms":0}
TANDEMLOG_READY_MS=397 FILES_READ=1
01:42 +13: combined header and stationary selection 390.0 x1.0
01:49 +13: sticky date groups retain drafts, selection and safe edge drops
TANDEMLOG_FIRST_FRAME_MS=14
TANDEMLOG_PHASE identity_lock=0
TANDEMLOG_PHASE sqlite_open_schema=26
TANDEMLOG_PHASE manifest=10
TANDEMLOG_PHASE ingest=141
TANDEMLOG_ROWS {"query_ms":0,"decode_ms":0,"sort_ms":0}
TANDEMLOG_READY_MS=710 FILES_READ=1
01:53 +13: combined header and stationary selection 390.0 x1.0
HEADER_SELECTION_SEEK {"width":390.0,"text_scale":1.0,"steps":5,"viewport_height":578.0,"offset":1498.0,"max_extent":2956.0444444444447,"row_height":48.0}
