00:00 +0: loading /tmp/tandemlog-food-implementation/test/task_completion_checkbox_test.dart
00:00 +0: disabled repeat perimeter has uniform opacity at overlapping tips
══╡ EXCEPTION CAUGHT BY FLUTTER TEST FRAMEWORK ╞════════════════════════════════════════════════════
The following TestFailure was thrown running a test:
Expected: a value less than or equal to <99>
  Actual: <157>
   Which: is not a value less than or equal to <99>
dark: whole disabled vector uses38% opacity; overlapping stroke/tip must not double-blend

When the exception was thrown, this was the stack:
#4      main.<anonymous closure> (file:///tmp/tandemlog-food-implementation/test/task_completion_checkbox_test.dart:53:9)
<asynchronous suspension>
#5      testWidgets.<anonymous closure>.<anonymous closure> (package:flutter_test/src/widget_tester.dart:192:15)
<asynchronous suspension>
#6      TestWidgetsFlutterBinding._runTestBody (package:flutter_test/src/binding.dart:1953:5)
<asynchronous suspension>
<asynchronous suspension>
(elided one frame from package:stack_trace)

This was caught by the test expectation on the following line:
  file:///tmp/tandemlog-food-implementation/test/task_completion_checkbox_test.dart line 53
The test description was:
  disabled repeat perimeter has uniform opacity at overlapping tips
════════════════════════════════════════════════════════════════════════════════════════════════════
00:00 +0 -1: disabled repeat perimeter has uniform opacity at overlapping tips [E]
  Test failed. See exception logs above.
  The test description was: disabled repeat perimeter has uniform opacity at overlapping tips
  
00:00 +0 -1: Some tests failed.

Failing tests:
  /tmp/tandemlog-food-implementation/test/task_completion_checkbox_test.dart: disabled repeat perimeter has uniform opacity at overlapping tips
