00:00 +0: loading /tmp/tandemlog-food-implementation/test/food_preview_test.dart
00:00 +0: collapsed summary preserves single known full
══╡ EXCEPTION CAUGHT BY FLUTTER TEST FRAMEWORK ╞════════════════════════════════════════════════════
The following TestFailure was thrown running a test:
Expected: no matching candidates
  Actual: _TextWidgetFinder:<Found 1 widget with text "1 full": [
            Text("1 full", debugLabel: (englishLike bodyMedium 2021).merge((whiteMountainView
bodyMedium).apply), inherit: false, color: Color(alpha: 1.0000, red: 0.8706, green: 0.8941, blue:
0.8784, colorSpace: ColorSpace.sRGB), family: Roboto, size: 14.0, weight: 400, letterSpacing: 0.3,
baseline: alphabetic, height: 1.4x, leadingDistribution: even, decoration: Color(alpha: 1.0000, red:
0.8706, green: 0.8941, blue: 0.8784, colorSpace: ColorSpace.sRGB) TextDecoration.none, dependencies:
[DefaultSelectionStyle, DefaultTextStyle, MediaQuery]),
          ]>
   Which: means one was found but none were expected

When the exception was thrown, this was the stack:
#4      main.<anonymous closure> (file:///tmp/tandemlog-food-implementation/test/food_preview_test.dart:48:9)
<asynchronous suspension>
#5      testWidgets.<anonymous closure>.<anonymous closure> (package:flutter_test/src/widget_tester.dart:192:15)
<asynchronous suspension>
#6      TestWidgetsFlutterBinding._runTestBody (package:flutter_test/src/binding.dart:1953:5)
<asynchronous suspension>
<asynchronous suspension>
(elided one frame from package:stack_trace)

This was caught by the test expectation on the following line:
  file:///tmp/tandemlog-food-implementation/test/food_preview_test.dart line 48
The test description was:
  collapsed summary preserves single known full
════════════════════════════════════════════════════════════════════════════════════════════════════
00:01 +0 -1: collapsed summary preserves single known full [E]
  Test failed. See exception logs above.
  The test description was: collapsed summary preserves single known full
  
00:01 +0 -1: collapsed summary preserves single unknown
00:01 +1 -1: collapsed summary preserves single partial
00:01 +2 -1: collapsed summary preserves multiple full
00:01 +3 -1: collapsed summary preserves mixed full and partial
00:01 +4 -1: Some tests failed.

Failing tests:
  /tmp/tandemlog-food-implementation/test/food_preview_test.dart: collapsed summary preserves single known full
