package: name='com.reddraggone9.tandemlog' versionCode='53' versionName='2026.10.2' platformBuildVersionName='16' platformBuildVersionCode='36' compileSdkVersion='36' compileSdkVersionCodename='16'
sdkVersion:'24'
targetSdkVersion:'36'
uses-permission: name='android.permission.INTERNET'
uses-permission: name='com.reddraggone9.tandemlog.DYNAMIC_RECEIVER_NOT_EXPORTED_PERMISSION'
application-label:'Tandemlog'
application-label-af:'Tandemlog'
application-label-am:'Tandemlog'
application-label-ar:'Tandemlog'
application-label-as:'Tandemlog'
application-label-az:'Tandemlog'
application-label-be:'Tandemlog'
application-label-bg:'Tandemlog'
application-label-bn:'Tandemlog'
application-label-bs:'Tandemlog'
application-label-ca:'Tandemlog'
application-label-cs:'Tandemlog'
application-label-da:'Tandemlog'
application-label-de:'Tandemlog'
application-label-el:'Tandemlog'
application-label-en-AU:'Tandemlog'
application-label-en-CA:'Tandemlog'
application-label-en-GB:'Tandemlog'
application-label-en-IN:'Tandemlog'
application-label-en-XC:'Tandemlog'
application-label-es:'Tandemlog'
application-label-es-US:'Tandemlog'
application-label-et:'Tandemlog'
application-label-eu:'Tandemlog'
application-label-fa:'Tandemlog'
application-label-fi:'Tandemlog'
application-label-fr:'Tandemlog'
application-label-fr-CA:'Tandemlog'
application-label-gl:'Tandemlog'
application-label-gu:'Tandemlog'
application-label-hi:'Tandemlog'
application-label-hr:'Tandemlog'
application-label-hu:'Tandemlog'
application-label-hy:'Tandemlog'
application-label-in:'Tandemlog'
application-label-is:'Tandemlog'
application-label-it:'Tandemlog'
application-label-iw:'Tandemlog'
application-label-ja:'Tandemlog'
application-label-ka:'Tandemlog'
application-label-kk:'Tandemlog'
application-label-km:'Tandemlog'
application-label-kn:'Tandemlog'
application-label-ko:'Tandemlog'
application-label-ky:'Tandemlog'
application-label-lo:'Tandemlog'
application-label-lt:'Tandemlog'
application-label-lv:'Tandemlog'
application-label-mk:'Tandemlog'
application-label-ml:'Tandemlog'
application-label-mn:'Tandemlog'
application-label-mr:'Tandemlog'
application-label-ms:'Tandemlog'
application-label-my:'Tandemlog'
application-label-nb:'Tandemlog'
application-label-ne:'Tandemlog'
application-label-nl:'Tandemlog'
application-label-or:'Tandemlog'
application-label-pa:'Tandemlog'
application-label-pl:'Tandemlog'
application-label-pt:'Tandemlog'
application-label-pt-BR:'Tandemlog'
application-label-pt-PT:'Tandemlog'
application-label-ro:'Tandemlog'
application-label-ru:'Tandemlog'
application-label-si:'Tandemlog'
application-label-sk:'Tandemlog'
application-label-sl:'Tandemlog'
application-label-sq:'Tandemlog'
application-label-sr:'Tandemlog'
application-label-sr-Latn:'Tandemlog'
application-label-sv:'Tandemlog'
application-label-sw:'Tandemlog'
application-label-ta:'Tandemlog'
application-label-te:'Tandemlog'
application-label-th:'Tandemlog'
application-label-tl:'Tandemlog'
application-label-tr:'Tandemlog'
application-label-uk:'Tandemlog'
application-label-ur:'Tandemlog'
application-label-uz:'Tandemlog'
application-label-vi:'Tandemlog'
application-label-zh-CN:'Tandemlog'
application-label-zh-HK:'Tandemlog'
application-label-zh-TW:'Tandemlog'
application-label-zu:'Tandemlog'
application-icon-160:'res/mipmap-mdpi-v4/ic_launcher.png'
application-icon-240:'res/mipmap-hdpi-v4/ic_launcher.png'
application-icon-320:'res/mipmap-xhdpi-v4/ic_launcher.png'
application-icon-480:'res/mipmap-xxhdpi-v4/ic_launcher.png'
application-icon-640:'res/mipmap-xxxhdpi-v4/ic_launcher.png'
application: label='Tandemlog' icon='res/mipmap-mdpi-v4/ic_launcher.png'
application-debuggable
launchable-activity: name='com.reddraggone9.tandemlog.MainActivity'  label='' icon=''
uses-library-not-required:'androidx.window.extensions'
uses-library-not-required:'androidx.window.sidecar'
feature-group: label=''
  uses-feature: name='android.hardware.faketouch'
  uses-implied-feature: name='android.hardware.faketouch' reason='default feature for all apps'
main
other-activities
other-receivers
supports-screens: 'small' 'normal' 'large' 'xlarge'
supports-any-density: 'true'
locales: '--_--' 'af' 'am' 'ar' 'as' 'az' 'be' 'bg' 'bn' 'bs' 'ca' 'cs' 'da' 'de' 'el' 'en-AU' 'en-CA' 'en-GB' 'en-IN' 'en-XC' 'es' 'es-US' 'et' 'eu' 'fa' 'fi' 'fr' 'fr-CA' 'gl' 'gu' 'hi' 'hr' 'hu' 'hy' 'in' 'is' 'it' 'iw' 'ja' 'ka' 'kk' 'km' 'kn' 'ko' 'ky' 'lo' 'lt' 'lv' 'mk' 'ml' 'mn' 'mr' 'ms' 'my' 'nb' 'ne' 'nl' 'or' 'pa' 'pl' 'pt' 'pt-BR' 'pt-PT' 'ro' 'ru' 'si' 'sk' 'sl' 'sq' 'sr' 'sr-Latn' 'sv' 'sw' 'ta' 'te' 'th' 'tl' 'tr' 'uk' 'ur' 'uz' 'vi' 'zh-CN' 'zh-HK' 'zh-TW' 'zu'
densities: '160' '240' '320' '480' '640'
native-code: 'arm64-v8a' 'armeabi-v7a' 'x86_64'
