00:00 +0: loading /tmp/tandemlog-food-implementation/integration_test/completion_actions_test.dart
Building Linux application...                                   
warning: unused imports: `BlockRange` and `Block`
warning: unused import: `Block`
warning: unused import: `ItemContent`
warning: unused imports: `SmallVec` and `smallvec`
warning: unused import: `crate::utils::OptionExt`
warning: value assigned to `left` is never read
warning: unused variable: `ptr`
warning: unused variable: `ptr`
warning: variable does not need to be mutable
warning: variable does not need to be mutable
warning: unused variable: `clear_undo`
warning: unused variable: `clear_redo`
warning: method `as_item` is never used
warning: methods `last_id`, `is_item`, and `is_gc` are never used
warning: method `delete_as_cleanup` is never used
warning: method `integrate` is never used
warning: method `contains` is never used
warning: constant `WEAK_REF_FLAGS_QUOTE` is never used
warning: constant `WEAK_REF_FLAGS_START_ASSOC` is never used
warning: constant `WEAK_REF_FLAGS_END_ASSOC` is never used
warning: constant `WEAK_REF_FLAGS_START_UNBOUNDED` is never used
warning: constant `WEAK_REF_FLAGS_END_UNBOUNDED` is never used
warning: constant `WEAK_REF_FLAGS_PARENT_ROOT` is never used
warning: field `txn` is never read
warning: method `as_id_set` is never used
warning: associated functions `next_target` and `return_stack` are never used
warning: methods `forward`, `backward`, and `values` are never used
warning: struct `Values` is never constructed
warning: associated function `new` is never used
warning: method `remove_at` is never used
warning: method `inner_mut` is never used
warning: trait `BlockIterator` is never used
warning: trait `BlockSliceIterator` is never used
warning: struct `RangeIter` is never constructed
warning: associated items `new` and `begin` are never used
warning: enum `RangeIterState` is never used
warning: struct `Values` is never constructed
warning: associated function `new` is never used
warning: field `txn` is never read
warning: methods `adjacent`, `contains_id`, `right`, and `left` are never used
warning: methods `within_range` and `get_item` are never used
warning: hiding a lifetime that's elided elsewhere is confusing
warning: hiding a lifetime that's elided elsewhere is confusing
warning: hiding a lifetime that's elided elsewhere is confusing
warning: hiding a lifetime that's elided elsewhere is confusing
warning: hiding a lifetime that's elided elsewhere is confusing
warning: hiding a lifetime that's elided elsewhere is confusing
warning: hiding a lifetime that's elided elsewhere is confusing
warning: hiding a lifetime that's elided elsewhere is confusing
warning: hiding a lifetime that's elided elsewhere is confusing
warning: hiding a lifetime that's elided elsewhere is confusing
warning: hiding a lifetime that's elided elsewhere is confusing
warning: hiding a lifetime that's elided elsewhere is confusing
warning: hiding a lifetime that's elided elsewhere is confusing
warning: hiding a lifetime that's elided elsewhere is confusing
warning: hiding a lifetime that's elided elsewhere is confusing
warning: hiding a lifetime that's elided elsewhere is confusing
warning: hiding a lifetime that's elided elsewhere is confusing
warning: `yrs` (lib) generated 58 warnings (run `cargo fix --lib -p yrs` to apply 27 suggestions)
✓ Built build/linux/x64/debug/bundle/tandemlog
dbus-daemon[270253]: [session uid=1000 pid=270253 pidfd=4] Activating service name='org.a11y.Bus' requested by ':1.1' (uid=1000 pid=270452 comm="/tmp/tandemlog-food-implementation/build/linux/x64" label="kernel")

(process:270457): dconf-CRITICAL **: 05:19:56.971: unable to create directory '/home/agent/.cache/dconf': Read-only file system.  dconf will not work properly.

(process:270457): dconf-CRITICAL **: 05:19:56.971: unable to create directory '/home/agent/.cache/dconf': Read-only file system.  dconf will not work properly.

(process:270457): dconf-CRITICAL **: 05:19:56.971: unable to create directory '/home/agent/.cache/dconf': Read-only file system.  dconf will not work properly.

(process:270457): dconf-CRITICAL **: 05:19:56.971: unable to create directory '/home/agent/.cache/dconf': Read-only file system.  dconf will not work properly.

(process:270457): dconf-CRITICAL **: 05:19:56.972: unable to create directory '/home/agent/.cache/dconf': Read-only file system.  dconf will not work properly.
dbus-daemon[270253]: [session uid=1000 pid=270253 pidfd=4] Successfully activated service 'org.a11y.Bus'

(process:270457): dconf-CRITICAL **: 05:19:56.972: unable to create directory '/home/agent/.cache/dconf': Read-only file system.  dconf will not work properly.
dbus-daemon[270463]: Activating service name='org.a11y.atspi.Registry' requested by ':1.0' (uid=1000 pid=270452 comm="/tmp/tandemlog-food-implementation/build/linux/x64" label="kernel")
dbus-daemon[270463]: Successfully activated service 'org.a11y.atspi.Registry'
SpiRegistry daemon is running with well-known name - org.a11y.atspi.Registry
00:00 +0: historical v3 recurrence compatibility: checked completion, failed reopen and Undo
TANDEMLOG_FIRST_FRAME_MS=250
TANDEMLOG_PHASE identity_lock=0
TANDEMLOG_PHASE sqlite_open_schema=12
TANDEMLOG_PHASE manifest=19
TANDEMLOG_PHASE ingest=36
TANDEMLOG_ROWS {"query_ms":0,"decode_ms":0,"sort_ms":0}
TANDEMLOG_READY_MS=1205 FILES_READ=2
ERROR_TAB 0 FocusNode#11c8a([PRIMARY FOCUS])(context: Focus, PRIMARY FOCUS)
ERROR_TAB 1 FocusNode#ecde0([PRIMARY FOCUS])(context: Focus, PRIMARY FOCUS)
ERROR_TAB 2 FocusNode#cca8d([PRIMARY FOCUS])(context: Focus, PRIMARY FOCUS)
ERROR_TAB 3 FocusNode#b7e72([PRIMARY FOCUS])(context: Focus, PRIMARY FOCUS)
ERROR_TAB 4 FocusNode#b51cc([PRIMARY FOCUS])(context: Focus, PRIMARY FOCUS)
ERROR_TAB 5 FocusNode#633de([PRIMARY FOCUS])(context: Focus, PRIMARY FOCUS)
ERROR_TAB 6 FocusNode#7e52e(Buy envelopes [PRIMARY FOCUS])(context: Focus, PRIMARY FOCUS)
ERROR_TAB 7 FocusNode#7ee1d([PRIMARY FOCUS])(context: Focus, PRIMARY FOCUS)
ERROR_TAB 8 FocusNode#951e5([PRIMARY FOCUS])(context: Focus, PRIMARY FOCUS)
ERROR_TAB 9 FocusNode#cd86a(Water plants [PRIMARY FOCUS])(context: Focus, PRIMARY FOCUS)
ERROR_TAB 10 FocusNode#25343([PRIMARY FOCUS])(context: Focus, PRIMARY FOCUS)
ERROR_TAB 11 FocusNode#d6441([PRIMARY FOCUS])(context: Focus, PRIMARY FOCUS)
ERROR_TAB 12 FocusNode#7e52e(Buy envelopes [PRIMARY FOCUS])(context: Focus, PRIMARY FOCUS)
ERROR_TAB 13 FocusNode#7ee1d([PRIMARY FOCUS])(context: Focus, PRIMARY FOCUS)
ERROR_TAB 14 FocusNode#951e5([PRIMARY FOCUS])(context: Focus, PRIMARY FOCUS)
ERROR_TAB 15 FocusNode#cd86a(Water plants [PRIMARY FOCUS])(context: Focus, PRIMARY FOCUS)
ERROR_TAB 16 FocusNode#25343([PRIMARY FOCUS])(context: Focus, PRIMARY FOCUS)
ERROR_TAB 17 FocusNode#d6441([PRIMARY FOCUS])(context: Focus, PRIMARY FOCUS)
ERROR_TAB 18 FocusNode#7e52e(Buy envelopes [PRIMARY FOCUS])(context: Focus, PRIMARY FOCUS)
ERROR_TAB 19 FocusNode#7ee1d([PRIMARY FOCUS])(context: Focus, PRIMARY FOCUS)
ERROR_TAB 20 FocusNode#951e5([PRIMARY FOCUS])(context: Focus, PRIMARY FOCUS)
ERROR_TAB 21 FocusNode#cd86a(Water plants [PRIMARY FOCUS])(context: Focus, PRIMARY FOCUS)
ERROR_TAB 22 FocusNode#25343([PRIMARY FOCUS])(context: Focus, PRIMARY FOCUS)
ERROR_TAB 23 FocusNode#d6441([PRIMARY FOCUS])(context: Focus, PRIMARY FOCUS)
ERROR_TAB 24 FocusNode#7e52e(Buy envelopes [PRIMARY FOCUS])(context: Focus, PRIMARY FOCUS)
ERROR_TAB 25 FocusNode#7ee1d([PRIMARY FOCUS])(context: Focus, PRIMARY FOCUS)
ERROR_TAB 26 FocusNode#951e5([PRIMARY FOCUS])(context: Focus, PRIMARY FOCUS)
ERROR_TAB 27 FocusNode#cd86a(Water plants [PRIMARY FOCUS])(context: Focus, PRIMARY FOCUS)
ERROR_TAB 28 FocusNode#25343([PRIMARY FOCUS])(context: Focus, PRIMARY FOCUS)
ERROR_TAB 29 FocusNode#d6441([PRIMARY FOCUS])(context: Focus, PRIMARY FOCUS)
══╡ EXCEPTION CAUGHT BY FLUTTER TEST FRAMEWORK ╞════════════════════════════════════════════════════
The following TestFailure was thrown running a test:
Expected: true
  Actual: <false>
Error details reachable by Tab

When the exception was thrown, this was the stack:
#4      registerCompletionActionTests.<anonymous closure> (file:///tmp/tandemlog-food-implementation/integration_test/completion_actions_test.dart:182:9)
<asynchronous suspension>
#5      testWidgets.<anonymous closure>.<anonymous closure> (package:flutter_test/src/widget_tester.dart:192:15)
<asynchronous suspension>
#6      TestWidgetsFlutterBinding._runTestBody (package:flutter_test/src/binding.dart:1953:5)
<asynchronous suspension>
<asynchronous suspension>
(elided one frame from package:stack_trace)

This was caught by the test expectation on the following line:
  file:///tmp/tandemlog-food-implementation/integration_test/completion_actions_test.dart line 182
The test description was:
  historical v3 recurrence compatibility: checked completion, failed reopen and Undo
════════════════════════════════════════════════════════════════════════════════════════════════════
00:15 +0 -1: historical v3 recurrence compatibility: checked completion, failed reopen and Undo [E]
  Test failed. See exception logs above.
  The test description was: historical v3 recurrence compatibility: checked completion, failed reopen and Undo
  
00:15 +0 -1: (tearDownAll)
00:15 +0 -1: Some tests failed.

Failing tests:
  /tmp/tandemlog-food-implementation/integration_test/completion_actions_test.dart: historical v3 recurrence compatibility: checked completion, failed reopen and Undo
