00:00 +0: loading /tmp/tandemlog-food-date-readability/test/food_editor_keyboard_layout_test.dart
00:00 +0: (setUpAll)
00:00 +0: 320dp dark 2.0x editor 1 with IME/errors
══╡ EXCEPTION CAUGHT BY RENDERING LIBRARY ╞═════════════════════════════════════════════════════════
The following assertion was thrown during layout:
A RenderFlex overflowed by 30 pixels on the bottom.

The relevant error-causing widget was:
  Column Column:file:///tmp/tandemlog-food-date-readability/lib/food/food_page.dart:87:22

The overflowing RenderFlex has an orientation of Axis.vertical.
The edge of the RenderFlex that is overflowing has been marked in the rendering with a yellow and
black striped pattern. This is usually caused by the contents being too big for the RenderFlex.
Consider applying a flex factor (e.g. using an Expanded widget) to force the children of the
RenderFlex to fit within the available space instead of being sized to their natural size.
This is considered an error condition because it indicates that there is content that cannot be
seen. If the content is legitimately bigger than the available space, consider clipping it with a
ClipRect widget before putting it in the flex, or using a scrollable container rather than a Flex,
like a ListView.
The specific RenderFlex in question is: RenderFlex#db0ea relayoutBoundary=up4 OVERFLOWING:
  needs compositing
  creator: Column ← ConstrainedBox ← Center ← MediaQuery ← Padding ← SafeArea ←
    KeyedSubtree-[GlobalKey#d1b3b] ← _BodyBuilder ← MediaQuery ← LayoutId-[<_ScaffoldSlot.body>] ←
    CustomMultiChildLayout ← _ActionsScope ← ⋯
  parentData: <none> (can use size)
  constraints: BoxConstraints(0.0<=w<=320.0, 0.0<=h<=336.0)
  size: Size(320.0, 336.0)
  direction: vertical
  mainAxisAlignment: start
  mainAxisSize: max
  crossAxisAlignment: center
  verticalDirection: down
  spacing: 0.0
◢◤◢◤◢◤◢◤◢◤◢◤◢◤◢◤◢◤◢◤◢◤◢◤◢◤◢◤◢◤◢◤◢◤◢◤◢◤◢◤◢◤◢◤◢◤◢◤◢◤◢◤◢◤◢◤◢◤◢◤◢◤◢◤◢◤◢◤◢◤◢◤◢◤◢◤◢◤◢◤◢◤◢◤◢◤◢◤◢◤◢◤◢◤◢◤◢◤◢◤
════════════════════════════════════════════════════════════════════════════════════════════════════
══╡ EXCEPTION CAUGHT BY RENDERING LIBRARY ╞═════════════════════════════════════════════════════════
The following assertion was thrown during layout:
A RenderFlex overflowed by 32 pixels on the bottom.

The relevant error-causing widget was:
  AlertDialog AlertDialog:file:///tmp/tandemlog-food-date-readability/lib/food/food_page.dart:626:28

The overflowing RenderFlex has an orientation of Axis.vertical.
The edge of the RenderFlex that is overflowing has been marked in the rendering with a yellow and
black striped pattern. This is usually caused by the contents being too big for the RenderFlex.
Consider applying a flex factor (e.g. using an Expanded widget) to force the children of the
RenderFlex to fit within the available space instead of being sized to their natural size.
This is considered an error condition because it indicates that there is content that cannot be
seen. If the content is legitimately bigger than the available space, consider clipping it with a
ClipRect widget before putting it in the flex, or using a scrollable container rather than a Flex,
like a ListView.
The specific RenderFlex in question is: RenderFlex#f0a80 relayoutBoundary=up7 OVERFLOWING:
  creator: Column ← IntrinsicWidth ← Semantics ← DefaultTextStyle ← AnimatedDefaultTextStyle ←
    _InkFeatures-[GlobalKey#adf82 ink renderer] ← NotificationListener<LayoutChangedNotification> ←
    CustomPaint ← _ShapeBorderPaint ← PhysicalShape ← _MaterialInterior ← Material ← ⋯
  parentData: <none> (can use size)
  constraints: BoxConstraints(w=240.0, 0.0<=h<=288.0)
  size: Size(240.0, 288.0)
  direction: vertical
  mainAxisAlignment: start
  mainAxisSize: min
  crossAxisAlignment: stretch
  verticalDirection: down
  spacing: 0.0
◢◤◢◤◢◤◢◤◢◤◢◤◢◤◢◤◢◤◢◤◢◤◢◤◢◤◢◤◢◤◢◤◢◤◢◤◢◤◢◤◢◤◢◤◢◤◢◤◢◤◢◤◢◤◢◤◢◤◢◤◢◤◢◤◢◤◢◤◢◤◢◤◢◤◢◤◢◤◢◤◢◤◢◤◢◤◢◤◢◤◢◤◢◤◢◤◢◤◢◤
════════════════════════════════════════════════════════════════════════════════════════════════════
══╡ EXCEPTION CAUGHT BY FLUTTER TEST FRAMEWORK ╞════════════════════════════════════════════════════
The following TestFailure was thrown running a test:
Expected: null
  Actual: 'Multiple exceptions (2) were detected during the running of the current test, and at
least one was unexpected.'

When the exception was thrown, this was the stack:
#4      verifyFoodEditorKeyboardLayout (file:///tmp/tandemlog-food-date-readability/test/food_editor_keyboard_layout_test.dart:204:3)
<asynchronous suspension>
#5      main.<anonymous closure> (file:///tmp/tandemlog-food-date-readability/test/food_editor_keyboard_layout_test.dart:223:13)
<asynchronous suspension>
#6      testWidgets.<anonymous closure>.<anonymous closure> (package:flutter_test/src/widget_tester.dart:192:15)
<asynchronous suspension>
#7      TestWidgetsFlutterBinding._runTestBody (package:flutter_test/src/binding.dart:1953:5)
<asynchronous suspension>
<asynchronous suspension>
(elided one frame from package:stack_trace)

This was caught by the test expectation on the following line:
  file:///tmp/tandemlog-food-date-readability/test/food_editor_keyboard_layout_test.dart line 204
The test description was:
  320dp dark 2.0x editor 1 with IME/errors
════════════════════════════════════════════════════════════════════════════════════════════════════
00:02 +0 -1: 320dp dark 2.0x editor 1 with IME/errors [E]
  Test failed. See exception logs above.
  The test description was: 320dp dark 2.0x editor 1 with IME/errors
  
00:02 +0 -1: (tearDownAll)
00:02 +0 -1: Some tests failed.

Failing tests:
  /tmp/tandemlog-food-date-readability/test/food_editor_keyboard_layout_test.dart: 320dp dark 2.0x editor 1 with IME/errors
