00:00 +0: loading /tmp/food-ux-review/rc-delta/conflict_inspect_guard_test.dart
00:00 +0: latest Full conflict retains warning and Inspect dark 1.0x
══╡ EXCEPTION CAUGHT BY FLUTTER TEST FRAMEWORK ╞════════════════════════════════════════════════════
The following TestFailure was thrown running a test:
Expected: exactly one matching candidate
  Actual: _TextWidgetFinder:<Found 0 widgets with text "Observed alternatives: ½ full / Full": []>
   Which: means none were found but one was expected

When the exception was thrown, this was the stack:
#4      main.<anonymous closure> (file:///tmp/food-ux-review/rc-delta/conflict_inspect_guard_test.dart:102:9)
<asynchronous suspension>
#5      testWidgets.<anonymous closure>.<anonymous closure> (package:flutter_test/src/widget_tester.dart:192:15)
<asynchronous suspension>
#6      TestWidgetsFlutterBinding._runTestBody (package:flutter_test/src/binding.dart:1953:5)
<asynchronous suspension>
<asynchronous suspension>
(elided one frame from package:stack_trace)

This was caught by the test expectation on the following line:
  file:///tmp/food-ux-review/rc-delta/conflict_inspect_guard_test.dart line 102
The test description was:
  latest Full conflict retains warning and Inspect dark 1.0x
════════════════════════════════════════════════════════════════════════════════════════════════════
00:01 +0 -1: latest Full conflict retains warning and Inspect dark 1.0x [E]
  Test failed. See exception logs above.
  The test description was: latest Full conflict retains warning and Inspect dark 1.0x
  
00:01 +0 -1: latest Full conflict retains warning and Inspect dark 2.0x
══╡ EXCEPTION CAUGHT BY FLUTTER TEST FRAMEWORK ╞════════════════════════════════════════════════════
The following TestFailure was thrown running a test:
Expected: exactly one matching candidate
  Actual: _TextWidgetFinder:<Found 0 widgets with text "Observed alternatives: ½ full / Full": []>
   Which: means none were found but one was expected

When the exception was thrown, this was the stack:
#4      main.<anonymous closure> (file:///tmp/food-ux-review/rc-delta/conflict_inspect_guard_test.dart:102:9)
<asynchronous suspension>
#5      testWidgets.<anonymous closure>.<anonymous closure> (package:flutter_test/src/widget_tester.dart:192:15)
<asynchronous suspension>
#6      TestWidgetsFlutterBinding._runTestBody (package:flutter_test/src/binding.dart:1953:5)
<asynchronous suspension>
<asynchronous suspension>
(elided one frame from package:stack_trace)

This was caught by the test expectation on the following line:
  file:///tmp/food-ux-review/rc-delta/conflict_inspect_guard_test.dart line 102
The test description was:
  latest Full conflict retains warning and Inspect dark 2.0x
════════════════════════════════════════════════════════════════════════════════════════════════════
00:01 +0 -2: latest Full conflict retains warning and Inspect dark 2.0x [E]
  Test failed. See exception logs above.
  The test description was: latest Full conflict retains warning and Inspect dark 2.0x
  
00:01 +0 -2: latest Full conflict retains warning and Inspect light 1.0x
══╡ EXCEPTION CAUGHT BY FLUTTER TEST FRAMEWORK ╞════════════════════════════════════════════════════
The following TestFailure was thrown running a test:
Expected: exactly one matching candidate
  Actual: _TextWidgetFinder:<Found 0 widgets with text "Observed alternatives: ½ full / Full": []>
   Which: means none were found but one was expected

When the exception was thrown, this was the stack:
#4      main.<anonymous closure> (file:///tmp/food-ux-review/rc-delta/conflict_inspect_guard_test.dart:102:9)
<asynchronous suspension>
#5      testWidgets.<anonymous closure>.<anonymous closure> (package:flutter_test/src/widget_tester.dart:192:15)
<asynchronous suspension>
#6      TestWidgetsFlutterBinding._runTestBody (package:flutter_test/src/binding.dart:1953:5)
<asynchronous suspension>
<asynchronous suspension>
(elided one frame from package:stack_trace)

This was caught by the test expectation on the following line:
  file:///tmp/food-ux-review/rc-delta/conflict_inspect_guard_test.dart line 102
The test description was:
  latest Full conflict retains warning and Inspect light 1.0x
════════════════════════════════════════════════════════════════════════════════════════════════════
00:02 +0 -3: latest Full conflict retains warning and Inspect light 1.0x [E]
  Test failed. See exception logs above.
  The test description was: latest Full conflict retains warning and Inspect light 1.0x
  
00:02 +0 -3: latest Full conflict retains warning and Inspect light 2.0x
══╡ EXCEPTION CAUGHT BY FLUTTER TEST FRAMEWORK ╞════════════════════════════════════════════════════
The following TestFailure was thrown running a test:
Expected: exactly one matching candidate
  Actual: _TextWidgetFinder:<Found 0 widgets with text "Observed alternatives: ½ full / Full": []>
   Which: means none were found but one was expected

When the exception was thrown, this was the stack:
#4      main.<anonymous closure> (file:///tmp/food-ux-review/rc-delta/conflict_inspect_guard_test.dart:102:9)
<asynchronous suspension>
#5      testWidgets.<anonymous closure>.<anonymous closure> (package:flutter_test/src/widget_tester.dart:192:15)
<asynchronous suspension>
#6      TestWidgetsFlutterBinding._runTestBody (package:flutter_test/src/binding.dart:1953:5)
<asynchronous suspension>
<asynchronous suspension>
(elided one frame from package:stack_trace)

This was caught by the test expectation on the following line:
  file:///tmp/food-ux-review/rc-delta/conflict_inspect_guard_test.dart line 102
The test description was:
  latest Full conflict retains warning and Inspect light 2.0x
════════════════════════════════════════════════════════════════════════════════════════════════════
00:02 +0 -4: latest Full conflict retains warning and Inspect light 2.0x [E]
  Test failed. See exception logs above.
  The test description was: latest Full conflict retains warning and Inspect light 2.0x
  
00:02 +0 -4: Some tests failed.

Failing tests:
  /tmp/food-ux-review/rc-delta/conflict_inspect_guard_test.dart: latest Full conflict retains warning and Inspect dark 1.0x
  /tmp/food-ux-review/rc-delta/conflict_inspect_guard_test.dart: latest Full conflict retains warning and Inspect dark 2.0x
  /tmp/food-ux-review/rc-delta/conflict_inspect_guard_test.dart: latest Full conflict retains warning and Inspect light 1.0x
  /tmp/food-ux-review/rc-delta/conflict_inspect_guard_test.dart: latest Full conflict retains warning and Inspect light 2.0x
