00:00 +0: loading /tmp/tandemlog-food-density-before-source/density_before_test.dart
00:00 +0: dense collapsed rows preserve targets in both themes and enlarged text
══╡ EXCEPTION CAUGHT BY FLUTTER TEST FRAMEWORK ╞════════════════════════════════════════════════════
The following TestFailure was thrown running a test:
Expected: <0>
  Actual: <1>

When the exception was thrown, this was the stack:
#4      capture (file:///tmp/tandemlog-food-implementation/integration_test/food_preview_workflow_test.dart:95:3)
<asynchronous suspension>
#5      main.<anonymous closure> (file:///tmp/tandemlog-food-density-before-source/density_before_test.dart:62:7)
<asynchronous suspension>
#6      testWidgets.<anonymous closure>.<anonymous closure> (package:flutter_test/src/widget_tester.dart:192:15)
<asynchronous suspension>
#7      TestWidgetsFlutterBinding._runTestBody (package:flutter_test/src/binding.dart:1953:5)
<asynchronous suspension>
<asynchronous suspension>
(elided one frame from package:stack_trace)

This was caught by the test expectation on the following line:
  file:///tmp/tandemlog-food-implementation/integration_test/food_preview_workflow_test.dart line 95
The test description was:
  dense collapsed rows preserve targets in both themes and enlarged text
════════════════════════════════════════════════════════════════════════════════════════════════════
00:01 +0 -1: dense collapsed rows preserve targets in both themes and enlarged text [E]
  Test failed. See exception logs above.
  The test description was: dense collapsed rows preserve targets in both themes and enlarged text
  
00:01 +0 -1: (tearDownAll)
Warning: integration_test plugin was not detected.

If you're running the tests with `flutter drive`, please make sure your tests
are in the `integration_test/` directory of your package and use
`flutter test $path_to_test` to run it instead.

If you're running the tests with Android instrumentation or XCTest, this means
that you are not capturing test results properly! See the following link for
how to set up the integration_test plugin:

https://docs.flutter.dev/testing/integration-tests

00:01 +0 -1: Some tests failed.

Failing tests:
  /tmp/tandemlog-food-density-before-source/density_before_test.dart: dense collapsed rows preserve targets in both themes and enlarged text
