00:00 +0: loading /tmp/tandemlog-food-implementation/test/food_store_test.dart
00:00 +0: /tmp/tandemlog-food-implementation/test/food_store_test.dart: malformed Food disables only Food and existing Tasks remain writable
00:00 +1: /tmp/tandemlog-food-implementation/test/food_store_test.dart: malformed Food disables only Food and existing Tasks remain writable
00:00 +2: /tmp/tandemlog-food-implementation/test/food_store_test.dart: malformed Food disables only Food and existing Tasks remain writable
00:00 +3: /tmp/tandemlog-food-implementation/test/food_store_test.dart: malformed Food disables only Food and existing Tasks remain writable
00:00 +4: /tmp/tandemlog-food-implementation/test/local_profile_database_test.dart: OS exclusion survives commit and process death
00:00 +5: /tmp/tandemlog-food-implementation/test/local_profile_database_test.dart: OS exclusion survives commit and process death
00:00 +6: /tmp/tandemlog-food-implementation/test/local_profile_database_test.dart: OS exclusion survives commit and process death
00:00 +7: /tmp/tandemlog-food-implementation/test/local_profile_database_test.dart: OS exclusion survives commit and process death
00:00 +8: /tmp/tandemlog-food-implementation/test/local_profile_database_test.dart: OS exclusion survives commit and process death
00:00 +9: /tmp/tandemlog-food-implementation/test/local_profile_database_test.dart: OS exclusion survives commit and process death
00:00 +10: /tmp/tandemlog-food-implementation/test/local_profile_database_test.dart: OS exclusion survives commit and process death
00:00 +11: /tmp/tandemlog-food-implementation/test/local_profile_database_test.dart: OS exclusion survives commit and process death
00:00 +12: /tmp/tandemlog-food-implementation/test/local_profile_database_test.dart: OS exclusion survives commit and process death
00:00 +13: /tmp/tandemlog-food-implementation/test/local_profile_database_test.dart: OS exclusion survives commit and process death
00:00 +14: /tmp/tandemlog-food-implementation/test/local_profile_database_test.dart: OS exclusion survives commit and process death
00:00 +15: /tmp/tandemlog-food-implementation/test/local_profile_database_test.dart: OS exclusion survives commit and process death
00:00 +16: /tmp/tandemlog-food-implementation/test/local_profile_database_test.dart: OS exclusion survives commit and process death
00:00 +17: /tmp/tandemlog-food-implementation/test/local_profile_database_test.dart: OS exclusion survives commit and process death
00:00 +18: /tmp/tandemlog-food-implementation/test/local_profile_database_test.dart: OS exclusion survives commit and process death
00:01 +19: /tmp/tandemlog-food-implementation/test/local_profile_database_test.dart: OS exclusion survives commit and process death
00:01 +20: /tmp/tandemlog-food-implementation/test/food_profile_upgrade_test.dart: weakened released authority prevents any schema3 creation
00:01 +21: /tmp/tandemlog-food-implementation/test/local_profile_database_test.dart: OS exclusion survives rollback and process death
00:01 +22: /tmp/tandemlog-food-implementation/test/local_profile_database_test.dart: OS exclusion survives rollback and process death
00:02 +23: /tmp/tandemlog-food-implementation/test/local_profile_database_test.dart: OS exclusion survives uncommitted and process death
00:04 +24: /tmp/tandemlog-food-implementation/test/local_profile_database_test.dart: independent profiles can own DBs concurrently; this is not a workspace lease
00:04 +25: /tmp/tandemlog-food-implementation/test/local_profile_database_test.dart: missing protected_writer_guards fails closed instead of recreating safety authority
00:04 +26: /tmp/tandemlog-food-implementation/test/local_profile_database_test.dart: missing protected_text_intents fails closed instead of recreating safety authority
00:04 +27: /tmp/tandemlog-food-implementation/test/local_profile_database_test.dart: weakened protected schema fails closed despite matching columns
00:04 +28: /tmp/tandemlog-food-implementation/test/local_profile_database_test.dart: exact frozen unpublished v1 upgrades without resetting identity
00:04 +29: All tests passed!
