00:00 +0: loading /tmp/tandemlog-food-date-readability/test/food_expiry_guidance_test.dart
00:00 +0: (setUpAll)
00:00 +0: 320dp dark 2.0x date guidance and saving
══╡ EXCEPTION CAUGHT BY FLUTTER TEST FRAMEWORK ╞════════════════════════════════════════════════════
The following TestFailure was thrown running a test:
Expected: false
  Actual: <true>
YYYY-MM-DD must remain readable without reducing text size

When the exception was thrown, this was the stack:
#4      expectUntruncatedGuidance (file:///tmp/tandemlog-food-date-readability/test/food_expiry_guidance_test.dart:25:5)
#5      verifyExpiryGuidanceWorkflow (file:///tmp/tandemlog-food-date-readability/test/food_expiry_guidance_test.dart:91:3)
<asynchronous suspension>
#6      main.<anonymous closure> (file:///tmp/tandemlog-food-date-readability/test/food_expiry_guidance_test.dart:192:11)
<asynchronous suspension>
#7      testWidgets.<anonymous closure>.<anonymous closure> (package:flutter_test/src/widget_tester.dart:192:15)
<asynchronous suspension>
#8      TestWidgetsFlutterBinding._runTestBody (package:flutter_test/src/binding.dart:1953:5)
<asynchronous suspension>
<asynchronous suspension>
(elided one frame from package:stack_trace)

This was caught by the test expectation on the following line:
  file:///tmp/tandemlog-food-date-readability/test/food_expiry_guidance_test.dart line 25
The test description was:
  320dp dark 2.0x date guidance and saving
════════════════════════════════════════════════════════════════════════════════════════════════════
00:01 +0 -1: 320dp dark 2.0x date guidance and saving [E]
  Test failed. See exception logs above.
  The test description was: 320dp dark 2.0x date guidance and saving
  
00:01 +0 -1: 320dp light 2.0x date guidance and saving
══╡ EXCEPTION CAUGHT BY FLUTTER TEST FRAMEWORK ╞════════════════════════════════════════════════════
The following TestFailure was thrown running a test:
Expected: false
  Actual: <true>
YYYY-MM-DD must remain readable without reducing text size

When the exception was thrown, this was the stack:
#4      expectUntruncatedGuidance (file:///tmp/tandemlog-food-date-readability/test/food_expiry_guidance_test.dart:25:5)
#5      verifyExpiryGuidanceWorkflow (file:///tmp/tandemlog-food-date-readability/test/food_expiry_guidance_test.dart:91:3)
<asynchronous suspension>
#6      main.<anonymous closure> (file:///tmp/tandemlog-food-date-readability/test/food_expiry_guidance_test.dart:192:11)
<asynchronous suspension>
#7      testWidgets.<anonymous closure>.<anonymous closure> (package:flutter_test/src/widget_tester.dart:192:15)
<asynchronous suspension>
#8      TestWidgetsFlutterBinding._runTestBody (package:flutter_test/src/binding.dart:1953:5)
<asynchronous suspension>
<asynchronous suspension>
(elided one frame from package:stack_trace)

This was caught by the test expectation on the following line:
  file:///tmp/tandemlog-food-date-readability/test/food_expiry_guidance_test.dart line 25
The test description was:
  320dp light 2.0x date guidance and saving
════════════════════════════════════════════════════════════════════════════════════════════════════
00:02 +0 -2: 320dp light 2.0x date guidance and saving [E]
  Test failed. See exception logs above.
  The test description was: 320dp light 2.0x date guidance and saving
  
00:02 +0 -2: (tearDownAll)
00:02 +0 -2: Some tests failed.

Failing tests:
  /tmp/tandemlog-food-date-readability/test/food_expiry_guidance_test.dart: 320dp dark 2.0x date guidance and saving
  /tmp/tandemlog-food-date-readability/test/food_expiry_guidance_test.dart: 320dp light 2.0x date guidance and saving
