Resolving dependencies...
Downloading packages...
  code_assets 1.2.1 (2.1.0 available)
  cross_file 0.3.5+5 (0.4.0 available)
  jni 1.0.3 (1.1.0 available)
  jni_flutter 1.0.3 (1.0.4+1 available)
  material_color_utilities 0.13.0 (0.13.1 available)
  native_toolchain_c 0.19.3 (0.19.5 available)
  objective_c 9.5.0 (9.6.2 available)
  test_api 0.7.12 (0.7.14 available)
  url_launcher 6.3.2 (6.3.3 available)
  vector_math 2.4.0 (2.4.3 available)
Got dependencies!
10 packages have newer versions incompatible with dependency constraints.
Try `flutter pub outdated` for more information.
00:00 +0: loading /workspace/tandemlog-checklist-ui-fix/integration_test/checklist_disclosure_layout_test.dart
Building Linux application...                                   
warning: unused imports: `BlockRange` and `Block`
warning: unused import: `Block`
warning: unused import: `ItemContent`
warning: unused imports: `SmallVec` and `smallvec`
warning: unused import: `crate::utils::OptionExt`
warning: value assigned to `left` is never read
warning: unused variable: `ptr`
warning: unused variable: `ptr`
warning: variable does not need to be mutable
warning: variable does not need to be mutable
warning: unused variable: `clear_undo`
warning: unused variable: `clear_redo`
warning: method `as_item` is never used
warning: methods `last_id`, `is_item`, and `is_gc` are never used
warning: method `delete_as_cleanup` is never used
warning: method `integrate` is never used
warning: method `contains` is never used
warning: constant `WEAK_REF_FLAGS_QUOTE` is never used
warning: constant `WEAK_REF_FLAGS_START_ASSOC` is never used
warning: constant `WEAK_REF_FLAGS_END_ASSOC` is never used
warning: constant `WEAK_REF_FLAGS_START_UNBOUNDED` is never used
warning: constant `WEAK_REF_FLAGS_END_UNBOUNDED` is never used
warning: constant `WEAK_REF_FLAGS_PARENT_ROOT` is never used
warning: field `txn` is never read
warning: method `as_id_set` is never used
warning: associated functions `next_target` and `return_stack` are never used
warning: methods `forward`, `backward`, and `values` are never used
warning: struct `Values` is never constructed
warning: associated function `new` is never used
warning: method `remove_at` is never used
warning: method `inner_mut` is never used
warning: trait `BlockIterator` is never used
warning: trait `BlockSliceIterator` is never used
warning: struct `RangeIter` is never constructed
warning: associated items `new` and `begin` are never used
warning: enum `RangeIterState` is never used
warning: struct `Values` is never constructed
warning: associated function `new` is never used
warning: field `txn` is never read
warning: methods `adjacent`, `contains_id`, `right`, and `left` are never used
warning: methods `within_range` and `get_item` are never used
warning: hiding a lifetime that's elided elsewhere is confusing
warning: hiding a lifetime that's elided elsewhere is confusing
warning: hiding a lifetime that's elided elsewhere is confusing
warning: hiding a lifetime that's elided elsewhere is confusing
warning: hiding a lifetime that's elided elsewhere is confusing
warning: hiding a lifetime that's elided elsewhere is confusing
warning: hiding a lifetime that's elided elsewhere is confusing
warning: hiding a lifetime that's elided elsewhere is confusing
warning: hiding a lifetime that's elided elsewhere is confusing
warning: hiding a lifetime that's elided elsewhere is confusing
warning: hiding a lifetime that's elided elsewhere is confusing
warning: hiding a lifetime that's elided elsewhere is confusing
warning: hiding a lifetime that's elided elsewhere is confusing
warning: hiding a lifetime that's elided elsewhere is confusing
warning: hiding a lifetime that's elided elsewhere is confusing
warning: hiding a lifetime that's elided elsewhere is confusing
warning: hiding a lifetime that's elided elsewhere is confusing
warning: `yrs` (lib) generated 58 warnings (run `cargo fix --lib -p yrs` to apply 27 suggestions)
✓ Built build/linux/x64/debug/bundle/tandemlog
00:00 +0: disclosure bottom spacing and ink retain compact row geometry
TANDEMLOG_FIRST_FRAME_MS=434
TANDEMLOG_PHASE identity_lock=12
TANDEMLOG_PHASE sqlite_open_schema=19
TANDEMLOG_PHASE manifest=12
TANDEMLOG_PHASE ingest=205
TANDEMLOG_ROWS {"query_ms":0,"decode_ms":0,"sort_ms":0}
TANDEMLOG_READY_MS=1177 FILES_READ=1
DISCLOSURE_LAYOUT width=1200.0 scale=1.0 secondary=true ordinaryBottom=12.0 disclosureBottom=26.0 body=Rect.fromLTRB(68.0, 384.0, 333.6, 432.0) target=Rect.fromLTRB(68.0, 432.0, 116.0, 480.0) count=Rect.fromLTRB(94.0, 434.0, 115.5, 454.0) shape=null
DISCLOSURE_LAYOUT width=1200.0 scale=1.0 secondary=false ordinaryBottom=12.0 disclosureBottom=26.0 body=Rect.fromLTRB(68.0, 198.0, 273.8, 246.0) target=Rect.fromLTRB(68.0, 246.0, 116.0, 294.0) count=Rect.fromLTRB(94.0, 248.0, 115.5, 268.0) shape=null
DISCLOSURE_LAYOUT width=390.0 scale=1.0 secondary=true ordinaryBottom=6.0 disclosureBottom=26.0 body=Rect.fromLTRB(52.0, 384.0, 257.8, 436.0) target=Rect.fromLTRB(52.0, 436.0, 100.0, 484.0) count=Rect.fromLTRB(78.0, 438.0, 99.5, 458.0) shape=null
DISCLOSURE_LAYOUT width=390.0 scale=1.0 secondary=false ordinaryBottom=12.0 disclosureBottom=26.0 body=Rect.fromLTRB(52.0, 198.0, 257.8, 246.0) target=Rect.fromLTRB(52.0, 246.0, 100.0, 294.0) count=Rect.fromLTRB(78.0, 248.0, 99.5, 268.0) shape=null
DISCLOSURE_LAYOUT width=390.0 scale=2.0 secondary=true ordinaryBottom=6.0 disclosureBottom=6.0 body=Rect.fromLTRB(52.0, 578.0, 290.0, 722.0) target=Rect.fromLTRB(52.0, 722.0, 120.7, 770.0) count=Rect.fromLTRB(78.0, 724.0, 120.7, 764.0) shape=null
DISCLOSURE_LAYOUT width=390.0 scale=2.0 secondary=false ordinaryBottom=6.0 disclosureBottom=6.0 body=Rect.fromLTRB(52.0, 258.0, 290.0, 360.0) target=Rect.fromLTRB(52.0, 360.0, 120.7, 408.0) count=Rect.fromLTRB(78.0, 362.0, 120.7, 402.0) shape=null
══╡ EXCEPTION CAUGHT BY FLUTTER TEST FRAMEWORK ╞════════════════════════════════════════════════════
The following TestFailure was thrown running a test:
Expected: a numeric value within <0.01> of <12.0>
  Actual: <26.0>
   Which:  differs by <14.0>
Disclosure matches comparable ordinary text bottom clearance.

When the exception was thrown, this was the stack:
#4      main.<anonymous closure> (file:///workspace/tandemlog-checklist-ui-fix/integration_test/checklist_disclosure_layout_test.dart:123:9)
<asynchronous suspension>
#5      testWidgets.<anonymous closure>.<anonymous closure> (package:flutter_test/src/widget_tester.dart:192:15)
<asynchronous suspension>
#6      TestWidgetsFlutterBinding._runTestBody (package:flutter_test/src/binding.dart:1953:5)
<asynchronous suspension>
<asynchronous suspension>
(elided one frame from package:stack_trace)

This was caught by the test expectation on the following line:
  file:///workspace/tandemlog-checklist-ui-fix/integration_test/checklist_disclosure_layout_test.dart line 123
The test description was:
  disclosure bottom spacing and ink retain compact row geometry
════════════════════════════════════════════════════════════════════════════════════════════════════
00:12 +0 -1: disclosure bottom spacing and ink retain compact row geometry [E]
  Test failed. See exception logs above.
  The test description was: disclosure bottom spacing and ink retain compact row geometry
  
00:12 +0 -1: (tearDownAll)
00:12 +0 -1: Some tests failed.

Failing tests:
  /workspace/tandemlog-checklist-ui-fix/integration_test/checklist_disclosure_layout_test.dart: disclosure bottom spacing and ink retain compact row geometry
