Resolving dependencies...
Downloading packages...
  code_assets 1.2.1 (2.1.0 available)
  cross_file 0.3.5+5 (0.4.0 available)
  jni 1.0.3 (1.1.0 available)
  jni_flutter 1.0.3 (1.0.4+1 available)
  material_color_utilities 0.13.0 (0.13.1 available)
  native_toolchain_c 0.19.3 (0.19.5 available)
  objective_c 9.5.0 (9.6.2 available)
  test_api 0.7.12 (0.7.14 available)
  url_launcher 6.3.2 (6.3.3 available)
  vector_math 2.4.0 (2.4.3 available)
Got dependencies!
10 packages have newer versions incompatible with dependency constraints.
Try `flutter pub outdated` for more information.
00:00 +0: loading /workspace/tandemlog-checklist-ui-fix/integration_test/checklist_disclosure_layout_test.dart
Building Linux application...                                   
warning: unused imports: `BlockRange` and `Block`
warning: unused import: `Block`
warning: unused import: `ItemContent`
warning: unused imports: `SmallVec` and `smallvec`
warning: unused import: `crate::utils::OptionExt`
warning: value assigned to `left` is never read
warning: unused variable: `ptr`
warning: unused variable: `ptr`
warning: variable does not need to be mutable
warning: variable does not need to be mutable
warning: unused variable: `clear_undo`
warning: unused variable: `clear_redo`
warning: method `as_item` is never used
warning: methods `last_id`, `is_item`, and `is_gc` are never used
warning: method `delete_as_cleanup` is never used
warning: method `integrate` is never used
warning: method `contains` is never used
warning: constant `WEAK_REF_FLAGS_QUOTE` is never used
warning: constant `WEAK_REF_FLAGS_START_ASSOC` is never used
warning: constant `WEAK_REF_FLAGS_END_ASSOC` is never used
warning: constant `WEAK_REF_FLAGS_START_UNBOUNDED` is never used
warning: constant `WEAK_REF_FLAGS_END_UNBOUNDED` is never used
warning: constant `WEAK_REF_FLAGS_PARENT_ROOT` is never used
warning: field `txn` is never read
warning: method `as_id_set` is never used
warning: associated functions `next_target` and `return_stack` are never used
warning: methods `forward`, `backward`, and `values` are never used
warning: struct `Values` is never constructed
warning: associated function `new` is never used
warning: method `remove_at` is never used
warning: method `inner_mut` is never used
warning: trait `BlockIterator` is never used
warning: trait `BlockSliceIterator` is never used
warning: struct `RangeIter` is never constructed
warning: associated items `new` and `begin` are never used
warning: enum `RangeIterState` is never used
warning: struct `Values` is never constructed
warning: associated function `new` is never used
warning: field `txn` is never read
warning: methods `adjacent`, `contains_id`, `right`, and `left` are never used
warning: methods `within_range` and `get_item` are never used
warning: hiding a lifetime that's elided elsewhere is confusing
warning: hiding a lifetime that's elided elsewhere is confusing
warning: hiding a lifetime that's elided elsewhere is confusing
warning: hiding a lifetime that's elided elsewhere is confusing
warning: hiding a lifetime that's elided elsewhere is confusing
warning: hiding a lifetime that's elided elsewhere is confusing
warning: hiding a lifetime that's elided elsewhere is confusing
warning: hiding a lifetime that's elided elsewhere is confusing
warning: hiding a lifetime that's elided elsewhere is confusing
warning: hiding a lifetime that's elided elsewhere is confusing
warning: hiding a lifetime that's elided elsewhere is confusing
warning: hiding a lifetime that's elided elsewhere is confusing
warning: hiding a lifetime that's elided elsewhere is confusing
warning: hiding a lifetime that's elided elsewhere is confusing
warning: hiding a lifetime that's elided elsewhere is confusing
warning: hiding a lifetime that's elided elsewhere is confusing
warning: hiding a lifetime that's elided elsewhere is confusing
warning: `yrs` (lib) generated 58 warnings (run `cargo fix --lib -p yrs` to apply 27 suggestions)
✓ Built build/linux/x64/debug/bundle/tandemlog
00:00 +0: disclosure bottom spacing and ink retain compact row geometry
TANDEMLOG_FIRST_FRAME_MS=403
TANDEMLOG_PHASE identity_lock=12
TANDEMLOG_PHASE sqlite_open_schema=17
TANDEMLOG_PHASE manifest=6
TANDEMLOG_PHASE ingest=193
TANDEMLOG_ROWS {"query_ms":0,"decode_ms":0,"sort_ms":0}
TANDEMLOG_READY_MS=1121 FILES_READ=1
DISCLOSURE_LAYOUT width=1200.0 scale=1.0 secondary=true ordinaryBottom=6.0 disclosureBottom=6.0 body=Rect.fromLTRB(68.0, 315.0, 333.6, 365.0) target=Rect.fromLTRB(68.0, 365.0, 116.0, 393.0) count=Rect.fromLTRB(81.0, 367.0, 102.5, 387.0) shape=ChecklistDisclosureInkBorder()
DISCLOSURE_LAYOUT width=1200.0 scale=1.0 secondary=false ordinaryBottom=6.0 disclosureBottom=6.0 body=Rect.fromLTRB(68.0, 198.0, 273.8, 246.0) target=Rect.fromLTRB(68.0, 246.0, 116.0, 274.0) count=Rect.fromLTRB(81.0, 248.0, 102.5, 268.0) shape=ChecklistDisclosureInkBorder()
DISCLOSURE_LAYOUT width=1200.0 scale=2.0 secondary=true ordinaryBottom=6.0 disclosureBottom=6.0 body=Rect.fromLTRB(68.0, 429.0, 574.8, 523.0) target=Rect.fromLTRB(68.0, 523.0, 123.7, 571.0) count=Rect.fromLTRB(81.0, 525.0, 123.7, 565.0) shape=ChecklistDisclosureInkBorder()
DISCLOSURE_LAYOUT width=1200.0 scale=2.0 secondary=false ordinaryBottom=6.0 disclosureBottom=6.0 body=Rect.fromLTRB(68.0, 266.0, 468.7, 320.0) target=Rect.fromLTRB(68.0, 320.0, 123.7, 368.0) count=Rect.fromLTRB(81.0, 322.0, 123.7, 362.0) shape=ChecklistDisclosureInkBorder()
DISCLOSURE_LAYOUT width=390.0 scale=1.0 secondary=true ordinaryBottom=6.0 disclosureBottom=6.0 body=Rect.fromLTRB(52.0, 315.0, 257.8, 387.0) target=Rect.fromLTRB(52.0, 387.0, 100.0, 415.0) count=Rect.fromLTRB(65.0, 389.0, 86.5, 409.0) shape=ChecklistDisclosureInkBorder()
DISCLOSURE_LAYOUT width=390.0 scale=1.0 secondary=false ordinaryBottom=6.0 disclosureBottom=6.0 body=Rect.fromLTRB(52.0, 198.0, 257.8, 246.0) target=Rect.fromLTRB(52.0, 246.0, 100.0, 274.0) count=Rect.fromLTRB(65.0, 248.0, 86.5, 268.0) shape=ChecklistDisclosureInkBorder()
DISCLOSURE_LAYOUT width=390.0 scale=2.0 secondary=true ordinaryBottom=6.0 disclosureBottom=6.0 body=Rect.fromLTRB(52.0, 419.0, 290.0, 603.0) target=Rect.fromLTRB(52.0, 603.0, 107.7, 651.0) count=Rect.fromLTRB(65.0, 605.0, 107.7, 645.0) shape=ChecklistDisclosureInkBorder()
DISCLOSURE_LAYOUT width=390.0 scale=2.0 secondary=false ordinaryBottom=6.0 disclosureBottom=6.0 body=Rect.fromLTRB(52.0, 258.0, 290.0, 360.0) target=Rect.fromLTRB(52.0, 360.0, 107.7, 408.0) count=Rect.fromLTRB(65.0, 362.0, 107.7, 402.0) shape=ChecklistDisclosureInkBorder()
00:30 +1: (tearDownAll)
00:30 +1: All tests passed!
