Resolving dependencies...
Downloading packages...
  code_assets 1.2.1 (2.1.0 available)
  cross_file 0.3.5+5 (0.4.0 available)
  jni 1.0.3 (1.1.0 available)
  jni_flutter 1.0.3 (1.0.4+1 available)
  material_color_utilities 0.13.0 (0.13.1 available)
  native_toolchain_c 0.19.3 (0.19.5 available)
  objective_c 9.5.0 (9.6.2 available)
  test_api 0.7.12 (0.7.14 available)
  url_launcher 6.3.2 (6.3.3 available)
  vector_math 2.4.0 (2.4.3 available)
Got dependencies!
10 packages have newer versions incompatible with dependency constraints.
Try `flutter pub outdated` for more information.
00:00 +0: loading /tmp/food-correctness-review/durable/empty_stream_capacity_test.dart
00:00 +0: empty stream files count toward admission cap before first append
00:00 +0 -1: empty stream files count toward admission cap before first append [E]
  Expected: empty
    Actual: [
              [
                123,
                34,
                99,
                108,
                111,
                99,
                107,
                34,
                58,
                34,
                49,
                55,
                57,
                49,
                53,
                57,
                56,
                48,
                54,
                48,
                51,
                50,
                52,
                56,
                ...
              ]
            ]
  
  package:matcher                                                          expect
  package:flutter_test/src/widget_tester.dart 473:18                       expect
  ../food-correctness-review/durable/empty_stream_capacity_test.dart 50:2  main.<fn>
  
00:00 +0 -1: Some tests failed.

Failing tests:
  /tmp/food-correctness-review/durable/empty_stream_capacity_test.dart: empty stream files count toward admission cap before first append
