00:00 +0: loading /tmp/food-correctness-review/durable/initialization_failure_test.dart
00:00 +0: initialized first pending append cannot lose both guard and receipt
00:00 +1: isolated malformed remote history cannot mask lost protected first-pending authority
00:00 +1 -1: isolated malformed remote history cannot mask lost protected first-pending authority [E]
  Expected: throws <Instance of 'FormatException'> with `isolated history`: <false>
    Actual: <Instance of 'Future<FoodStore>'>
     Which: threw FoodHistoryFailure:<FormatException: Unexpected character>
            stack package:tandemlog/food/food_store.dart 260:7                              FoodStore._refresh
                  ===== asynchronous gap ===========================
                  package:matcher                                                           expectLater
                  package:flutter_test/src/widget_tester.dart 507:8                         expectLater
                  ../food-correctness-review/durable/initialization_failure_test.dart 61:8  main.<fn>
                  ===== asynchronous gap ===========================
                  dart:async                                                                _CustomZone.registerUnaryCallback
                  ../food-correctness-review/durable/initialization_failure_test.dart 54:8  main.<fn>
                  
            which has `isolated history` with value <true>
  
  package:matcher                                                           expectLater
  package:flutter_test/src/widget_tester.dart 507:8                         expectLater
  ../food-correctness-review/durable/initialization_failure_test.dart 61:8  main.<fn>
  ===== asynchronous gap ===========================
  dart:async                                                                _CustomZone.registerUnaryCallback
  ../food-correctness-review/durable/initialization_failure_test.dart 54:8  main.<fn>
  
00:00 +1 -1: Some tests failed.

Failing tests:
  /tmp/food-correctness-review/durable/initialization_failure_test.dart: isolated malformed remote history cannot mask lost protected first-pending authority
